<html>
<body>
<pre>
<h1>µVision Build Log</h1>
<h2>Project:</h2>
C:\Documents and Settings\Alex\Desktop\pion\project\Main_project.uvproj
Project File Date:  03/04/2015

<h2>Output:</h2>
Build target 'STM32'
compiling main.c...
main.c(57): warning:  #520-D: initialization with "{...}" expected for aggregate object
main.c(58): warning:  #520-D: initialization with "{...}" expected for aggregate object
main.c(59): warning:  #188-D: enumerated type mixed with another type
main.c(60): warning:  #520-D: initialization with "{...}" expected for aggregate object
main.c(455): warning:  #223-D: function "rod_create_files" declared implicitly
main.c(436): warning:  #177-D: variable "pFile" was declared but never referenced
main.c(811): warning:  #223-D: function "MakeTIK" declared implicitly
main.c(731): warning:  #550-D: variable "pRFile" was set but never used
main.c(734): warning:  #177-D: variable "Number" was declared but never referenced
main.c(734): warning:  #177-D: variable "Num" was declared but never referenced
compiling stm32f10x_it.c...
compiling wav.c...
wav.c(25): warning:  #111-D: statement is unreachable
wav.c(68): warning:  #111-D: statement is unreachable
wav.c(75): warning:  #177-D: variable "str" was declared but never referenced
compiling IIR.c...
IIR.c(100): warning:  #223-D: function "lrint" declared implicitly
IIR.c(129): warning:  #223-D: function "lrint" declared implicitly
compiling ADC.c...
compiling Flash.c...
compiling FM25V10.c...
compiling EXT_ADC.c...
EXT_ADC.c(862): warning:  #1166-D: returning pointer to local variable
EXT_ADC.c(871): warning:  #177-D: variable "rr" was declared but never referenced
compiling Keyboard.c...
compiling Params.c...
compiling Reg.c...
Reg.c(12): warning:  #177-D: variable "data" was declared but never referenced
compiling RealTime.c...
compiling FLASH_AT45DB.c...
FLASH_AT45DB.c(207): warning: C3017W: status may be used before being set
compiling Road.c...
Road.c(129): warning:  #225-D: the format string ends before this argument
Road.c(94): warning:  #177-D: variable "j" was declared but never referenced
compiling fft_calc.c...
fft_calc.c(139): warning:  #177-D: variable "t_element" was declared but never referenced
compiling system_stm32f10x.c...
compiling core_cm3.c...
compiling misc.c...
compiling stm32f10x_rcc.c...
compiling stm32f10x_usart.c...
compiling stm32f10x_gpio.c...
compiling stm32f10x_dma.c...
compiling stm32f10x_adc.c...
compiling stm32f10x_rtc.c...
compiling stm32f10x_spi.c...
compiling stm32f10x_tim.c...
compiling stm32f10x_bkp.c...
compiling stm32f10x_pwr.c...
compiling stm32f10x_exti.c...
compiling stm32f10x_wwdg.c...
compiling stm32f10x_iwdg.c...
compiling DiskImg.c...
USB\DiskImg.c(340): warning:  #1-D: last line of file ends without a newline
compiling usbuser.c...
compiling mscuser.c...
USB\mscuser.c(100): warning:  #167-D: argument of type "volatile BYTE *" is incompatible with parameter of type "U8 *"
USB\mscuser.c(102): warning:  #167-D: argument of type "volatile BYTE *" is incompatible with parameter of type "BYTE *"
USB\mscuser.c(140): warning:  #167-D: argument of type "volatile BYTE *" is incompatible with parameter of type "U8 *"
USB\mscuser.c(275): warning:  #167-D: argument of type "volatile BYTE *" is incompatible with parameter of type "BYTE *"
USB\mscuser.c(650): warning:  #167-D: argument of type "volatile BYTE *" is incompatible with parameter of type "BYTE *"
compiling usbcore.c...
USB\usbcore.c(320): warning: C3017W: alt may be used before being set
USB\usbcore.c(402): warning: C3017W: msk may be used before being set
USB\usbcore.c(402): warning: C3017W: old may be used before being set
USB\usbcore.c(402): warning: C3017W: alt may be used before being set
USB\usbcore.c(402): warning: C3017W: ifn may be used before being set
compiling usbdesc.c...
compiling usbhw.c...
compiling Retarget.c...
FAT\Retarget.c(106): warning:  #111-D: statement is unreachable
FAT\Retarget.c(166): warning:  #111-D: statement is unreachable
FAT\Retarget.c(177): warning:  #111-D: statement is unreachable
compiling _fs_ffind.c...
compiling _fs_fclose.c...
compiling _fs_fcreate.c...
compiling _fs_fdelete.c...
compiling _fs_FlashIO.c...
compiling _fs_flushbuf.c...
compiling _fs_fopen.c...
compiling _fs_frename.c...
compiling _fs_getfsize.c...
compiling _fs_read.c...
compiling _fs_setfpos.c...
compiling _fs_write.c...
compiling File_Config.c...
compiling fs_fanalyse.c...
compiling fs_fcheck.c...
compiling fs_fdefrag.c...
compiling fs_fdelete.c...
compiling fs_ffree.c...
compiling SPI_STM32F103.c...
compiling fs_fat.c...
compiling fs_time.c...
compiling fs_lib.c...
compiling fs_finit.c...
compiling fs_FlashPrg.c...
compiling ssd1303.c...
compiling vga_lib.c...
..\Project\logos.h(133): warning:  #1-D: last line of file ends without a newline
OLED\logo.h(265): warning:  #1-D: last line of file ends without a newline
compiling font_6x8.c...
compiling font_7x10_thin.c...
compiling font_7x10_bold.c...
compiling font_12x16.c...
compiling font_4x7.c...
compiling Types.c...
compiling Items.c...
compiling Menu.c...
MENU\Menu.c(58): warning:  #188-D: enumerated type mixed with another type
MENU\Menu.c(59): warning:  #188-D: enumerated type mixed with another type
MENU\Menu.c(60): warning:  #188-D: enumerated type mixed with another type
MENU\Menu.c(512): warning:  #188-D: enumerated type mixed with another type
MENU\Menu.c(525): warning:  #1293-D: assignment in condition
MENU\Menu.c(549): warning:  #188-D: enumerated type mixed with another type
MENU\Menu.c(551): warning:  #188-D: enumerated type mixed with another type
MENU\Menu.c(289): warning:  #177-D: variable "S" was declared but never referenced
MENU\Menu.c(289): warning:  #177-D: variable "cn" was declared but never referenced
MENU\Menu.c(290): warning:  #177-D: variable "result" was declared but never referenced
MENU\Menu.c(1540): warning:  #188-D: enumerated type mixed with another type
MENU\Menu.c(1601): warning:  #188-D: enumerated type mixed with another type
MENU\Menu.c(1661): warning:  #188-D: enumerated type mixed with another type
MENU\Menu.c(1767): warning:  #223-D: function "IWDG_ReloadCounter" declared implicitly
MENU\Menu.c(1805): warning:  #188-D: enumerated type mixed with another type
MENU\Menu.c(1839): warning:  #188-D: enumerated type mixed with another type
MENU\Menu.c(1870): warning:  #223-D: function "IWDG_ReloadCounter" declared implicitly
MENU\Menu.c(1891): warning:  #223-D: function "IWDG_ReloadCounter" declared implicitly
MENU\Menu.c(1933): warning:  #223-D: function "IWDG_ReloadCounter" declared implicitly
MENU\Menu.c(2056): warning:  #223-D: function "IWDG_ReloadCounter" declared implicitly
MENU\Menu.c(2163): warning:  #223-D: function "IWDG_ReloadCounter" declared implicitly
MENU\Menu.c(2367): warning:  #68-D: integer conversion resulted in a change of sign
MENU\Menu.c(2375): warning:  #68-D: integer conversion resulted in a change of sign
MENU\Menu.c(1712): warning:  #177-D: variable "result" was declared but never referenced
MENU\Menu.c(1713): warning:  #177-D: variable "A" was declared but never referenced
MENU\Menu.c(1713): warning:  #177-D: variable "V" was declared but never referenced
MENU\Menu.c(1714): warning:  #177-D: variable "Aa" was declared but never referenced
MENU\Menu.c(1714): warning:  #177-D: variable "Vv" was declared but never referenced
MENU\Menu.c(1717): warning:  #177-D: variable "ip" was declared but never referenced
MENU\Menu.c(1720): warning:  #177-D: variable "NumberOfFiles" was declared but never referenced
MENU\Menu.c(1721): warning:  #177-D: variable "AddPos" was declared but never referenced
MENU\Menu.c(1722): warning:  #177-D: variable "fft_res" was declared but never referenced
MENU\Menu.c(1041): warning: C3017W: pRFile may be used before being set
compiling diskio.c...
fatfs\diskio.c(253): warning:  #188-D: enumerated type mixed with another type
fatfs\diskio.c(254): warning:  #177-D: variable "status" was declared but never referenced
fatfs\diskio.c(367): warning:  #1-D: last line of file ends without a newline
compiling ff.c...
fatfs\ff.c(1831): warning:  #111-D: statement is unreachable
compiling ccsbcs.c...
linking...
Program Size: Code=79282 RO-data=21054 RW-data=3460 ZI-data=58068  
FromELF: creating hex file...
User command #1: fromelf --bin --output .\TIK_PION.bin .\Main_project.axf
"Main_project.axf" - 0 Error(s), 75 Warning(s).
Build target 'STM32'
linking...
Program Size: Code=79282 RO-data=21054 RW-data=3460 ZI-data=58068  
FromELF: creating hex file...
User command #1: fromelf --bin --output .\TIK_PION.bin .\Main_project.axf
"Main_project.axf" - 0 Error(s), 0 Warning(s).
