Component: ARM Compiler 5.05 update 1 (build 106) Tool: armlink [4d0efa]

==============================================================================

Section Cross References

    main_1.o(.text) refers to _printf_percent.o(.ARM.Collect$$_printf_percent$$00000000) for _printf_percent
    main_1.o(.text) refers to _printf_f.o(.ARM.Collect$$_printf_percent$$00000003) for _printf_f
    main_1.o(.text) refers to printf1.o(x$fpl$printf1) for _printf_fp_dec
    main_1.o(.text) refers to _printf_d.o(.ARM.Collect$$_printf_percent$$00000009) for _printf_d
    main_1.o(.text) refers to _printf_dec.o(.text) for _printf_int_dec
    main_1.o(.text) refers to _printf_pad.o(.text) for _printf_pre_padding
    main_1.o(.text) refers to _printf_u.o(.ARM.Collect$$_printf_percent$$0000000A) for _printf_u
    main_1.o(.text) refers to stm32f10x_iwdg.o(.text) for IWDG_ReloadCounter
    main_1.o(.text) refers to menu.o(.text) for men_1ms
    main_1.o(.text) refers to keyboard.o(.text) for key_1ms
    main_1.o(.text) refers to stm32f10x_gpio.o(.text) for GPIO_ReadInputDataBit
    main_1.o(.text) refers to mmc_32f1.o(.text) for disk_timerproc
    main_1.o(.text) refers to stm32f10x_rcc.o(.text) for RCC_APB2PeriphClockCmd
    main_1.o(.text) refers to main_1.o(.data) for GLOBAL_TIMER_1ms
    main_1.o(.text) refers to vga_lib.o(.text) for vga_CLEAR
    main_1.o(.text) refers to road.o(.text) for rod_DEINIT
    main_1.o(.text) refers to misc.o(.text) for NVIC_Init
    main_1.o(.text) refers to dflt_clz.o(x$fpl$dflt) for __aeabi_i2d
    main_1.o(.text) refers to ddiv.o(x$fpl$ddiv) for __aeabi_ddiv
    main_1.o(.text) refers to noretval__2sprintf.o(.text) for __2sprintf
    main_1.o(.text) refers to dflt_clz.o(x$fpl$dfltu) for __aeabi_ui2d
    main_1.o(.text) refers to dmul.o(x$fpl$dmul) for __aeabi_dmul
    main_1.o(.text) refers to d2f.o(x$fpl$d2f) for __aeabi_d2f
    main_1.o(.text) refers to fflt_clz.o(x$fpl$fflt) for __aeabi_i2f
    main_1.o(.text) refers to fleqf.o(x$fpl$fleqf) for __aeabi_cfcmple
    main_1.o(.text) refers to flash_at45db.o(.text) for SPI_SETUP
    main_1.o(.text) refers to fs_finit.o(.text) for finit
    main_1.o(.text) refers to flash.o(.text) for mmc_format
    main_1.o(.text) refers to reg.o(.text) for reg_WRITE
    main_1.o(.text) refers to font_6x8.o(.constdata) for FONT_6x8
    main_1.o(.text) refers to stm32f10x_bkp.o(.text) for BKP_WriteBackupRegister
    main_1.o(.text) refers to frleqf.o(x$fpl$frleqf) for __aeabi_cfrcmple
    main_1.o(.text) refers to f2d.o(x$fpl$f2d) for __aeabi_f2d
    main_1.o(.text) refers to dleqf.o(x$fpl$dleqf) for __aeabi_cdcmple
    main_1.o(.text) refers to adc.o(.text) for adc_BAT_PERCENT_edit
    main_1.o(.text) refers to realtime.o(.text) for rtc_CHECK_EVENT_1S
    main_1.o(.text) refers to ext_adc.o(.text) for ext_adc_START
    main_1.o(.text) refers to fflt_clz.o(x$fpl$ffltu) for __aeabi_ui2f
    main_1.o(.text) refers to fdiv.o(x$fpl$fdiv) for __aeabi_fdiv
    main_1.o(.text) refers to font_7x10_bold.o(.constdata) for FONT_7x10_bold
    main_1.o(.text) refers to params.o(.constdata) for PARAMS
    main_1.o(.text) refers to ext_adc.o(.bss) for ext_adc_SIM
    main_1.o(.text) refers to keyboard.o(.data) for key_STATE
    main_1.o(.text) refers to fmul.o(x$fpl$fmul) for __aeabi_fmul
    main_1.o(.text) refers to iir.o(.text) for iir_RETURN_RMS
    main_1.o(.text) refers to faddsub_clz.o(x$fpl$fsub) for __aeabi_fsub
    main_1.o(.text) refers to sqrt.o(i.sqrt) for sqrt
    main_1.o(.text) refers to ffixu.o(x$fpl$ffixu) for __aeabi_f2uiz
    main_1.o(.text) refers to core_cm3.o(.emb_text) for __set_MSP
    main_1.o(.text) refers to faddsub_clz.o(x$fpl$fadd) for __aeabi_fadd
    main_1.o(.text) refers to ceil.o(i.ceil) for ceil
    main_1.o(.text) refers to dfix.o(x$fpl$dfix) for __aeabi_d2iz
    main_1.o(.text) refers to ff.o(.text) for f_mount
    main_1.o(.text) refers to main_1.o(.bss) for fls
    main_1.o(.text) refers to stm32f10x_flash.o(.text) for FLASH_Unlock
    main_1.o(.text) refers to system_stm32f10x.o(.text) for SystemInit
    main_1.o(.text) refers to usbhw.o(.text) for USB_Init
    main_1.o(.text) refers to fs_fat.o(.text) for get_mmc
    main_1.o(.text) refers to rt_memcpy_w.o(.text) for __aeabi_memcpy4
    main_1.o(.text) refers to ffix.o(x$fpl$ffix) for __aeabi_f2iz
    main_1.o(.text) refers to menu.o(.data) for exist
    main_1.o(.text) refers to strcmpv7m.o(.text) for strcmp
    main_1.o(.text) refers to fopen.o(.text) for fopen
    main_1.o(.text) refers to usbcore.o(.data) for USB_DeviceAddress
    main_1.o(.text) refers to ext_adc.o(.data) for ext_adc_OVER
    stm32f10x_it.o(.text) refers to main_1.o(.text) for Timer_1ms_CallBack
    stm32f10x_it.o(.text) refers to stm32f10x_usart.o(.text) for USART_GetITStatus
    stm32f10x_it.o(.text) refers to stm32f10x_it.o(.data) for f
    wav.o(.text) refers to _printf_percent.o(.ARM.Collect$$_printf_percent$$00000000) for _printf_percent
    wav.o(.text) refers to fs_fdelete.o(.text) for fdelete
[...]
    f_getfree                                0x08023c87   Thumb Code   258  ff.o(.text)
    f_truncate                               0x08023d89   Thumb Code   184  ff.o(.text)
    f_unlink                                 0x08023e41   Thumb Code   194  ff.o(.text)
    f_mkdir                                  0x08023f03   Thumb Code   368  ff.o(.text)
    f_chmod                                  0x08024073   Thumb Code   100  ff.o(.text)
    f_utime                                  0x080240d7   Thumb Code   102  ff.o(.text)
    f_rename                                 0x0802413d   Thumb Code   300  ff.o(.text)
    f_getlabel                               0x08024269   Thumb Code   190  ff.o(.text)
    f_setlabel                               0x08024327   Thumb Code   386  ff.o(.text)
    f_mkfs                                   0x080244a9   Thumb Code  1630  ff.o(.text)
    f_gets                                   0x08024b07   Thumb Code    82  ff.o(.text)
    f_putc                                   0x08024b9d   Thumb Code    64  ff.o(.text)
    f_puts                                   0x08024bdd   Thumb Code    74  ff.o(.text)
    f_printf                                 0x08024c27   Thumb Code   674  ff.o(.text)
    ff_convert                               0x08024ec9   Thumb Code    70  ccsbcs.o(.text)
    ff_wtoupper                              0x08024f0f   Thumb Code    46  ccsbcs.o(.text)
    xchg_spi                                 0x08024fcf   Thumb Code    28  mmc_32f1.o(.text)
    rcvr_spi_multi                           0x08024feb   Thumb Code   124  mmc_32f1.o(.text)
    disk_initialize                          0x08025269   Thumb Code   352  mmc_32f1.o(.text)
    disk_status                              0x080253c9   Thumb Code    14  mmc_32f1.o(.text)
    disk_read                                0x080253d7   Thumb Code   136  mmc_32f1.o(.text)
    disk_write                               0x0802545f   Thumb Code   170  mmc_32f1.o(.text)
    disk_ioctl                               0x08025509   Thumb Code   542  mmc_32f1.o(.text)
    disk_timerproc                           0x08025727   Thumb Code    70  mmc_32f1.o(.text)
    get_fattime                              0x0802576d   Thumb Code    96  mmc_32f1.o(.text)
    READ_REG_FROM_SD                         0x080257cd   Thumb Code    88  mmc_32f1.o(.text)
    WRITE_REG_TO_SD                          0x08025825   Thumb Code   102  mmc_32f1.o(.text)
    __aeabi_errno_addr                       0x08025899   Thumb Code     8  rt_errno_addr_intlibspace.o(.text)
    __errno$intlibspace                      0x08025899   Thumb Code     0  rt_errno_addr_intlibspace.o(.text)
    __rt_errno_addr$intlibspace              0x08025899   Thumb Code     0  rt_errno_addr_intlibspace.o(.text)
    __2sprintf                               0x080258a1   Thumb Code    34  noretval__2sprintf.o(.text)
    _printf_pre_padding                      0x080258c9   Thumb Code    44  _printf_pad.o(.text)
    _printf_post_padding                     0x080258f5   Thumb Code    34  _printf_pad.o(.text)
    _printf_str                              0x08025917   Thumb Code    82  _printf_str.o(.text)
    _printf_int_dec                          0x08025969   Thumb Code   104  _printf_dec.o(.text)
    __printf                                 0x080259e1   Thumb Code   308  __printf_flags_wp.o(.text)
    __0fscanf                                0x08025b19   Thumb Code    24  __0fscanf.o(.text)
    _scanf_string                            0x08025b31   Thumb Code   224  _scanf_str.o(.text)
    atoi                                     0x08025c11   Thumb Code    26  atoi.o(.text)
    _fseek                                   0x08025c2d   Thumb Code   242  fseek.o(.text)
    fseek                                    0x08025c2d   Thumb Code     0  fseek.o(.text)
    freopen                                  0x08025d25   Thumb Code   158  fopen.o(.text)
    fopen                                    0x08025dc3   Thumb Code    74  fopen.o(.text)
    _fclose_internal                         0x08025e11   Thumb Code    76  fclose.o(.text)
    fclose                                   0x08025e11   Thumb Code     0  fclose.o(.text)
    strerror                                 0x08025e5d   Thumb Code    44  strerror.o(.text)
    strcpy                                   0x08025f65   Thumb Code    72  strcpy.o(.text)
    strlen                                   0x08025fad   Thumb Code    62  strlen.o(.text)
    __aeabi_memcpy                           0x08025feb   Thumb Code     0  rt_memcpy_v6.o(.text)
    __rt_memcpy                              0x08025feb   Thumb Code   138  rt_memcpy_v6.o(.text)
    _memcpy_lastbytes                        0x08026051   Thumb Code     0  rt_memcpy_v6.o(.text)
    __aeabi_memcpy4                          0x08026075   Thumb Code     0  rt_memcpy_w.o(.text)
    __aeabi_memcpy8                          0x08026075   Thumb Code     0  rt_memcpy_w.o(.text)
    __rt_memcpy_w                            0x08026075   Thumb Code   100  rt_memcpy_w.o(.text)
    _memcpy_lastbytes_aligned                0x080260bd   Thumb Code     0  rt_memcpy_w.o(.text)
    __aeabi_memset                           0x080260d9   Thumb Code    16  aeabi_memset.o(.text)
    __aeabi_memclr                           0x080260e9   Thumb Code     0  rt_memclr.o(.text)
    __rt_memclr                              0x080260e9   Thumb Code    68  rt_memclr.o(.text)
    _memset                                  0x080260ed   Thumb Code     0  rt_memclr.o(.text)
    __aeabi_memclr4                          0x0802612d   Thumb Code     0  rt_memclr_w.o(.text)
    __aeabi_memclr8                          0x0802612d   Thumb Code     0  rt_memclr_w.o(.text)
    __rt_memclr_w                            0x0802612d   Thumb Code    78  rt_memclr_w.o(.text)
    _memset_w                                0x08026131   Thumb Code     0  rt_memclr_w.o(.text)
    strncpy                                  0x0802617b   Thumb Code    86  strncpy.o(.text)
    strcmp                                   0x080261d1   Thumb Code   128  strcmpv7m.o(.text)
    localtime                                0x08026251   Thumb Code     6  localtime.o(.text)
    mktime                                   0x0802629b   Thumb Code   352  mktime.o(.text)
    __use_two_region_memory                  0x08026405   Thumb Code     2  heapauxi.o(.text)
    __rt_heap_escrow                         0x08026407   Thumb Code     2  heapauxi.o(.text)
    __rt_heap_expand                         0x08026409   Thumb Code     2  heapauxi.o(.text)
    __user_libspace                          0x0802640d   Thumb Code     8  libspace.o(.text)
    __user_perproc_libspace                  0x0802640d   Thumb Code     0  libspace.o(.text)
    __user_perthread_libspace                0x0802640d   Thumb Code     0  libspace.o(.text)
    malloc                                   0x08026415   Thumb Code    94  h1_alloc.o(.text)
    free                                     0x08026473   Thumb Code    78  h1_free.o(.text)
    __read_errno                             0x080264c1   Thumb Code    10  _rserrno.o(.text)
    __set_errno                              0x080264cb   Thumb Code    12  _rserrno.o(.text)
    _printf_int_common                       0x080264d7   Thumb Code   178  _printf_intcommon.o(.text)
    __lib_sel_fp_printf                      0x08026589   Thumb Code     2  _printf_fp_dec.o(.text)
    _printf_fp_dec_real                      0x08026737   Thumb Code   620  _printf_fp_dec.o(.text)
    _printf_char_common                      0x080269af   Thumb Code    32  _printf_char_common.o(.text)
    _sputc                                   0x080269d5   Thumb Code    10  _sputc.o(.text)
    _printf_cs_common                        0x080269df   Thumb Code    20  _printf_char.o(.text)
    _printf_char                             0x080269f3   Thumb Code    16  _printf_char.o(.text)
    _printf_string                           0x08026a03   Thumb Code     8  _printf_char.o(.text)
    __vfscanf_char_file                      0x08026a0d   Thumb Code    16  scanf_char_file.o(.text)
    strtol                                   0x08026a25   Thumb Code   112  strtol.o(.text)
    _ftell_internal                          0x08026a95   Thumb Code    66  ftell.o(.text)
    ftell                                    0x08026a95   Thumb Code     0  ftell.o(.text)
    _seterr                                  0x08026ad9   Thumb Code    20  stdio.o(.text)
    _writebuf                                0x08026aed   Thumb Code    84  stdio.o(.text)
    _fflush                                  0x08026b41   Thumb Code    70  stdio.o(.text)
    _deferredlazyseek                        0x08026b87   Thumb Code    60  stdio.o(.text)
    _localtime_r                             0x08026bc9   Thumb Code   178  localtime_internal.o(.text)
    _n$localtime_r                           0x08026bc9   Thumb Code     0  localtime_internal.o(.text)
    __rt_ctype_table                         0x08026c81   Thumb Code    16  rt_ctype_table.o(.text)
    __rt_heap_descriptor                     0x08026c91   Thumb Code     8  rt_heap_descriptor_intlibspace.o(.text)
    __rt_locale                              0x08026c99   Thumb Code     8  rt_locale_intlibspace.o(.text)
    __use_no_heap                            0x08026ca1   Thumb Code     2  hguard.o(.text)
    __heap$guard                             0x08026ca3   Thumb Code     2  hguard.o(.text)
    _terminate_user_alloc                    0x08026ca5   Thumb Code     2  init_alloc.o(.text)
    _init_user_alloc                         0x08026ca7   Thumb Code     2  init_alloc.o(.text)
    __Heap_Full                              0x08026ca9   Thumb Code    34  init_alloc.o(.text)
    __Heap_Broken                            0x08026ccb   Thumb Code     6  init_alloc.o(.text)
    _init_alloc                              0x08026cd1   Thumb Code    94  init_alloc.o(.text)
    __Heap_Initialize                        0x08026d2f   Thumb Code    10  h1_init.o(.text)
    __Heap_DescSize                          0x08026d39   Thumb Code     4  h1_init.o(.text)
    _ll_udiv10                               0x08026d3d   Thumb Code   138  lludiv10.o(.text)
    _printf_fp_infnan                        0x08026dc9   Thumb Code   112  _printf_fp_infnan.o(.text)
    __vfscanf_char                           0x08026e55   Thumb Code    24  scanf_char.o(.text)
    _strtoul                                 0x08026e75   Thumb Code   158  _strtoul.o(.text)
    _btod_etento                             0x08026f15   Thumb Code   216  bigflt0.o(.text)
    ___backspace$unlocked                    0x08026ff1   Thumb Code     2  backspace.o(.text)
    __backspace                              0x08026ff3   Thumb Code    70  backspace.o(.text)
    _readbuf                                 0x08027039   Thumb Code    54  filbuf.o(.text)
    _seteof                                  0x0802706f   Thumb Code    40  filbuf.o(.text)
    __filbuf                                 0x08027097   Thumb Code   476  filbuf.o(.text)
    __filbuf_byte                            0x08027097   Thumb Code     0  filbuf.o(.text)
    __filbuf_wide                            0x08027097   Thumb Code     0  filbuf.o(.text)
    _initio                                  0x08027275   Thumb Code   210  initio.o(.text)
    _terminateio                             0x08027347   Thumb Code    56  initio.o(.text)
    __user_setup_stackheap                   0x080273ad   Thumb Code    74  sys_stackheap_outer.o(.text)
    __Heap_ProvideMemory                     0x080273f7   Thumb Code    52  h1_extend.o(.text)
    isspace                                  0x0802742b   Thumb Code    18  isspace.o(.text)
    _chval                                   0x0802743d   Thumb Code    28  _chval.o(.text)
    __vfscanf                                0x08027459   Thumb Code   878  _scanf.o(.text)
    _do_fflush                               0x080277cd   Thumb Code    54  fflush.o(.text)
    fflush                                   0x08027803   Thumb Code    42  fflush.o(.text)
    setvbuf                                  0x08027831   Thumb Code    70  setvbuf.o(.text)
    _ungetc_internal                         0x08027879   Thumb Code    60  ungetc.o(.text)
    ungetc                                   0x08027879   Thumb Code     0  ungetc.o(.text)
    fread                                    0x080278c1   Thumb Code   280  freadfast.o(.text)
    _flushlinebuffered                       0x080279d9   Thumb Code    50  flushlinebuffered.o(.text)
    exit                                     0x08027a11   Thumb Code    12  exit.o(.text)
    __rt_SIGRTRED                            0x08027a1d   Thumb Code    14  defsig_rtred_outer.o(.text)
    __rt_SIGRTMEM                            0x08027a2b   Thumb Code    14  defsig_rtmem_outer.o(.text)
    __sig_exit                               0x08027a39   Thumb Code    10  defsig_exit.o(.text)
    __rt_SIGRTRED_inner                      0x08027a45   Thumb Code    14  defsig_rtred_inner.o(.text)
    __rt_SIGRTMEM_inner                      0x08027a79   Thumb Code    22  defsig_rtmem_inner.o(.text)
    __default_signal_display                 0x08027ac9   Thumb Code    50  defsig_general.o(.text)
    _btod_d2e                                0x08027afb   Thumb Code    62  btod.o(CL$$btod_d2e)
    _d2e_denorm_low                          0x08027b39   Thumb Code    70  btod.o(CL$$btod_d2e_denorm_low)
    _d2e_norm_op1                            0x08027b7f   Thumb Code    96  btod.o(CL$$btod_d2e_norm_op1)
    __btod_div_common                        0x08027bdf   Thumb Code   696  btod.o(CL$$btod_div_common)
    _e2e                                     0x08027f17   Thumb Code   198  btod.o(CL$$btod_e2e)
    _btod_ediv                               0x08027fdd   Thumb Code    40  btod.o(CL$$btod_ediv)
    _btod_emul                               0x08028005   Thumb Code    40  btod.o(CL$$btod_emul)
    __btod_mult_common                       0x0802802d   Thumb Code   580  btod.o(CL$$btod_mult_common)
    USB_GetDescriptor                        0x08028271   Thumb Code   146  usbcore.o(i.USB_GetDescriptor)
    USB_GetStatus                            0x08028319   Thumb Code   174  usbcore.o(i.USB_GetStatus)
    USB_SetClrFeature                        0x080283e9   Thumb Code   198  usbcore.o(i.USB_SetClrFeature)
    USB_SetConfiguration                     0x080284c5   Thumb Code   368  usbcore.o(i.USB_SetConfiguration)
    USB_SetInterface                         0x08028655   Thumb Code   246  usbcore.o(i.USB_SetInterface)
    __ARM_fpclassify                         0x08028765   Thumb Code    40  fpclassify.o(i.__ARM_fpclassify)
    _is_digit                                0x0802878d   Thumb Code    14  __printf_wp.o(i._is_digit)
    ceil                                     0x0802879d   Thumb Code   204  ceil.o(i.ceil)
    fgetc                                    0x08028879   Thumb Code    24  fgetc.o(i.fgetc)
    lrint                                    0x08028891   Thumb Code    58  lrint.o(i.lrint)
    sqrt                                     0x080288cb   Thumb Code    76  sqrt.o(i.sqrt)
    _get_lc_numeric                          0x08028919   Thumb Code    44  lc_numeric_c.o(locale$$code)
    _get_lc_ctype                            0x08028945   Thumb Code    44  lc_ctype_c.o(locale$$code)
    __aeabi_d2f                              0x08028971   Thumb Code     0  d2f.o(x$fpl$d2f)
    _d2f                                     0x08028971   Thumb Code    98  d2f.o(x$fpl$d2f)
    __aeabi_dadd                             0x080289d5   Thumb Code     0  daddsub_clz.o(x$fpl$dadd)
    _dadd                                    0x080289d5   Thumb Code   332  daddsub_clz.o(x$fpl$dadd)
    __fpl_dcmp_Inf                           0x08028b25   Thumb Code    24  dcmpi.o(x$fpl$dcmpinf)
    __aeabi_ddiv                             0x08028b3d   Thumb Code     0  ddiv.o(x$fpl$ddiv)
    _ddiv                                    0x08028b3d   Thumb Code   552  ddiv.o(x$fpl$ddiv)
    __aeabi_cdcmpeq                          0x08028ded   Thumb Code     0  deqf.o(x$fpl$deqf)
    _dcmpeq                                  0x08028ded   Thumb Code   120  deqf.o(x$fpl$deqf)
    __aeabi_d2iz                             0x08028e65   Thumb Code     0  dfix.o(x$fpl$dfix)
    _dfix                                    0x08028e65   Thumb Code    94  dfix.o(x$fpl$dfix)
    _dfix_r                                  0x08028ec5   Thumb Code   134  dfix.o(x$fpl$dfixr)
    __aeabi_i2d                              0x08028f4b   Thumb Code     0  dflt_clz.o(x$fpl$dflt)
    _dflt                                    0x08028f4b   Thumb Code    46  dflt_clz.o(x$fpl$dflt)
    __aeabi_ui2d                             0x08028f79   Thumb Code     0  dflt_clz.o(x$fpl$dfltu)
    _dfltu                                   0x08028f79   Thumb Code    38  dflt_clz.o(x$fpl$dfltu)
    __aeabi_ul2d                             0x08028fa1   Thumb Code     0  dfltll_clz.o(x$fpl$dfltull)
    _ll_uto_d                                0x08028fa1   Thumb Code   138  dfltll_clz.o(x$fpl$dfltull)
    __aeabi_cdcmple                          0x0802902d   Thumb Code     0  dleqf.o(x$fpl$dleqf)
    _dcmple                                  0x0802902d   Thumb Code   120  dleqf.o(x$fpl$dleqf)
    __fpl_dcmple_InfNaN                      0x0802908f   Thumb Code     0  dleqf.o(x$fpl$dleqf)
    __aeabi_dmul                             0x080290a5   Thumb Code     0  dmul.o(x$fpl$dmul)
    _dmul                                    0x080290a5   Thumb Code   332  dmul.o(x$fpl$dmul)
    __fpl_dnaninf                            0x080291f9   Thumb Code   156  dnaninf.o(x$fpl$dnaninf)
    __fpl_dretinf                            0x08029295   Thumb Code    12  dretinf.o(x$fpl$dretinf)
    __aeabi_cdrcmple                         0x080292a1   Thumb Code     0  drleqf.o(x$fpl$drleqf)
    _drcmple                                 0x080292a1   Thumb Code   108  drleqf.o(x$fpl$drleqf)
    _drnd                                    0x0802930d   Thumb Code   180  drnd.o(x$fpl$drnd)
    __aeabi_drsub                            0x080293c1   Thumb Code     0  daddsub_clz.o(x$fpl$drsb)
    _drsb                                    0x080293c1   Thumb Code    22  daddsub_clz.o(x$fpl$drsb)
    _dsqrt                                   0x080293d9   Thumb Code   456  dsqrt_noumaal.o(x$fpl$dsqrt)
    __aeabi_dsub                             0x080295a5   Thumb Code     0  daddsub_clz.o(x$fpl$dsub)
    _dsub                                    0x080295a5   Thumb Code   464  daddsub_clz.o(x$fpl$dsub)
    __aeabi_f2d                              0x08029779   Thumb Code     0  f2d.o(x$fpl$f2d)
    _f2d                                     0x08029779   Thumb Code    86  f2d.o(x$fpl$f2d)
    __aeabi_fadd                             0x080297d1   Thumb Code     0  faddsub_clz.o(x$fpl$fadd)
    _fadd                                    0x080297d1   Thumb Code   196  faddsub_clz.o(x$fpl$fadd)
    __fpl_fcmp_Inf                           0x08029895   Thumb Code    24  fcmpi.o(x$fpl$fcmpinf)
    __aeabi_fdiv                             0x080298ad   Thumb Code     0  fdiv.o(x$fpl$fdiv)
    _fdiv                                    0x080298ad   Thumb Code   384  fdiv.o(x$fpl$fdiv)
    __aeabi_f2iz                             0x08029a31   Thumb Code     0  ffix.o(x$fpl$ffix)
    _ffix                                    0x08029a31   Thumb Code    54  ffix.o(x$fpl$ffix)
    __aeabi_f2uiz                            0x08029a69   Thumb Code     0  ffixu.o(x$fpl$ffixu)
    _ffixu                                   0x08029a69   Thumb Code    62  ffixu.o(x$fpl$ffixu)
    __aeabi_i2f                              0x08029aa9   Thumb Code     0  fflt_clz.o(x$fpl$fflt)
    _fflt                                    0x08029aa9   Thumb Code    48  fflt_clz.o(x$fpl$fflt)
    __aeabi_ui2f                             0x08029ad9   Thumb Code     0  fflt_clz.o(x$fpl$ffltu)
    _ffltu                                   0x08029ad9   Thumb Code    38  fflt_clz.o(x$fpl$ffltu)
    __aeabi_cfcmple                          0x08029b01   Thumb Code     0  fleqf.o(x$fpl$fleqf)
    _fcmple                                  0x08029b01   Thumb Code   104  fleqf.o(x$fpl$fleqf)
    __fpl_fcmple_InfNaN                      0x08029b53   Thumb Code     0  fleqf.o(x$fpl$fleqf)
    __aeabi_fmul                             0x08029b69   Thumb Code     0  fmul.o(x$fpl$fmul)
    _fmul                                    0x08029b69   Thumb Code   258  fmul.o(x$fpl$fmul)
    __fpl_fnaninf                            0x08029c6b   Thumb Code   140  fnaninf.o(x$fpl$fnaninf)
    __fpl_fretinf                            0x08029cf7   Thumb Code    10  fretinf.o(x$fpl$fretinf)
    __aeabi_cfrcmple                         0x08029d01   Thumb Code     0  frleqf.o(x$fpl$frleqf)
    _frcmple                                 0x08029d01   Thumb Code    98  frleqf.o(x$fpl$frleqf)
    __aeabi_fsub                             0x08029d65   Thumb Code     0  faddsub_clz.o(x$fpl$fsub)
    _fsub                                    0x08029d65   Thumb Code   234  faddsub_clz.o(x$fpl$fsub)
    _printf_fp_dec                           0x08029e4f   Thumb Code     4  printf1.o(x$fpl$printf1)
    PARAMS                                   0x08029e52   Data         264  params.o(.constdata)
    __I$use$fp                               0x08029e52   Number         0  usenofp.o(x$fpl$usenofp)
    USB_P_EP                                 0x08029f5c   Data          64  usbuser.o(.constdata)
    USB_DeviceDescriptor                     0x08029f9c   Data          18  usbdesc.o(.constdata)
    USB_ConfigDescriptor                     0x08029fae   Data          33  usbdesc.o(.constdata)
    USB_StringDescriptor                     0x08029fcf   Data         114  usbdesc.o(.constdata)
    __stdin_name                             0x0802a041   Data           6  retarget.o(.constdata)
    __stdout_name                            0x0802a047   Data           7  retarget.o(.constdata)
    __stderr_name                            0x0802a04e   Data           7  retarget.o(.constdata)
    _NFILE                                   0x0802a058   Data           2  file_config.o(.constdata)
    _DEF_DRIVE                               0x0802a05a   Data           2  file_config.o(.constdata)
    _CPU_CLK                                 0x0802a05c   Data           4  file_config.o(.constdata)
    FlashDev                                 0x0802a060   Data           8  file_config.o(.constdata)
    _FlashNumSect                            0x0802a068   Data           2  file_config.o(.constdata)
    _BlockFREE                               0x0802a06c   Data           4  file_config.o(.constdata)
    _BASE_ADR                                0x0802a070   Data           4  file_config.o(.constdata)
    SpiDev                                   0x0802a074   Data           8  file_config.o(.constdata)
    _SpiNumSect                              0x0802a07c   Data           2  file_config.o(.constdata)
    _SpiBlFREE                               0x0802a080   Data           4  file_config.o(.constdata)
    RamDev                                   0x0802a084   Data           8  file_config.o(.constdata)
    _RamNumSect                              0x0802a08c   Data           2  file_config.o(.constdata)
    _MC_CSIZE                                0x0802a08e   Data           2  file_config.o(.constdata)
    logo_battery                             0x0802a379   Data        1024  vga_lib.o(.constdata)
    tikBitmaps                               0x0802a779   Data        1024  vga_lib.o(.constdata)
    lowBatteryBitmaps                        0x0802ab79   Data        1024  vga_lib.o(.constdata)
    Font_6x8_Data                            0x0802af7c   Data        1536  font_6x8.o(.constdata)
    FONT_6x8                                 0x0802b57c   Data           8  font_6x8.o(.constdata)
    Font_7x10_bold_Data                      0x0802b584   Data        3584  font_7x10_bold.o(.constdata)
    FONT_7x10_bold                           0x0802c384   Data           8  font_7x10_bold.o(.constdata)
    Font_12x16_Data                          0x0802c38c   Data        6144  font_12x16.o(.constdata)
    FONT_12x16                               0x0802db8c   Data           8  font_12x16.o(.constdata)
    Font_4x7_Data                            0x0802db94   Data        1024  font_4x7.o(.constdata)
    FONT_4x7                                 0x0802df94   Data           8  font_4x7.o(.constdata)
    show_max                                 0x0802df9c   Data           4  types.o(.constdata)
    show_min                                 0x0802dfa0   Data           4  types.o(.constdata)
    show_nil                                 0x0802dfa4   Data           4  types.o(.constdata)
    show_err                                 0x0802dfa8   Data           7  types.o(.constdata)
    MATH                                     0x0802dfaf   Data          48  types.o(.constdata)
    Items                                    0x0802dfdf   Data        3650  items.o(.constdata)
    Enum_val                                 0x0802ee21   Data        2948  items.o(.constdata)
    _monlen                                  0x0802ff83   Data          12  _monlen.o(.constdata)
    Region$$Table$$Base                      0x08030160   Number         0  anon$$obj.o(Region$$Table)
    Region$$Table$$Limit                     0x08030180   Number         0  anon$$obj.o(Region$$Table)
    __ctype                                  0x080301a9   Data           0  lc_ctype_c.o(locale$$data)
    res_t                                    0x20000000   Data           1  main_1.o(.data)
    GLOBAL_TIMER_1ms                         0x20000004   Data           4  main_1.o(.data)
    POWER_OFF                                0x20000008   Data           4  main_1.o(.data)
    GLOBAL_ERROR                             0x2000000c   Data           4  main_1.o(.data)
    USB_CONNECT                              0x20000010   Data           4  main_1.o(.data)
    measure_stat                             0x20000014   Data           1  main_1.o(.data)
    usb_stat                                 0x20000015   Data           1  main_1.o(.data)
    Num_of_Signals                           0x20000018   Data           4  main_1.o(.data)
    test_reg                                 0x2000001c   Data           2  main_1.o(.data)
    Sec_timer                                0x2000001e   Data           2  main_1.o(.data)
    Moto_Sec                                 0x20000020   Data           2  main_1.o(.data)
    Flag_1S                                  0x20000022   Data           1  main_1.o(.data)
    k_reg                                    0x20000024   Data           4  main_1.o(.data)
    prgb_bat                                 0x20000028   Data           4  main_1.o(.data)
    usb_transit                              0x2000002c   Data           1  main_1.o(.data)
    T                                        0x2000002e   Data           2  main_1.o(.data)
    first_flag                               0x20000030   Data           4  main_1.o(.data)
    message_status                           0x20000034   Data           4  main_1.o(.data)
    timer1                                   0x20000038   Data           4  main_1.o(.data)
    timer2                                   0x2000003c   Data           4  main_1.o(.data)
    timer3                                   0x20000040   Data           4  main_1.o(.data)
    timer4                                   0x20000044   Data           4  main_1.o(.data)
    timer5                                   0x20000048   Data           4  main_1.o(.data)
    frzbat1                                  0x2000004c   Data           4  main_1.o(.data)
    frzbat2                                  0x20000050   Data           4  main_1.o(.data)
    usb_addr                                 0x20000054   Data           4  main_1.o(.data)
    usb_count                                0x20000058   Data           4  main_1.o(.data)
    id_akb                                   0x2000005c   Data           4  main_1.o(.data)
    usb_charge_state                         0x20000060   Data           4  main_1.o(.data)
    akbtemp                                  0x20000064   Data           4  main_1.o(.data)
    akbtimer1                                0x20000068   Data           4  main_1.o(.data)
    akbtimer2                                0x2000006c   Data           4  main_1.o(.data)
    akbemk                                   0x20000070   Data           4  main_1.o(.data)
    akbemk_count                             0x20000074   Data           4  main_1.o(.data)
    akbemk_tek                               0x20000078   Data           4  main_1.o(.data)
    akbemk_percent                           0x2000007c   Data           4  main_1.o(.data)
    akbemk_volt                              0x20000080   Data           4  main_1.o(.data)
    akbstatus                                0x20000084   Data           4  main_1.o(.data)
    akbemk_menu                              0x20000088   Data           4  main_1.o(.data)
    SD_SWITCH                                0x2000008c   Data           1  main_1.o(.data)
    autooff                                  0x2000008d   Data           1  main_1.o(.data)
    GPIO_InitStructure                       0x2000008e   Data           4  main_1.o(.data)
    i                                        0x200000c0   Data           1  ext_adc.o(.data)
    f                                        0x200000c1   Data           1  ext_adc.o(.data)
    ext_adc_DATA                             0x200000c4   Data           4  ext_adc.o(.data)
    ext_adc_COUNT                            0x200000c8   Data           2  ext_adc.o(.data)
    ext_adc_XCOUNT                           0x200000ca   Data           2  ext_adc.o(.data)
    ext_adc_VALUE                            0x200000cc   Data           4  ext_adc.o(.data)
    ext_mode_reg                             0x200000d0   Data           2  ext_adc.o(.data)
    ext_adc_DELAY                            0x200000d4   Data           4  ext_adc.o(.data)
    ext_adc_VAL                              0x200000d8   Data           4  ext_adc.o(.data)
    ext_adc_OVER                             0x200000dc   Data           1  ext_adc.o(.data)
    k_reg_mul                                0x200000e0   Data           4  ext_adc.o(.data)
    INDEX                                    0x200000e4   Data           1  ext_adc.o(.data)
    DECIMATOR                                0x200000e5   Data           1  ext_adc.o(.data)
    FILTER_1_ONE_SECTION                     0x200000e8   Data          48  ext_adc.o(.data)
    FILTER_1_TWO_SECTION                     0x20000118   Data          48  ext_adc.o(.data)
    FILTER_2_ONE_SECTION                     0x20000148   Data          48  ext_adc.o(.data)
    FILTER_2_TWO_SECTION                     0x20000178   Data          48  ext_adc.o(.data)
    FILTER_3_ONE_SECTION                     0x200001a8   Data          48  ext_adc.o(.data)
    FILTER_3_TWO_SECTION                     0x200001d8   Data          48  ext_adc.o(.data)
    FILTER_4_ONE_SECTION                     0x20000208   Data          48  ext_adc.o(.data)
    FILTER_4_TWO_SECTION                     0x20000238   Data          48  ext_adc.o(.data)
    FILTER_5_ONE_SECTION                     0x20000268   Data          48  ext_adc.o(.data)
    FILTER_5_TWO_SECTION                     0x20000298   Data          48  ext_adc.o(.data)
    FILTER_6_ONE_SECTION                     0x200002c8   Data          48  ext_adc.o(.data)
    FILTER_6_TWO_SECTION                     0x200002f8   Data          48  ext_adc.o(.data)
    FILTER_7_ONE_SECTION                     0x20000328   Data          48  ext_adc.o(.data)
    FILTER_7_TWO_SECTION                     0x20000358   Data          48  ext_adc.o(.data)
    FILTER_8_ONE_SECTION                     0x20000388   Data          48  ext_adc.o(.data)
    FILTER_9_ONE_SECTION                     0x200003b8   Data          48  ext_adc.o(.data)
    FILTER_10_TWO_SECTION                    0x200003e8   Data          48  ext_adc.o(.data)
    FILTER_11_ONE_SECTION                    0x20000418   Data          48  ext_adc.o(.data)
    FILTER_12_ONE_SECTION                    0x20000448   Data          48  ext_adc.o(.data)
    INTEGRATOR_2Hz_25                        0x20000478   Data          48  ext_adc.o(.data)
    INTEGRATOR_2Hz                           0x200004a8   Data          48  ext_adc.o(.data)
    INTEGRATOR_5Hz                           0x200004d8   Data          48  ext_adc.o(.data)
    INTEGRATOR_10Hz                          0x20000508   Data          48  ext_adc.o(.data)
    INTEGRATOR_10Hz_ONE_SECTION              0x20000538   Data          48  ext_adc.o(.data)
    INTEGRATOR_10Hz_TWO_SECTION              0x20000568   Data          48  ext_adc.o(.data)
    FILTER_70_ONE_SECTION                    0x20000598   Data          48  ext_adc.o(.data)
    FILTER_70_TWO_SECTION                    0x200005c8   Data          48  ext_adc.o(.data)
    pHPF_1section                            0x200005f8   Data           4  ext_adc.o(.data)
    pHPF_2section                            0x200005fc   Data           4  ext_adc.o(.data)
    pLPF_1section                            0x20000600   Data           4  ext_adc.o(.data)
    pLPF_2section                            0x20000604   Data           4  ext_adc.o(.data)
    pINTEGRAL_1section                       0x20000608   Data           4  ext_adc.o(.data)
    pINTEGRAL_2section                       0x2000060c   Data           4  ext_adc.o(.data)
    key_STATE                                0x20000610   Data           1  keyboard.o(.data)
    key_OLD                                  0x20000611   Data           1  keyboard.o(.data)
    key_EVENT                                0x20000614   Data           4  keyboard.o(.data)
    key_bounce                               0x20000618   Data           1  keyboard.o(.data)
    DataFlash_ID                             0x20000619   Data           3  flash_at45db.o(.data)
    SDHC                                     0x2000061c   Data           1  flash_at45db.o(.data)
    pRFile                                   0x20000620   Data           4  road.o(.data)
    MemOK                                    0x20000638   Data           4  mscuser.o(.data)
    Offset                                   0x2000063c   Data           4  mscuser.o(.data)
    Length                                   0x20000640   Data           4  mscuser.o(.data)
    BulkStage                                0x20000644   Data           1  mscuser.o(.data)
    BulkLen                                  0x20000645   Data           1  mscuser.o(.data)
    MSC_MemorySize                           0x20000648   Data           4  mscuser.o(.data)
    MSC_BlockSize                            0x2000064c   Data           4  mscuser.o(.data)
    MSC_BlockCount                           0x20000650   Data           4  mscuser.o(.data)
    USB_DeviceStatus                         0x20000654   Data           2  usbcore.o(.data)
    USB_DeviceAddress                        0x20000656   Data           1  usbcore.o(.data)
    USB_Configuration                        0x20000657   Data           1  usbcore.o(.data)
    USB_EndPointMask                         0x20000658   Data           4  usbcore.o(.data)
    USB_EndPointHalt                         0x2000065c   Data           4  usbcore.o(.data)
    USB_NumInterfaces                        0x20000660   Data           1  usbcore.o(.data)
    USB_AltSetting                           0x20000661   Data           4  usbcore.o(.data)
    EP0Buf                                   0x20000665   Data           8  usbcore.o(.data)
    EP0Data                                  0x20000670   Data           8  usbcore.o(.data)
    SetupPacket                              0x20000678   Data           8  usbcore.o(.data)
    pBUF_DSCR                                0x20000680   Data           4  usbhw.o(.data)
    FreeBufAddr                              0x20000684   Data           2  usbhw.o(.data)
    vga_MODE                                 0x2000069d   Data           1  vga_lib.o(.data)
    text_pos_x                               0x2000069e   Data           1  vga_lib.o(.data)
    text_pos_y                               0x2000069f   Data           1  vga_lib.o(.data)
    typ_DIGIT                                0x200006a0   Data           1  types.o(.data)
    crtflag                                  0x200006a4   Data           1  menu.o(.data)
    BeyondRoad                               0x200006a5   Data           1  menu.o(.data)
    SampleAlreadyExist                       0x200006a6   Data           1  menu.o(.data)
    Num_of_Road                              0x200006a8   Data           4  menu.o(.data)
    men_STATUS                               0x200006ac   Data           1  menu.o(.data)
    men_SAVE_STATUS                          0x200006ad   Data           1  menu.o(.data)
    men_EVENT                                0x200006ae   Data           1  menu.o(.data)
    men_ID_FORM                              0x200006af   Data           1  menu.o(.data)
    men_TIMER                                0x200006b0   Data           2  menu.o(.data)
    men_TIME_REF                             0x200006b2   Data           2  menu.o(.data)
    men_TIME_MES                             0x200006b4   Data           2  menu.o(.data)
    men_TIME_PAROL                           0x200006b6   Data           2  menu.o(.data)
    men_LEVEL_ACCES                          0x200006b8   Data           1  menu.o(.data)
    men_POINTER                              0x200006ba   Data           2  menu.o(.data)
    men_START_POINTER                        0x200006bc   Data           2  menu.o(.data)
    men_cp                                   0x200006be   Data           1  menu.o(.data)
    men_cc                                   0x200006bf   Data           1  menu.o(.data)
    men_s                                    0x200006c0   Data           1  menu.o(.data)
    men_CURSOR_STR                           0x200006c1   Data           1  menu.o(.data)
    men_CONFIG_SYS                           0x200006c2   Data           1  menu.o(.data)
    men_LEVEL_POINT                          0x200006c4   Data           6  menu.o(.data)
    men_LEVEL_CUR                            0x200006ca   Data           3  menu.o(.data)
    men_LEVEL                                0x200006cd   Data           1  menu.o(.data)
    men_temp                                 0x200006d0   Data           4  menu.o(.data)
    road_pos                                 0x200006d4   Data           4  menu.o(.data)
    road_pos_int                             0x200006d8   Data           4  menu.o(.data)
    road_indicator                           0x200006dc   Data           4  menu.o(.data)
    road_cursor_pos                          0x200006e0   Data           4  menu.o(.data)
    Road_Number                              0x200006e4   Data           1  menu.o(.data)
    route                                    0x200006e8   Data           4  menu.o(.data)
    sample_pos                               0x200006ec   Data           4  menu.o(.data)
    sample_cursor_pos                        0x200006f0   Data           4  menu.o(.data)
    current_sample_num                       0x200006f4   Data           1  menu.o(.data)
    h_out                                    0x200006f5   Data           5  menu.o(.data)
    m_out                                    0x200006fa   Data           5  menu.o(.data)
    s_out                                    0x200006ff   Data           5  menu.o(.data)
    str_out                                  0x20000704   Data           5  menu.o(.data)
    bat_out                                  0x20000709   Data           5  menu.o(.data)
    bat_float                                0x20000710   Data           4  menu.o(.data)
    hour                                     0x20000714   Data           4  menu.o(.data)
    min                                      0x20000718   Data           4  menu.o(.data)
    sec                                      0x2000071c   Data           4  menu.o(.data)
    flag_bat                                 0x20000720   Data           4  menu.o(.data)
    flag_charge                              0x20000724   Data           4  menu.o(.data)
    freezbat                                 0x20000728   Data           4  menu.o(.data)
    freezbat2                                0x2000072c   Data           4  menu.o(.data)
    iout                                     0x20000730   Data           4  menu.o(.data)
    result                                   0x20000734   Data           1  menu.o(.data)
    savefiledirTCHAR                         0x20000738   Data           4  menu.o(.data)
    savefilenameTCHAR                        0x2000073c   Data           4  menu.o(.data)
    savefilenameTCHAR2                       0x20000740   Data           4  menu.o(.data)
    flag_charge2                             0x20000744   Data           1  menu.o(.data)
    old_state_usb                            0x20000748   Data           4  menu.o(.data)
    old_state_pa8                            0x2000074c   Data           4  menu.o(.data)
    VALUE                                    0x20000750   Data           1  menu.o(.data)
    count_menu_items                         0x20000754   Data           4  menu.o(.data)
    exist                                    0x20000758   Data           4  menu.o(.data)
    __aeabi_stdin                            0x20000774   Data           4  stdio_streams.o(.data)
    __aeabi_stdout                           0x20000778   Data           4  stdio_streams.o(.data)
    __aeabi_stderr                           0x2000077c   Data           4  stdio_streams.o(.data)
    fls                                      0x20000780   Data         564  main_1.o(.bss)
    FileTmp                                  0x200009b4   Data         548  main_1.o(.bss)
    fno                                      0x20000bd8   Data          32  main_1.o(.bss)
    sdinfo                                   0x20000bf8   Data          48  main_1.o(.bss)
    USB_D                                    0x20000c28   Data          18  main_1.o(.bss)
    USART_InitStructure                      0x20000c3c   Data          16  main_1.o(.bss)
    DMA                                      0x20000c4c   Data          44  main_1.o(.bss)
    ADC_InitStructure                        0x20000c78   Data          20  main_1.o(.bss)
    buf                                      0x20000c8c   Data          10  main_1.o(.bss)
    IIRF                                     0x20000c98   Data          52  iir.o(.bss)
    IIRD                                     0x20000ccc   Data         312  iir.o(.bss)
    ext_adc_SIM                              0x20000e08   Data       50000  ext_adc.o(.bss)
    SAMPLE                                   0x2000d158   Data          16  ext_adc.o(.bss)
    DETECTOR                                 0x2000d168   Data          48  ext_adc.o(.bss)
    DATA_REG                                 0x2000d1c8   Data          68  reg.o(.bss)
    RTC_TM                                   0x2000d20c   Data          44  realtime.o(.bss)
    temp                                     0x2000d238   Data         512  flash_at45db.o(.bss)
    t                                        0x2000d438   Data         512  road.o(.bss)
    NEl                                      0x2000d638   Data          16  road.o(.bss)
    BulkBuf                                  0x2000d648   Data          64  mscuser.o(.bss)
    CBW                                      0x2000d688   Data          31  mscuser.o(.bss)
    CSW                                      0x2000d6a7   Data          13  mscuser.o(.bss)
    _iob                                     0x2000d6b4   Data          52  file_config.o(.bss)
    mc_cache                                 0x2000d6e8   Data        1024  file_config.o(.bss)
    VGA_RAM                                  0x2000dc3c   Data        1024  vga_lib.o(.bss)
    typVALUE_PARAM                           0x2000e03c   Data          30  types.o(.bss)
    vlast                                    0x2000e05a   Data          20  types.o(.bss)
    road_pos_edit                            0x2000e070   Data          25  menu.o(.bss)
    road_pos_edit_2                          0x2000e089   Data          25  menu.o(.bss)
    Road_Name                                0x2000e0a2   Data          15  menu.o(.bss)
    Fil                                      0x2000e0b4   Data         548  menu.o(.bss)
    Fil_2                                    0x2000e2d8   Data         548  menu.o(.bss)
    savefilename                             0x2000e4fc   Data          25  menu.o(.bss)
    savefiledir                              0x2000e515   Data          25  menu.o(.bss)
    temp_str3                                0x2000e52e   Data          25  menu.o(.bss)
    buf_temp                                 0x2000e547   Data         512  mmc_32f1.o(.bss)
    __libspace_start                         0x2000e774   Data          96  libspace.o(.bss)
    __stdin                                  0x2000e7d4   Data          84  stdio_streams.o(.bss)
    __temporary_stack_top$libspace           0x2000e7d4   Data           0  libspace.o(.bss)
    __stdout                                 0x2000e828   Data          84  stdio_streams.o(.bss)
    __stderr                                 0x2000e87c   Data          84  stdio_streams.o(.bss)



==============================================================================

Memory Map of the image

  Image Entry point : 0x080100ed

  Load Region LR_IROM1 (Base: 0x08010000, Size: 0x00020a2c, Max: 0x00030000, ABSOLUTE, COMPRESSED[0x000205b4])

    Execution Region ER_IROM1 (Base: 0x08010000, Size: 0x000202ac, Max: 0x00030000, ABSOLUTE)

    Base Addr    Size         Type   Attr      Idx    E Section Name        Object

    0x08010000   0x000000ec   Data   RO          780    RESET               startup_stm32f10x_md.o
    0x080100ec   0x00000008   Code   RO         1781  * !!!main             c_w.l(__main.o)
    0x080100f4   0x00000034   Code   RO         2294    !!!scatter          c_w.l(__scatter.o)
    0x08010128   0x00000064   Code   RO         2292    !!dclz77c           c_w.l(__dclz77c.o)
    0x0801018c   0x0000001c   Code   RO         2296    !!handler_zi        c_w.l(__scatter_zi.o)
    0x080101a8   0x00000000   Code   RO         1725    .ARM.Collect$$_printf_percent$$00000000  c_w.l(_printf_percent.o)
    0x080101a8   0x00000006   Code   RO         1724    .ARM.Collect$$_printf_percent$$00000003  c_w.l(_printf_f.o)
    0x080101ae   0x00000006   Code   RO         1722    .ARM.Collect$$_printf_percent$$00000009  c_w.l(_printf_d.o)
    0x080101b4   0x00000006   Code   RO         1723    .ARM.Collect$$_printf_percent$$0000000A  c_w.l(_printf_u.o)
    0x080101ba   0x00000006   Code   RO         1720    .ARM.Collect$$_printf_percent$$00000013  c_w.l(_printf_c.o)
    0x080101c0   0x00000006   Code   RO         1721    .ARM.Collect$$_printf_percent$$00000014  c_w.l(_printf_s.o)
    0x080101c6   0x00000004   Code   RO         1941    .ARM.Collect$$_printf_percent$$00000017  c_w.l(_printf_percent_end.o)
    0x080101ca   0x00000002   Code   RO         2222    .ARM.Collect$$libinit$$00000000  c_w.l(libinit.o)
    0x080101cc   0x00000000   Code   RO         2105    .ARM.Collect$$libinit$$00000002  c_w.l(libinit2.o)
    0x080101cc   0x00000000   Code   RO         2107    .ARM.Collect$$libinit$$00000004  c_w.l(libinit2.o)
    0x080101cc   0x00000008   Code   RO         2108    .ARM.Collect$$libinit$$00000005  c_w.l(libinit2.o)
    0x080101d4   0x00000000   Code   RO         2110    .ARM.Collect$$libinit$$0000000A  c_w.l(libinit2.o)
    0x080101d4   0x00000000   Code   RO         2112    .ARM.Collect$$libinit$$0000000C  c_w.l(libinit2.o)
    0x080101d4   0x00000000   Code   RO         2114    .ARM.Collect$$libinit$$0000000E  c_w.l(libinit2.o)
    0x080101d4   0x00000006   Code   RO         2115    .ARM.Collect$$libinit$$0000000F  c_w.l(libinit2.o)
    0x080101da   0x00000000   Code   RO         2117    .ARM.Collect$$libinit$$00000011  c_w.l(libinit2.o)
    0x080101da   0x0000000c   Code   RO         2118    .ARM.Collect$$libinit$$00000012  c_w.l(libinit2.o)
    0x080101e6   0x00000000   Code   RO         2119    .ARM.Collect$$libinit$$00000013  c_w.l(libinit2.o)
    0x080101e6   0x00000000   Code   RO         2121    .ARM.Collect$$libinit$$00000015  c_w.l(libinit2.o)
    0x080101e6   0x0000000a   Code   RO         2122    .ARM.Collect$$libinit$$00000016  c_w.l(libinit2.o)
    0x080101f0   0x00000000   Code   RO         2123    .ARM.Collect$$libinit$$00000017  c_w.l(libinit2.o)
    0x080101f0   0x00000000   Code   RO         2125    .ARM.Collect$$libinit$$00000019  c_w.l(libinit2.o)
    0x080101f0   0x00000000   Code   RO         2127    .ARM.Collect$$libinit$$0000001B  c_w.l(libinit2.o)
    0x080101f0   0x00000000   Code   RO         2129    .ARM.Collect$$libinit$$0000001D  c_w.l(libinit2.o)
    0x080101f0   0x00000000   Code   RO         2131    .ARM.Collect$$libinit$$0000001F  c_w.l(libinit2.o)
    0x080101f0   0x00000000   Code   RO         2133    .ARM.Collect$$libinit$$00000021  c_w.l(libinit2.o)
    0x080101f0   0x00000000   Code   RO         2135    .ARM.Collect$$libinit$$00000023  c_w.l(libinit2.o)
    0x080101f0   0x00000004   Code   RO         2136    .ARM.Collect$$libinit$$00000024  c_w.l(libinit2.o)
    0x080101f4   0x00000000   Code   RO         2137    .ARM.Collect$$libinit$$00000025  c_w.l(libinit2.o)
    0x080101f4   0x00000000   Code   RO         2141    .ARM.Collect$$libinit$$0000002C  c_w.l(libinit2.o)
    0x080101f4   0x00000000   Code   RO         2143    .ARM.Collect$$libinit$$0000002E  c_w.l(libinit2.o)
    0x080101f4   0x00000000   Code   RO         2145    .ARM.Collect$$libinit$$00000030  c_w.l(libinit2.o)
    0x080101f4   0x00000000   Code   RO         2147    .ARM.Collect$$libinit$$00000032  c_w.l(libinit2.o)
    0x080101f4   0x00000002   Code   RO         2148    .ARM.Collect$$libinit$$00000033  c_w.l(libinit2.o)
    0x080101f6   0x00000002   Code   RO         2275    .ARM.Collect$$libshutdown$$00000000  c_w.l(libshutdown.o)
    0x080101f8   0x00000004   Code   RO         2224    .ARM.Collect$$libshutdown$$00000002  c_w.l(libshutdown2.o)
    0x080101fc   0x00000000   Code   RO         2225    .ARM.Collect$$libshutdown$$00000003  c_w.l(libshutdown2.o)
    0x080101fc   0x00000000   Code   RO         2228    .ARM.Collect$$libshutdown$$00000006  c_w.l(libshutdown2.o)
    0x080101fc   0x00000000   Code   RO         2231    .ARM.Collect$$libshutdown$$00000009  c_w.l(libshutdown2.o)
    0x080101fc   0x00000000   Code   RO         2233    .ARM.Collect$$libshutdown$$0000000B  c_w.l(libshutdown2.o)
    0x080101fc   0x00000000   Code   RO         2236    .ARM.Collect$$libshutdown$$0000000E  c_w.l(libshutdown2.o)
    0x080101fc   0x00000002   Code   RO         2237    .ARM.Collect$$libshutdown$$0000000F  c_w.l(libshutdown2.o)
    0x080101fe   0x00000000   Code   RO         1864    .ARM.Collect$$rtentry$$00000000  c_w.l(__rtentry.o)
    0x080101fe   0x00000000   Code   RO         1996    .ARM.Collect$$rtentry$$00000002  c_w.l(__rtentry2.o)
    0x080101fe   0x00000006   Code   RO         2008    .ARM.Collect$$rtentry$$00000004  c_w.l(__rtentry4.o)
    0x08010204   0x00000000   Code   RO         1998    .ARM.Collect$$rtentry$$00000009  c_w.l(__rtentry2.o)
    0x08010204   0x00000004   Code   RO         1999    .ARM.Collect$$rtentry$$0000000A  c_w.l(__rtentry2.o)
    0x08010208   0x00000000   Code   RO         2001    .ARM.Collect$$rtentry$$0000000C  c_w.l(__rtentry2.o)
    0x08010208   0x00000008   Code   RO         2002    .ARM.Collect$$rtentry$$0000000D  c_w.l(__rtentry2.o)
    0x08010210   0x00000002   Code   RO         2240    .ARM.Collect$$rtexit$$00000000  c_w.l(rtexit.o)
    0x08010212   0x00000000   Code   RO         2257    .ARM.Collect$$rtexit$$00000002  c_w.l(rtexit2.o)
    0x08010212   0x00000004   Code   RO         2258    .ARM.Collect$$rtexit$$00000003  c_w.l(rtexit2.o)
    0x08010216   0x00000006   Code   RO         2259    .ARM.Collect$$rtexit$$00000004  c_w.l(rtexit2.o)
    0x0801021c   0x00000020   Code   RO          567    .emb_text           core_cm3.o
    0x0801023c   0x00000000   Code   RO         2159    .emb_text           c_w.l(maybetermalloc1.o)
    0x0801023c   0x00002094   Code   RO            1    .text               main_1.o
    0x080122d0   0x0000006c   Code   RO          206    .text               stm32f10x_it.o
    0x0801233c   0x000006d0   Code   RO          283    .text               iir.o
    0x08012a0c   0x00000398   Code   RO          299    .text               adc.o
    0x08012da4   0x000001ac   Code   RO          312    .text               flash.o
    0x08012f50   0x00001158   Code   RO          364    .text               ext_adc.o
    0x080140a8   0x000002ac   Code   RO          401    .text               keyboard.o
    0x08014354   0x000003d8   Code   RO          431    .text               reg.o
    0x0801472c   0x0000027c   Code   RO          457    .text               realtime.o
    0x080149a8   0x0000046c   Code   RO          493    .text               flash_at45db.o
    0x08014e14   0x00000270   Code   RO          515    .text               road.o
    0x08015084   0x0000013c   Code   RO          549    .text               system_stm32f10x.o
    0x080151c0   0x000000dc   Code   RO          578    .text               misc.o
    0x0801529c   0x000003a4   Code   RO          590    .text               stm32f10x_rcc.o
    0x08015640   0x000003a4   Code   RO          604    .text               stm32f10x_usart.o
    0x080159e4   0x0000033c   Code   RO          616    .text               stm32f10x_gpio.o
    0x08015d20   0x0000044e   Code   RO          640    .text               stm32f10x_adc.o
    0x0801616e   0x00000002   PAD
    0x08016170   0x00000148   Code   RO          652    .text               stm32f10x_rtc.o
    0x080162b8   0x0000030c   Code   RO          664    .text               stm32f10x_spi.o
    0x080165c4   0x00000b96   Code   RO          676    .text               stm32f10x_tim.o
    0x0801715a   0x00000002   PAD
    0x0801715c   0x000000c4   Code   RO          688    .text               stm32f10x_bkp.o
    0x08017220   0x000000c0   Code   RO          700    .text               stm32f10x_pwr.o
    0x080172e0   0x00000040   Code   RO          742    .text               stm32f10x_iwdg.o
    0x08017320   0x00000534   Code   RO          754    .text               stm32f10x_flash.o
    0x08017854   0x00000038   Code   RO          781    .text               startup_stm32f10x_md.o
    0x0801788c   0x00000060   Code   RO          797    .text               usbuser.o
    0x080178ec   0x0000068c   Code   RO          867    .text               mscuser.o
    0x08017f78   0x00000318   Code   RO          900    .text               usbcore.o
    0x08018290   0x00000468   Code   RO          971    .text               usbhw.o
    0x080186f8   0x00000160   Code   RO          989    .text               retarget.o
    0x08018858   0x0000008c   Code   RO         1036    .text               _fs_fclose.o
    0x080188e4   0x00000134   Code   RO         1048    .text               _fs_fcreate.o
    0x08018a18   0x0000008c   Code   RO         1074    .text               _fs_fdelete.o
    0x08018aa4   0x00000578   Code   RO         1086    .text               _fs_flashio.o
    0x0801901c   0x0000009c   Code   RO         1098    .text               _fs_flushbuf.o
    0x080190b8   0x000001f0   Code   RO         1110    .text               _fs_fopen.o
    0x080192a8   0x000000cc   Code   RO         1134    .text               _fs_getfsize.o
    0x08019374   0x000000bc   Code   RO         1146    .text               _fs_read.o
    0x08019430   0x00000130   Code   RO         1158    .text               _fs_setfpos.o
    0x08019560   0x00000114   Code   RO         1170    .text               _fs_write.o
    0x08019674   0x00002e9c   Code   RO         1271    .text               fs_fat.o
    0x0801c510   0x00000084   Code   RO         1290    .text               fs_time.o
    0x0801c594   0x00000170   Code   RO         1322    .text               fs_lib.o
    0x0801c704   0x00000040   Code   RO         1335    .text               fs_finit.o
    0x0801c744   0x00000042   Code   RO         1348    .text               fs_flashprg.o
    0x0801c786   0x00000002   PAD
    0x0801c788   0x0000022c   Code   RO         1360    .text               ssd1303.o
    0x0801c9b4   0x000005c4   Code   RO         1378    .text               vga_lib.o
    0x0801cf78   0x00000b38   Code   RO         1468    .text               types.o
    0x0801dab0   0x0000419c   Code   RO         1508    .text               menu.o
    0x08021c4c   0x0000327c   Code   RO         1598    .text               ff.o
    0x08024ec8   0x00000080   Code   RO         1628    .text               ccsbcs.o
    0x08024f48   0x00000950   Code   RO         1651    .text               mmc_32f1.o
    0x08025898   0x00000008   Code   RO         1682    .text               c_w.l(rt_errno_addr_intlibspace.o)
    0x080258a0   0x00000028   Code   RO         1690    .text               c_w.l(noretval__2sprintf.o)
    0x080258c8   0x0000004e   Code   RO         1694    .text               c_w.l(_printf_pad.o)
    0x08025916   0x00000052   Code   RO         1696    .text               c_w.l(_printf_str.o)
    0x08025968   0x00000078   Code   RO         1698    .text               c_w.l(_printf_dec.o)
    0x080259e0   0x00000138   Code   RO         1712    .text               c_w.l(__printf_flags_wp.o)
    0x08025b18   0x00000018   Code   RO         1726    .text               c_w.l(__0fscanf.o)
    0x08025b30   0x000000e0   Code   RO         1728    .text               c_w.l(_scanf_str.o)
    0x08025c10   0x0000001a   Code   RO         1730    .text               c_w.l(atoi.o)
    0x08025c2a   0x00000002   PAD
    0x08025c2c   0x000000f8   Code   RO         1738    .text               c_w.l(fseek.o)
    0x08025d24   0x000000ec   Code   RO         1742    .text               c_w.l(fopen.o)
    0x08025e10   0x0000004c   Code   RO         1744    .text               c_w.l(fclose.o)
    0x08025e5c   0x00000108   Code   RO         1754    .text               c_w.l(strerror.o)
    0x08025f64   0x00000048   Code   RO         1756    .text               c_w.l(strcpy.o)
    0x08025fac   0x0000003e   Code   RO         1758    .text               c_w.l(strlen.o)
    0x08025fea   0x0000008a   Code   RO         1760    .text               c_w.l(rt_memcpy_v6.o)
    0x08026074   0x00000064   Code   RO         1762    .text               c_w.l(rt_memcpy_w.o)
    0x080260d8   0x00000010   Code   RO         1764    .text               c_w.l(aeabi_memset.o)
    0x080260e8   0x00000044   Code   RO         1766    .text               c_w.l(rt_memclr.o)
    0x0802612c   0x0000004e   Code   RO         1768    .text               c_w.l(rt_memclr_w.o)
    0x0802617a   0x00000056   Code   RO         1770    .text               c_w.l(strncpy.o)
    0x080261d0   0x00000080   Code   RO         1772    .text               c_w.l(strcmpv7m.o)
    0x08026250   0x0000000c   Code   RO         1774    .text               c_w.l(localtime.o)
    0x0802625c   0x000001a8   Code   RO         1777    .text               c_w.l(mktime.o)
    0x08026404   0x00000006   Code   RO         1779    .text               c_w.l(heapauxi.o)
    0x0802640a   0x00000002   PAD
    0x0802640c   0x00000008   Code   RO         1859    .text               c_w.l(libspace.o)
    0x08026414   0x0000005e   Code   RO         1869    .text               c_w.l(h1_alloc.o)
    0x08026472   0x0000004e   Code   RO         1871    .text               c_w.l(h1_free.o)
    0x080264c0   0x00000016   Code   RO         1927    .text               c_w.l(_rserrno.o)
    0x080264d6   0x000000b2   Code   RO         1929    .text               c_w.l(_printf_intcommon.o)
    0x08026588   0x0000041a   Code   RO         1931    .text               c_w.l(_printf_fp_dec.o)
    0x080269a2   0x00000002   PAD
    0x080269a4   0x00000030   Code   RO         1933    .text               c_w.l(_printf_char_common.o)
    0x080269d4   0x0000000a   Code   RO         1935    .text               c_w.l(_sputc.o)
    0x080269de   0x0000002c   Code   RO         1937    .text               c_w.l(_printf_char.o)
    0x08026a0a   0x00000002   PAD
    0x08026a0c   0x00000018   Code   RO         1942    .text               c_w.l(scanf_char_file.o)
    0x08026a24   0x00000070   Code   RO         1944    .text               c_w.l(strtol.o)
    0x08026a94   0x00000042   Code   RO         1952    .text               c_w.l(ftell.o)
    0x08026ad6   0x00000002   PAD
    0x08026ad8   0x000000f0   Code   RO         1954    .text               c_w.l(stdio.o)
    0x08026bc8   0x000000b8   Code   RO         1966    .text               c_w.l(localtime_internal.o)
    0x08026c80   0x00000010   Code   RO         2010    .text               c_w.l(rt_ctype_table.o)
    0x08026c90   0x00000008   Code   RO         2015    .text               c_w.l(rt_heap_descriptor_intlibspace.o)
    0x08026c98   0x00000008   Code   RO         2020    .text               c_w.l(rt_locale_intlibspace.o)
    0x08026ca0   0x00000004   Code   RO         2022    .text               c_w.l(hguard.o)
    0x08026ca4   0x0000008a   Code   RO         2024    .text               c_w.l(init_alloc.o)
    0x08026d2e   0x0000000e   Code   RO         2028    .text               c_w.l(h1_init.o)
    0x08026d3c   0x0000008a   Code   RO         2042    .text               c_w.l(lludiv10.o)
    0x08026dc6   0x00000002   PAD
    0x08026dc8   0x00000080   Code   RO         2044    .text               c_w.l(_printf_fp_infnan.o)
    0x08026e48   0x0000002c   Code   RO         2050    .text               c_w.l(scanf_char.o)
    0x08026e74   0x0000009e   Code   RO         2052    .text               c_w.l(_strtoul.o)
    0x08026f12   0x00000002   PAD
    0x08026f14   0x000000dc   Code   RO         2054    .text               c_w.l(bigflt0.o)
    0x08026ff0   0x00000048   Code   RO         2079    .text               c_w.l(backspace.o)
    0x08027038   0x0000023a   Code   RO         2083    .text               c_w.l(filbuf.o)
    0x08027272   0x00000002   PAD
    0x08027274   0x00000138   Code   RO         2087    .text               c_w.l(initio.o)
    0x080273ac   0x0000004a   Code   RO         2155    .text               c_w.l(sys_stackheap_outer.o)
    0x080273f6   0x00000034   Code   RO         2161    .text               c_w.l(h1_extend.o)
    0x0802742a   0x00000012   Code   RO         2165    .text               c_w.l(isspace.o)
    0x0802743c   0x0000001c   Code   RO         2167    .text               c_w.l(_chval.o)
    0x08027458   0x00000374   Code   RO         2169    .text               c_w.l(_scanf.o)
    0x080277cc   0x00000064   Code   RO         2173    .text               c_w.l(fflush.o)
    0x08027830   0x00000046   Code   RO         2177    .text               c_w.l(setvbuf.o)
    0x08027876   0x00000002   PAD
    0x08027878   0x00000048   Code   RO         2179    .text               c_w.l(ungetc.o)
    0x080278c0   0x00000118   Code   RO         2181    .text               c_w.l(freadfast.o)
    0x080279d8   0x00000038   Code   RO         2185    .text               c_w.l(flushlinebuffered.o)
    0x08027a10   0x0000000c   Code   RO         2202    .text               c_w.l(exit.o)
    0x08027a1c   0x0000000e   Code   RO         2204    .text               c_w.l(defsig_rtred_outer.o)
    0x08027a2a   0x0000000e   Code   RO         2208    .text               c_w.l(defsig_rtmem_outer.o)
    0x08027a38   0x0000000a   Code   RO         2246    .text               c_w.l(defsig_exit.o)
    0x08027a42   0x00000002   PAD
    0x08027a44   0x00000034   Code   RO         2248    .text               c_w.l(defsig_rtred_inner.o)
    0x08027a78   0x00000050   Code   RO         2250    .text               c_w.l(defsig_rtmem_inner.o)
    0x08027ac8   0x00000032   Code   RO         2269    .text               c_w.l(defsig_general.o)
    0x08027afa   0x0000003e   Code   RO         2057    CL$$btod_d2e        c_w.l(btod.o)
    0x08027b38   0x00000046   Code   RO         2059    CL$$btod_d2e_denorm_low  c_w.l(btod.o)
    0x08027b7e   0x00000060   Code   RO         2058    CL$$btod_d2e_norm_op1  c_w.l(btod.o)
    0x08027bde   0x00000338   Code   RO         2067    CL$$btod_div_common  c_w.l(btod.o)
    0x08027f16   0x000000c6   Code   RO         2064    CL$$btod_e2e        c_w.l(btod.o)
    0x08027fdc   0x00000028   Code   RO         2061    CL$$btod_ediv       c_w.l(btod.o)
    0x08028004   0x00000028   Code   RO         2060    CL$$btod_emul       c_w.l(btod.o)
    0x0802802c   0x00000244   Code   RO         2066    CL$$btod_mult_common  c_w.l(btod.o)
    0x08028270   0x000000a8   Code   RO          924    i.USB_GetDescriptor  usbcore.o
    0x08028318   0x000000d0   Code   RO          912    i.USB_GetStatus     usbcore.o
    0x080283e8   0x000000dc   Code   RO          918    i.USB_SetClrFeature  usbcore.o
    0x080284c4   0x00000190   Code   RO          930    i.USB_SetConfiguration  usbcore.o
    0x08028654   0x00000110   Code   RO          936    i.USB_SetInterface  usbcore.o
    0x08028764   0x00000028   Code   RO         2153    i.__ARM_fpclassify  m_ws.l(fpclassify.o)
    0x0802878c   0x0000000e   Code   RO         1710    i._is_digit         c_w.l(__printf_wp.o)
    0x0802879a   0x00000002   PAD
    0x0802879c   0x000000dc   Code   RO         1844    i.ceil              m_ws.l(ceil.o)
    0x08028878   0x00000018   Code   RO         1947    i.fgetc             c_w.l(fgetc.o)
    0x08028890   0x0000003a   Code   RO         1847    i.lrint             m_ws.l(lrint.o)
    0x080288ca   0x0000004c   Code   RO         1852    i.sqrt              m_ws.l(sqrt.o)
    0x08028916   0x00000002   PAD
    0x08028918   0x0000002c   Code   RO         2098    locale$$code        c_w.l(lc_numeric_c.o)
    0x08028944   0x0000002c   Code   RO         2200    locale$$code        c_w.l(lc_ctype_c.o)
    0x08028970   0x00000062   Code   RO         1783    x$fpl$d2f           fz_ws.l(d2f.o)
    0x080289d2   0x00000002   PAD
    0x080289d4   0x00000150   Code   RO         1970    x$fpl$dadd          fz_ws.l(daddsub_clz.o)
    0x08028b24   0x00000018   Code   RO         1976    x$fpl$dcmpinf       fz_ws.l(dcmpi.o)
    0x08028b3c   0x000002b0   Code   RO         1786    x$fpl$ddiv          fz_ws.l(ddiv.o)
    0x08028dec   0x00000078   Code   RO         1978    x$fpl$deqf          fz_ws.l(deqf.o)
    0x08028e64   0x0000005e   Code   RO         1789    x$fpl$dfix          fz_ws.l(dfix.o)
    0x08028ec2   0x00000002   PAD
    0x08028ec4   0x00000086   Code   RO         1790    x$fpl$dfixr         fz_ws.l(dfix.o)
    0x08028f4a   0x0000002e   Code   RO         1794    x$fpl$dflt          fz_ws.l(dflt_clz.o)
    0x08028f78   0x00000026   Code   RO         1793    x$fpl$dfltu         fz_ws.l(dflt_clz.o)
    0x08028f9e   0x00000002   PAD
    0x08028fa0   0x0000008a   Code   RO         1800    x$fpl$dfltull       fz_ws.l(dfltll_clz.o)
    0x0802902a   0x00000002   PAD
    0x0802902c   0x00000078   Code   RO         1803    x$fpl$dleqf         fz_ws.l(dleqf.o)
    0x080290a4   0x00000154   Code   RO         1805    x$fpl$dmul          fz_ws.l(dmul.o)
    0x080291f8   0x0000009c   Code   RO         1980    x$fpl$dnaninf       fz_ws.l(dnaninf.o)
    0x08029294   0x0000000c   Code   RO         1982    x$fpl$dretinf       fz_ws.l(dretinf.o)
    0x080292a0   0x0000006c   Code   RO         1807    x$fpl$drleqf        fz_ws.l(drleqf.o)
    0x0802930c   0x000000b4   Code   RO         1984    x$fpl$drnd          fz_ws.l(drnd.o)
    0x080293c0   0x00000016   Code   RO         1971    x$fpl$drsb          fz_ws.l(daddsub_clz.o)
    0x080293d6   0x00000002   PAD
    0x080293d8   0x000001cc   Code   RO         1986    x$fpl$dsqrt         fz_ws.l(dsqrt_noumaal.o)
    0x080295a4   0x000001d4   Code   RO         1972    x$fpl$dsub          fz_ws.l(daddsub_clz.o)
    0x08029778   0x00000056   Code   RO         1809    x$fpl$f2d           fz_ws.l(f2d.o)
    0x080297ce   0x00000002   PAD
    0x080297d0   0x000000c4   Code   RO         1811    x$fpl$fadd          fz_ws.l(faddsub_clz.o)
    0x08029894   0x00000018   Code   RO         1988    x$fpl$fcmpinf       fz_ws.l(fcmpi.o)
    0x080298ac   0x00000184   Code   RO         1818    x$fpl$fdiv          fz_ws.l(fdiv.o)
    0x08029a30   0x00000036   Code   RO         1821    x$fpl$ffix          fz_ws.l(ffix.o)
    0x08029a66   0x00000002   PAD
    0x08029a68   0x0000003e   Code   RO         1825    x$fpl$ffixu         fz_ws.l(ffixu.o)
    0x08029aa6   0x00000002   PAD
    0x08029aa8   0x00000030   Code   RO         1830    x$fpl$fflt          fz_ws.l(fflt_clz.o)
    0x08029ad8   0x00000026   Code   RO         1829    x$fpl$ffltu         fz_ws.l(fflt_clz.o)
    0x08029afe   0x00000002   PAD
    0x08029b00   0x00000068   Code   RO         1835    x$fpl$fleqf         fz_ws.l(fleqf.o)
    0x08029b68   0x00000102   Code   RO         1837    x$fpl$fmul          fz_ws.l(fmul.o)
    0x08029c6a   0x0000008c   Code   RO         1990    x$fpl$fnaninf       fz_ws.l(fnaninf.o)
    0x08029cf6   0x0000000a   Code   RO         1992    x$fpl$fretinf       fz_ws.l(fretinf.o)
    0x08029d00   0x00000062   Code   RO         1839    x$fpl$frleqf        fz_ws.l(frleqf.o)
    0x08029d62   0x00000002   PAD
    0x08029d64   0x000000ea   Code   RO         1813    x$fpl$fsub          fz_ws.l(faddsub_clz.o)
    0x08029e4e   0x00000004   Code   RO         1841    x$fpl$printf1       fz_ws.l(printf1.o)
    0x08029e52   0x00000000   Code   RO         1994    x$fpl$usenofp       fz_ws.l(usenofp.o)
    0x08029e52   0x00000108   Data   RO          419    .constdata          params.o
    0x08029f5a   0x00000002   PAD
    0x08029f5c   0x00000040   Data   RO          798    .constdata          usbuser.o
    0x08029f9c   0x000000a5   Data   RO          959    .constdata          usbdesc.o
    0x0802a041   0x00000014   Data   RO          990    .constdata          retarget.o
    0x0802a055   0x00000003   PAD
    0x0802a058   0x00000038   Data   RO         1183    .constdata          file_config.o
    0x0802a090   0x000000a9   Data   RO         1273    .constdata          fs_fat.o
    0x0802a139   0x00000240   Data   RO         1361    .constdata          ssd1303.o
    0x0802a379   0x00000c00   Data   RO         1380    .constdata          vga_lib.o
    0x0802af79   0x00000003   PAD
    0x0802af7c   0x00000608   Data   RO         1405    .constdata          font_6x8.o
    0x0802b584   0x00000e08   Data   RO         1429    .constdata          font_7x10_bold.o
    0x0802c38c   0x00001808   Data   RO         1441    .constdata          font_12x16.o
    0x0802db94   0x00000408   Data   RO         1453    .constdata          font_4x7.o
    0x0802df9c   0x00000043   Data   RO         1470    .constdata          types.o
    0x0802dfdf   0x000019c6   Data   RO         1496    .constdata          items.o
    0x0802f9a5   0x00000003   PAD
    0x0802f9a8   0x00000050   Data   RO         1510    .constdata          menu.o
    0x0802f9f8   0x000000ba   Data   RO         1599    .constdata          ff.o
    0x0802fab2   0x000004c0   Data   RO         1629    .constdata          ccsbcs.o
    0x0802ff72   0x00000011   Data   RO         1713    .constdata          c_w.l(__printf_flags_wp.o)
    0x0802ff83   0x0000000c   Data   RO         1965    .constdata          c_w.l(_monlen.o)
    0x0802ff8f   0x00000001   PAD
    0x0802ff90   0x00000094   Data   RO         2055    .constdata          c_w.l(bigflt0.o)
    0x08030024   0x00000139   Data   RO         1511    .conststring        menu.o
    0x0803015d   0x00000003   PAD
    0x08030160   0x00000020   Data   RO         2290    Region$$Table       anon$$obj.o
    0x08030180   0x0000001c   Data   RO         2097    locale$$data        c_w.l(lc_numeric_c.o)
    0x0803019c   0x00000110   Data   RO         2199    locale$$data        c_w.l(lc_ctype_c.o)


    Execution Region RW_IRAM1 (Base: 0x20000000, Size: 0x0000eed0, Max: 0x00010000, ABSOLUTE, COMPRESSED[0x00000308])

    Base Addr    Size         Type   Attr      Idx    E Section Name        Object

    0x20000000   0x0000009c   Data   RW            3    .data               main_1.o
    0x2000009c   0x00000001   Data   RW          207    .data               stm32f10x_it.o
    0x2000009d   0x00000002   Data   RW          285    .data               iir.o
    0x2000009f   0x00000001   PAD
    0x200000a0   0x0000001a   Data   RW          300    .data               adc.o
    0x200000ba   0x00000006   PAD
    0x200000c0   0x00000550   Data   RW          367    .data               ext_adc.o
    0x20000610   0x00000009   Data   RW          402    .data               keyboard.o
    0x20000619   0x00000004   Data   RW          495    .data               flash_at45db.o
    0x2000061d   0x00000003   PAD
    0x20000620   0x00000004   Data   RW          517    .data               road.o
    0x20000624   0x00000014   Data   RW          591    .data               stm32f10x_rcc.o
    0x20000638   0x0000001c   Data   RW          869    .data               mscuser.o
    0x20000654   0x0000002c   Data   RW          901    .data               usbcore.o
    0x20000680   0x00000006   Data   RW          972    .data               usbhw.o
    0x20000686   0x00000002   PAD
    0x20000688   0x00000014   Data   RW         1274    .data               fs_fat.o
    0x2000069c   0x00000001   Data   RW         1362    .data               ssd1303.o
    0x2000069d   0x00000003   Data   RW         1381    .data               vga_lib.o
    0x200006a0   0x00000001   Data   RW         1471    .data               types.o
    0x200006a1   0x00000003   PAD
    0x200006a4   0x000000b8   Data   RW         1512    .data               menu.o
    0x2000075c   0x00000006   Data   RW         1600    .data               ff.o
    0x20000762   0x00000002   PAD
    0x20000764   0x0000000d   Data   RW         1653    .data               mmc_32f1.o
    0x20000771   0x00000003   PAD
    0x20000774   0x00000004   Data   RW         1960    .data               c_w.l(stdio_streams.o)
    0x20000778   0x00000004   Data   RW         1961    .data               c_w.l(stdio_streams.o)
    0x2000077c   0x00000004   Data   RW         1962    .data               c_w.l(stdio_streams.o)
    0x20000780   0x00000516   Zero   RW            2    .bss                main_1.o
    0x20000c96   0x00000002   PAD
    0x20000c98   0x0000016c   Zero   RW          284    .bss                iir.o
    0x20000e04   0x00000004   PAD
    0x20000e08   0x0000c3c0   Zero   RW          365    .bss                ext_adc.o
    0x2000d1c8   0x00000044   Zero   RW          432    .bss                reg.o
    0x2000d20c   0x0000002c   Zero   RW          458    .bss                realtime.o
    0x2000d238   0x00000200   Zero   RW          494    .bss                flash_at45db.o
    0x2000d438   0x00000210   Zero   RW          516    .bss                road.o
    0x2000d648   0x0000006c   Zero   RW          868    .bss                mscuser.o
    0x2000d6b4   0x00000434   Zero   RW         1182    .bss                file_config.o
    0x2000dae8   0x00000154   Zero   RW         1272    .bss                fs_fat.o
    0x2000dc3c   0x00000400   Zero   RW         1379    .bss                vga_lib.o
    0x2000e03c   0x00000032   Zero   RW         1469    .bss                types.o
    0x2000e06e   0x00000002   PAD
    0x2000e070   0x000004d7   Zero   RW         1509    .bss                menu.o
    0x2000e547   0x00000200   Zero   RW         1652    .bss                mmc_32f1.o
    0x2000e747   0x00000001   PAD
    0x2000e748   0x0000002c   Zero   RW         1775    .bss                c_w.l(localtime.o)
    0x2000e774   0x00000060   Zero   RW         1860    .bss                c_w.l(libspace.o)
    0x2000e7d4   0x00000054   Zero   RW         1957    .bss                c_w.l(stdio_streams.o)
    0x2000e828   0x00000054   Zero   RW         1958    .bss                c_w.l(stdio_streams.o)
    0x2000e87c   0x00000054   Zero   RW         1959    .bss                c_w.l(stdio_streams.o)
    0x2000e8d0   0x00000200   Zero   RW          779    HEAP                startup_stm32f10x_md.o
    0x2000ead0   0x00000400   Zero   RW          778    STACK               startup_stm32f10x_md.o


==============================================================================

Image component sizes


      Code (inc. data)   RO Data    RW Data    ZI Data      Debug   Object Name

       140         10          0          0          0        887   _fs_fclose.o
       308          0          0          0          0       9828   _fs_fcreate.o
       140          0          0          0          0        975   _fs_fdelete.o
         0          0          0          0          0       8525   _fs_ffind.o
      1400         20          0          0          0       5940   _fs_flashio.o
       156         10          0          0          0        901   _fs_flushbuf.o
       496         18          0          0          0       1382   _fs_fopen.o
       204          4          0          0          0       1093   _fs_getfsize.o
       188         10          0          0          0       1053   _fs_read.o
       304          8          0          0          0       1200   _fs_setfpos.o
       276          8          0          0          0       1110   _fs_write.o
       920         20          0         26          0       2751   adc.o
       128         12       1216          0          0       1861   ccsbcs.o
        32          0          0          0          0        540   core_cm3.o
      4440        502          0       1360      50112       7960   ext_adc.o
     12924        148        186          6          0      38195   ff.o
         0          0         56          0       1076       4550   file_config.o
       428         38          0          0          0       3091   flash.o
      1132         22          0          4        512       5157   flash_at45db.o
         0          0          0          0          0       8569   fm25v10.o
         0          0       6152          0          0        983   font_12x16.o
         0          0       1032          0          0        969   font_4x7.o
         0          0       1544          0          0        969   font_6x8.o
         0          0       3592          0          0       1003   font_7x10_bold.o
     11932        454        169         20        340      29845   fs_fat.o
        64         14          0          0          0        472   fs_finit.o
        66          0          0          0          0       1838   fs_flashprg.o
       368         42          0          0          0       2439   fs_lib.o
       132          0          0          0          0        734   fs_time.o
      1744         36          0          2        364       5653   iir.o
         0          0       6598          0          0       1153   items.o
       684         26          0          9          0       2586   keyboard.o
      8340       1184          0        156       1302     313947   main_1.o
     16796       2048        393        184       1239      27060   menu.o
       220         22          0          0          0       1709   misc.o
      2384         62          0         13        512      10669   mmc_32f1.o
      1676         84          0         28        108       6645   mscuser.o
         0          0        264          0          0        757   params.o
       636         24          0          0         44      14043   realtime.o
       984         14          0          0         68       3044   reg.o
       352         28         20          0          0       4209   retarget.o
       624        114          0          4        528       2633   road.o
       556         46        576          1          0       2415   ssd1303.o
        56         22        236          0       1536        780   startup_stm32f10x_md.o
      1102         26          0          0          0      10745   stm32f10x_adc.o
       196          8          0          0          0       3440   stm32f10x_bkp.o
      1332         34          0          0          0       7078   stm32f10x_flash.o
       828         38          0          0          0       5449   stm32f10x_gpio.o
       108         10          0          1          0       1444   stm32f10x_it.o
        64          6          0          0          0       1225   stm32f10x_iwdg.o
       192         14          0          0          0       1891   stm32f10x_pwr.o
       932         36          0         20          0       8692   stm32f10x_rcc.o
       328          4          0          0          0       2626   stm32f10x_rtc.o
       780         14          0          0          0       6418   stm32f10x_spi.o
      2966         28          0          0          0      23976   stm32f10x_tim.o
       932         22          0          0          0       7759   stm32f10x_usart.o
       316         18          0          0          0       1145   system_stm32f10x.o
      2872        152         67          1         50       9521   types.o
      2060        198          0         44          0       7078   usbcore.o
         0          0        165          0          0        665   usbdesc.o
      1128         46          0          6          0       6952   usbhw.o
        96          6         64          0          0       8331   usbuser.o
      1476         38       3072          3       1024       7405   vga_lib.o
         0          0          0          0          0     223357   wav.o

    ----------------------------------------------------------------------
     88944       5748      25448       1908      58824     887320   Object Totals
         0          0         32          0          0          0   (incl. Generated)
         6          0         14         20          9          0   (incl. Padding)

    ----------------------------------------------------------------------

      Code (inc. data)   RO Data    RW Data    ZI Data      Debug   Library Member Name

        24          0          0          0          0         84   __0fscanf.o
       100          0          0          0          0          0   __dclz77c.o
         8          0          0          0          0         68   __main.o
       312          4         17          0          0         92   __printf_flags_wp.o
        14          0          0          0          0         68   __printf_wp.o
         0          0          0          0          0          0   __rtentry.o
        12          0          0          0          0          0   __rtentry2.o
         6          0          0          0          0          0   __rtentry4.o
        52          8          0          0          0          0   __scatter.o
        28          0          0          0          0          0   __scatter_zi.o
        28          0          0          0          0         68   _chval.o
         0          0         12          0          0          0   _monlen.o
         6          0          0          0          0          0   _printf_c.o
        44          0          0          0          0        108   _printf_char.o
        48          6          0          0          0         96   _printf_char_common.o
         6          0          0          0          0          0   _printf_d.o
       120         16          0          0          0         92   _printf_dec.o
         6          0          0          0          0          0   _printf_f.o
      1050          0          0          0          0        216   _printf_fp_dec.o
       128         16          0          0          0         84   _printf_fp_infnan.o
       178          0          0          0          0         88   _printf_intcommon.o
        78          0          0          0          0        108   _printf_pad.o
         0          0          0          0          0          0   _printf_percent.o
         4          0          0          0          0          0   _printf_percent_end.o
         6          0          0          0          0          0   _printf_s.o
        82          0          0          0          0         80   _printf_str.o
         6          0          0          0          0          0   _printf_u.o
        22          0          0          0          0        100   _rserrno.o
       884          6          0          0          0        100   _scanf.o
       224          0          0          0          0         96   _scanf_str.o
        10          0          0          0          0         68   _sputc.o
       158          0          0          0          0         92   _strtoul.o
        16          0          0          0          0         68   aeabi_memset.o
        26          0          0          0          0         80   atoi.o
        72          0          0          0          0         92   backspace.o
       220          4        148          0          0         96   bigflt0.o
      1910        128          0          0          0        672   btod.o
        10          0          0          0          0         68   defsig_exit.o
        50          0          0          0          0         88   defsig_general.o
        80         58          0          0          0         76   defsig_rtmem_inner.o
        14          0          0          0          0         80   defsig_rtmem_outer.o
        52         38          0          0          0         76   defsig_rtred_inner.o
        14          0          0          0          0         80   defsig_rtred_outer.o
        12          0          0          0          0         72   exit.o
        76          0          0          0          0         88   fclose.o
       100          4          0          0          0        120   fflush.o
        24          0          0          0          0         68   fgetc.o
       570          0          0          0          0        132   filbuf.o
        56          6          0          0          0         80   flushlinebuffered.o
       236          4          0          0          0        128   fopen.o
       280          0          0          0          0         96   freadfast.o
       248          6          0          0          0         84   fseek.o
        66          0          0          0          0         76   ftell.o
        94          0          0          0          0         80   h1_alloc.o
        52          0          0          0          0         68   h1_extend.o
        78          0          0          0          0         80   h1_free.o
        14          0          0          0          0         84   h1_init.o
         6          0          0          0          0        152   heapauxi.o
         4          0          0          0          0        136   hguard.o
       138          0          0          0          0        168   init_alloc.o
       312         46          0          0          0        112   initio.o
        18          0          0          0          0         76   isspace.o
        44         10        272          0          0         76   lc_ctype_c.o
        44         10         28          0          0         76   lc_numeric_c.o
         2          0          0          0          0          0   libinit.o
        42          0          0          0          0          0   libinit2.o
         2          0          0          0          0          0   libshutdown.o
         6          0          0          0          0          0   libshutdown2.o
         8          4          0          0         96         68   libspace.o
       138          0          0          0          0         80   lludiv10.o
        12          6          0          0         44         68   localtime.o
       184          6          0          0          0         80   localtime_internal.o
         0          0          0          0          0          0   maybetermalloc1.o
       424         10          0          0          0        124   mktime.o
        40          6          0          0          0         84   noretval__2sprintf.o
        16          4          0          0          0         76   rt_ctype_table.o
         8          4          0          0          0         68   rt_errno_addr_intlibspace.o
         8          4          0          0          0         68   rt_heap_descriptor_intlibspace.o
         8          4          0          0          0         68   rt_locale_intlibspace.o
        68          0          0          0          0         68   rt_memclr.o
        78          0          0          0          0         80   rt_memclr_w.o
       138          0          0          0          0         68   rt_memcpy_v6.o
       100          0          0          0          0         80   rt_memcpy_w.o
         2          0          0          0          0          0   rtexit.o
        10          0          0          0          0          0   rtexit2.o
        44          8          0          0          0         84   scanf_char.o
        24          8          0          0          0         68   scanf_char_file.o
        70          0          0          0          0         80   setvbuf.o
       240          6          0          0          0        156   stdio.o
         0          0          0         12        252          0   stdio_streams.o
       128          0          0          0          0         68   strcmpv7m.o
        72          0          0          0          0         80   strcpy.o
       264        228          0          0          0         68   strerror.o
        62          0          0          0          0         76   strlen.o
        86          0          0          0          0         76   strncpy.o
       112          0          0          0          0         88   strtol.o
        74          0          0          0          0         80   sys_stackheap_outer.o
        72         12          0          0          0         68   ungetc.o
        98          4          0          0          0         92   d2f.o
       826         16          0          0          0        348   daddsub_clz.o
        24          0          0          0          0         68   dcmpi.o
       688        140          0          0          0        208   ddiv.o
       120          4          0          0          0         92   deqf.o
       228          8          0          0          0        184   dfix.o
        84          0          0          0          0        136   dflt_clz.o
       138          0          0          0          0         84   dfltll_clz.o
       120          4          0          0          0         92   dleqf.o
       340         12          0          0          0        104   dmul.o
       156          4          0          0          0         92   dnaninf.o
        12          0          0          0          0         68   dretinf.o
       108          0          0          0          0         80   drleqf.o
       180          4          0          0          0         80   drnd.o
       460         56          0          0          0        120   dsqrt_noumaal.o
        86          4          0          0          0         84   f2d.o
       430          8          0          0          0        168   faddsub_clz.o
        24          0          0          0          0         68   fcmpi.o
       388         76          0          0          0         96   fdiv.o
        54          4          0          0          0         84   ffix.o
        62          4          0          0          0         84   ffixu.o
        86          0          0          0          0        136   fflt_clz.o
       104          4          0          0          0         84   fleqf.o
       258          4          0          0          0         84   fmul.o
       140          4          0          0          0         84   fnaninf.o
        10          0          0          0          0         68   fretinf.o
        98          0          0          0          0         68   frleqf.o
         4          0          0          0          0         68   printf1.o
         0          0          0          0          0          0   usenofp.o
       220         16          0          0          0         84   ceil.o
        40          0          0          0          0         68   fpclassify.o
        58          0          0          0          0         80   lrint.o
        76          0          0          0          0         84   sqrt.o

    ----------------------------------------------------------------------
     16886       1056        478         12        392      10648   Library Totals
        44          0          1          0          0          0   (incl. Padding)

    ----------------------------------------------------------------------

      Code (inc. data)   RO Data    RW Data    ZI Data      Debug   Library Name

     11122        680        477         12        392       7308   c_w.l
      5326        360          0          0          0       3024   fz_ws.l
       394         16          0          0          0        316   m_ws.l

    ----------------------------------------------------------------------
     16886       1056        478         12        392      10648   Library Totals

    ----------------------------------------------------------------------

==============================================================================


      Code (inc. data)   RO Data    RW Data    ZI Data      Debug   

    105830       6804      25926       1920      59216     885796   Grand Totals
    105830       6804      25926        776      59216     885796   ELF Image Totals (compressed)
    105830       6804      25926        776          0          0   ROM Totals

==============================================================================

    Total RO  Size (Code + RO Data)               131756 ( 128.67kB)
    Total RW  Size (RW Data + ZI Data)             61136 (  59.70kB)
    Total ROM Size (Code + RO Data + RW Data)     132532 ( 129.43kB)

==============================================================================

