<html>
<body>
<pre>
<h1>µVision Build Log</h1>
<h2>Tool Versions:</h2>
IDE-Version: µVision V5.14.0.0
Copyright (C) 2015 ARM Ltd and ARM Germany GmbH. All rights reserved.
License Information: !!! !!!, !!!, LIC=NQQMM-XQXXC-2Z2W4-FPWEV-CQL6M-Q909N
 
Tool Versions:
Toolchain:       MDK-ARM Standard  Version: 5.14.0.0
Toolchain Path:  C:\Keil_v5\ARM\ARMCC\Bin
C Compiler:      Armcc.exe V5.05 update 1 (build 106)
Assembler:       Armasm.exe V5.05 update 1 (build 106)
Linker/Locator:  ArmLink.exe V5.05 update 1 (build 106)
Library Manager: ArmAr.exe V5.05 update 1 (build 106)
Hex Converter:   FromElf.exe V5.05 update 1 (build 106)
CPU DLL:         SARMCM3.DLL V5.14.0.0
Dialog DLL:      DCM.DLL V1.13.1.0
Target DLL:      Segger\JL2CM3.dll V2.99.13.0
Dialog DLL:      TCM.DLL V1.14.4.0
 
<h2>Project:</h2>
D:\Repos\Pion\PION3\Main_project.uvprojx
Project File Date:  11/02/2020

<h2>Output:</h2>
Rebuild target 'STM32'
compiling main.c...
compiling stm32f10x_it.c...
compiling wav.c...
compiling IIR.c...
compiling ADC.c...
compiling Flash.c...
compiling FM25V10.c...
compiling EXT_ADC.c...
compiling Keyboard.c...
compiling Params.c...
compiling Reg.c...
compiling RealTime.c...
compiling FLASH_AT45DB.c...
compiling Road.c...
compiling fft_calc.c...
compiling system_stm32f10x.c...
compiling core_cm3.c...
compiling misc.c...
compiling stm32f10x_rcc.c...
compiling stm32f10x_usart.c...
compiling stm32f10x_gpio.c...
compiling stm32f10x_dma.c...
compiling stm32f10x_adc.c...
compiling stm32f10x_rtc.c...
compiling stm32f10x_spi.c...
compiling stm32f10x_tim.c...
compiling stm32f10x_bkp.c...
compiling stm32f10x_pwr.c...
compiling stm32f10x_exti.c...
compiling stm32f10x_wwdg.c...
compiling stm32f10x_iwdg.c...
compiling stm32f10x_flash.c...
compiling stm32f10x_crc.c...
assembling startup_stm32f10x_md.s...
compiling DiskImg.c...
compiling usbuser.c...
compiling mscuser.c...
compiling usbcore.c...
compiling usbdesc.c...
compiling usbhw.c...
compiling Retarget.c...
compiling _fs_ffind.c...
compiling _fs_fclose.c...
compiling _fs_fcreate.c...
compiling _fs_fdelete.c...
compiling _fs_FlashIO.c...
compiling _fs_flushbuf.c...
compiling _fs_fopen.c...
compiling _fs_frename.c...
compiling _fs_getfsize.c...
compiling _fs_read.c...
compiling _fs_setfpos.c...
compiling _fs_write.c...
compiling File_Config.c...
compiling fs_fanalyse.c...
compiling fs_fcheck.c...
compiling fs_fdefrag.c...
compiling fs_fdelete.c...
compiling fs_ffree.c...
compiling SPI_STM32F103.c...
compiling fs_fat.c...
compiling fs_time.c...
compiling fs_lib.c...
compiling fs_finit.c...
compiling fs_FlashPrg.c...
compiling ssd1303.c...
compiling vga_lib.c...
compiling font_6x8.c...
compiling font_7x10_thin.c...
compiling font_7x10_bold.c...
compiling font_12x16.c...
compiling font_4x7.c...
compiling logos.c...
compiling Types.c...
compiling Items.c...
compiling Menu.c...
compiling ff.c...
compiling ccsbcs.c...
compiling mmc_32f1.c...
linking...
Program Size: Code=106942 RO-data=25926 RW-data=1948 ZI-data=60012  
FromELF: creating hex file...
After Build - User command #1: fromelf --bin --output .\TIK_PION.bin .\Main_project.axf
".\Main_project.axf" - 0 Error(s), 0 Warning(s).

<h2>Collection of Component include folders:</h2>
  D:\Repos\Pion\PION3\RTE
  C:\Keil_v5\ARM\PACK\Keil\STM32F1xx_DFP\2.3.0

<h2>Collection of Component Files used:</h2>
</pre>
</body>
</html>
