Component: ARM Compiler 5.05 update 1 (build 106) Tool: armlink [4d0efa]

==============================================================================

Section Cross References

    main_1.o(.text) refers to _printf_percent.o(.ARM.Collect$$_printf_percent$$00000000) for _printf_percent
    main_1.o(.text) refers to _printf_f.o(.ARM.Collect$$_printf_percent$$00000003) for _printf_f
    main_1.o(.text) refers to printf1.o(x$fpl$printf1) for _printf_fp_dec
    main_1.o(.text) refers to _printf_pad.o(.text) for _printf_pre_padding
    main_1.o(.text) refers to _printf_d.o(.ARM.Collect$$_printf_percent$$00000009) for _printf_d
    main_1.o(.text) refers to _printf_u.o(.ARM.Collect$$_printf_percent$$0000000A) for _printf_u
    main_1.o(.text) refers to _printf_dec.o(.text) for _printf_int_dec
    main_1.o(.text) refers to stm32f10x_iwdg.o(.text) for IWDG_ReloadCounter
    main_1.o(.text) refers to menu.o(.text) for men_1ms
    main_1.o(.text) refers to keyboard.o(.text) for key_1ms
    main_1.o(.text) refers to stm32f10x_rcc.o(.text) for RCC_APB2PeriphClockCmd
    main_1.o(.text) refers to stm32f10x_gpio.o(.text) for GPIO_Init
    main_1.o(.text) refers to main_1.o(.data) for GLOBAL_TIMER_1ms
    main_1.o(.text) refers to vga_lib.o(.text) for vga_CLEAR
    main_1.o(.text) refers to road.o(.text) for rod_DEINIT
    main_1.o(.text) refers to misc.o(.text) for NVIC_Init
    main_1.o(.text) refers to dflt_clz.o(x$fpl$dflt) for __aeabi_i2d
    main_1.o(.text) refers to ddiv.o(x$fpl$ddiv) for __aeabi_ddiv
    main_1.o(.text) refers to noretval__2sprintf.o(.text) for __2sprintf
    main_1.o(.text) refers to fs_finit.o(.text) for finit
    main_1.o(.text) refers to fs_fat.o(.text) for fat_init
    main_1.o(.text) refers to rt_memclr_w.o(.text) for __aeabi_memclr4
    main_1.o(.text) refers to flash.o(.text) for mmc_format
    main_1.o(.text) refers to reg.o(.text) for reg_WRITE
    main_1.o(.text) refers to font_6x8.o(.constdata) for FONT_6x8
    main_1.o(.text) refers to stm32f10x_bkp.o(.text) for BKP_WriteBackupRegister
    main_1.o(.text) refers to fleqf.o(x$fpl$fleqf) for __aeabi_cfcmple
    main_1.o(.text) refers to frleqf.o(x$fpl$frleqf) for __aeabi_cfrcmple
    main_1.o(.text) refers to feqf.o(x$fpl$feqf) for __aeabi_cfcmpeq
    main_1.o(.text) refers to f2d.o(x$fpl$f2d) for __aeabi_f2d
    main_1.o(.text) refers to dleqf.o(x$fpl$dleqf) for __aeabi_cdcmple
    main_1.o(.text) refers to adc.o(.text) for adc_BAT_PERCENT_edit
    main_1.o(.text) refers to realtime.o(.text) for rtc_CHECK_EVENT_1S
    main_1.o(.text) refers to ext_adc.o(.text) for ext_adc_START
    main_1.o(.text) refers to fflt_clz.o(x$fpl$ffltu) for __aeabi_ui2f
    main_1.o(.text) refers to fdiv.o(x$fpl$fdiv) for __aeabi_fdiv
    main_1.o(.text) refers to font_7x10_bold.o(.constdata) for FONT_7x10_bold
    main_1.o(.text) refers to params.o(.constdata) for PARAMS
    main_1.o(.text) refers to ext_adc.o(.bss) for ext_adc_SIM
    main_1.o(.text) refers to keyboard.o(.data) for key_STATE
    main_1.o(.text) refers to fmul.o(x$fpl$fmul) for __aeabi_fmul
    main_1.o(.text) refers to dmul.o(x$fpl$dmul) for __aeabi_dmul
    main_1.o(.text) refers to d2f.o(x$fpl$d2f) for __aeabi_d2f
    main_1.o(.text) refers to iir.o(.text) for iir_RETURN_RMS
    main_1.o(.text) refers to faddsub_clz.o(x$fpl$fsub) for __aeabi_fsub
    main_1.o(.text) refers to sqrt.o(i.sqrt) for sqrt
    main_1.o(.text) refers to ffixu.o(x$fpl$ffixu) for __aeabi_f2uiz
    main_1.o(.text) refers to core_cm3.o(.emb_text) for __set_MSP
    main_1.o(.text) refers to fflt_clz.o(x$fpl$fflt) for __aeabi_i2f
    main_1.o(.text) refers to faddsub_clz.o(x$fpl$fadd) for __aeabi_fadd
    main_1.o(.text) refers to ceil.o(i.ceil) for ceil
    main_1.o(.text) refers to dfix.o(x$fpl$dfix) for __aeabi_d2iz
    main_1.o(.text) refers to system_stm32f10x.o(.text) for SystemInit
    main_1.o(.text) refers to usbhw.o(.text) for USB_Init
    main_1.o(.text) refers to ffix.o(x$fpl$ffix) for __aeabi_f2iz
    main_1.o(.text) refers to ff.o(.text) for f_mount
    main_1.o(.text) refers to strcmpv7m.o(.text) for strcmp
    main_1.o(.text) refers to fopen.o(.text) for fopen
    main_1.o(.text) refers to menu.o(.data) for road_indicator
    main_1.o(.text) refers to usbcore.o(.data) for USB_DeviceAddress
    main_1.o(.text) refers to main_1.o(.bss) for fls
    main_1.o(.text) refers to ext_adc.o(.data) for ext_adc_OVER
    stm32f10x_it.o(.text) refers to main_1.o(.text) for Timer_1ms_CallBack
    stm32f10x_it.o(.text) refers to stm32f10x_usart.o(.text) for USART_GetITStatus
    stm32f10x_it.o(.text) refers to stm32f10x_it.o(.data) for f
    wav.o(.text) refers to _printf_percent.o(.ARM.Collect$$_printf_percent$$00000000) for _printf_percent
    wav.o(.text) refers to fs_fdelete.o(.text) for fdelete
    wav.o(.text) refers to fopen.o(.text) for fopen
    wav.o(.text) refers to fwritefast.o(.text) for fwrite
    wav.o(.text) refers to fclose.o(.text) for fclose
[...]
    f_sync                                   0x0802236b   Thumb Code   176  ff.o(.text)
    f_close                                  0x0802241b   Thumb Code    32  ff.o(.text)
    f_chdir                                  0x0802243b   Thumb Code    88  ff.o(.text)
    f_getcwd                                 0x08022493   Thumb Code   294  ff.o(.text)
    f_lseek                                  0x080225b9   Thumb Code   382  ff.o(.text)
    f_opendir                                0x08022737   Thumb Code   114  ff.o(.text)
    f_closedir                               0x080227a9   Thumb Code    22  ff.o(.text)
    f_readdir                                0x080227bf   Thumb Code    96  ff.o(.text)
    f_stat                                   0x0802281f   Thumb Code    64  ff.o(.text)
    f_getfree                                0x0802285f   Thumb Code   258  ff.o(.text)
    f_truncate                               0x08022961   Thumb Code   184  ff.o(.text)
    f_unlink                                 0x08022a19   Thumb Code   194  ff.o(.text)
    f_mkdir                                  0x08022adb   Thumb Code   368  ff.o(.text)
    f_chmod                                  0x08022c4b   Thumb Code   100  ff.o(.text)
    f_utime                                  0x08022caf   Thumb Code   102  ff.o(.text)
    f_rename                                 0x08022d15   Thumb Code   300  ff.o(.text)
    f_getlabel                               0x08022e41   Thumb Code   190  ff.o(.text)
    f_setlabel                               0x08022eff   Thumb Code   386  ff.o(.text)
    f_mkfs                                   0x08023081   Thumb Code  1606  ff.o(.text)
    f_gets                                   0x080236c7   Thumb Code    82  ff.o(.text)
    f_putc                                   0x0802375d   Thumb Code    64  ff.o(.text)
    f_puts                                   0x0802379d   Thumb Code    74  ff.o(.text)
    f_printf                                 0x080237e7   Thumb Code   676  ff.o(.text)
    ff_convert                               0x08023a8d   Thumb Code    70  ccsbcs.o(.text)
    ff_wtoupper                              0x08023ad3   Thumb Code    46  ccsbcs.o(.text)
    __2fprintf                               0x08023b0d   Thumb Code    20  noretval__2fprintf.o(.text)
    __2sprintf                               0x08023b21   Thumb Code    34  noretval__2sprintf.o(.text)
    _printf_pre_padding                      0x08023b49   Thumb Code    44  _printf_pad.o(.text)
    _printf_post_padding                     0x08023b75   Thumb Code    34  _printf_pad.o(.text)
    _printf_str                              0x08023b97   Thumb Code    82  _printf_str.o(.text)
    _printf_int_dec                          0x08023be9   Thumb Code   104  _printf_dec.o(.text)
    __printf                                 0x08023c61   Thumb Code   308  __printf_flags_wp.o(.text)
    __0fscanf                                0x08023d99   Thumb Code    24  __0fscanf.o(.text)
    _scanf_string                            0x08023db1   Thumb Code   224  _scanf_str.o(.text)
    atoi                                     0x08023e91   Thumb Code    26  atoi.o(.text)
    _fseek                                   0x08023ead   Thumb Code   242  fseek.o(.text)
    fseek                                    0x08023ead   Thumb Code     0  fseek.o(.text)
    freopen                                  0x08023fa5   Thumb Code   158  fopen.o(.text)
    fopen                                    0x08024043   Thumb Code    74  fopen.o(.text)
    _fclose_internal                         0x08024091   Thumb Code    76  fclose.o(.text)
    fclose                                   0x08024091   Thumb Code     0  fclose.o(.text)
    strcpy                                   0x080240dd   Thumb Code    72  strcpy.o(.text)
    strlen                                   0x08024125   Thumb Code    62  strlen.o(.text)
    __aeabi_memcpy                           0x08024163   Thumb Code     0  rt_memcpy_v6.o(.text)
    __rt_memcpy                              0x08024163   Thumb Code   138  rt_memcpy_v6.o(.text)
    _memcpy_lastbytes                        0x080241c9   Thumb Code     0  rt_memcpy_v6.o(.text)
    __aeabi_memcpy4                          0x080241ed   Thumb Code     0  rt_memcpy_w.o(.text)
    __aeabi_memcpy8                          0x080241ed   Thumb Code     0  rt_memcpy_w.o(.text)
    __rt_memcpy_w                            0x080241ed   Thumb Code   100  rt_memcpy_w.o(.text)
    _memcpy_lastbytes_aligned                0x08024235   Thumb Code     0  rt_memcpy_w.o(.text)
    __aeabi_memset                           0x08024251   Thumb Code    16  aeabi_memset.o(.text)
    __aeabi_memclr                           0x08024261   Thumb Code     0  rt_memclr.o(.text)
    __rt_memclr                              0x08024261   Thumb Code    68  rt_memclr.o(.text)
    _memset                                  0x08024265   Thumb Code     0  rt_memclr.o(.text)
    __aeabi_memclr4                          0x080242a5   Thumb Code     0  rt_memclr_w.o(.text)
    __aeabi_memclr8                          0x080242a5   Thumb Code     0  rt_memclr_w.o(.text)
    __rt_memclr_w                            0x080242a5   Thumb Code    78  rt_memclr_w.o(.text)
    _memset_w                                0x080242a9   Thumb Code     0  rt_memclr_w.o(.text)
    strncpy                                  0x080242f3   Thumb Code    86  strncpy.o(.text)
    strcmp                                   0x08024349   Thumb Code   128  strcmpv7m.o(.text)
    localtime                                0x080243c9   Thumb Code     6  localtime.o(.text)
    mktime                                   0x08024413   Thumb Code   352  mktime.o(.text)
    __use_two_region_memory                  0x0802457d   Thumb Code     2  heapauxi.o(.text)
    __rt_heap_escrow                         0x0802457f   Thumb Code     2  heapauxi.o(.text)
    __rt_heap_expand                         0x08024581   Thumb Code     2  heapauxi.o(.text)
    __aeabi_errno_addr                       0x08024585   Thumb Code     8  rt_errno_addr_intlibspace.o(.text)
    __errno$intlibspace                      0x08024585   Thumb Code     0  rt_errno_addr_intlibspace.o(.text)
    __rt_errno_addr$intlibspace              0x08024585   Thumb Code     0  rt_errno_addr_intlibspace.o(.text)
    malloc                                   0x0802458d   Thumb Code    94  h1_alloc.o(.text)
    free                                     0x080245eb   Thumb Code    78  h1_free.o(.text)
    __read_errno                             0x08024639   Thumb Code    10  _rserrno.o(.text)
    __set_errno                              0x08024643   Thumb Code    12  _rserrno.o(.text)
    _printf_int_common                       0x0802464f   Thumb Code   178  _printf_intcommon.o(.text)
    __lib_sel_fp_printf                      0x08024701   Thumb Code     2  _printf_fp_dec.o(.text)
    _printf_fp_dec_real                      0x080248af   Thumb Code   620  _printf_fp_dec.o(.text)
    _printf_char_common                      0x08024b27   Thumb Code    32  _printf_char_common.o(.text)
    _sputc                                   0x08024b4d   Thumb Code    10  _sputc.o(.text)
    _printf_cs_common                        0x08024b57   Thumb Code    20  _printf_char.o(.text)
    _printf_char                             0x08024b6b   Thumb Code    16  _printf_char.o(.text)
    _printf_string                           0x08024b7b   Thumb Code     8  _printf_char.o(.text)
    _printf_char_file                        0x08024b85   Thumb Code    32  _printf_char_file.o(.text)
    __vfscanf_char_file                      0x08024ba9   Thumb Code    16  scanf_char_file.o(.text)
    strtol                                   0x08024bc1   Thumb Code   112  strtol.o(.text)
    __flsbuf                                 0x08024c31   Thumb Code   470  flsbuf.o(.text)
    __flsbuf_byte                            0x08024c31   Thumb Code     0  flsbuf.o(.text)
    __flsbuf_wide                            0x08024c31   Thumb Code     0  flsbuf.o(.text)
    _ftell_internal                          0x08024e07   Thumb Code    66  ftell.o(.text)
    ftell                                    0x08024e07   Thumb Code     0  ftell.o(.text)
    _seterr                                  0x08024e49   Thumb Code    20  stdio.o(.text)
    _writebuf                                0x08024e5d   Thumb Code    84  stdio.o(.text)
    _fflush                                  0x08024eb1   Thumb Code    70  stdio.o(.text)
    _deferredlazyseek                        0x08024ef7   Thumb Code    60  stdio.o(.text)
    _localtime_r                             0x08024f39   Thumb Code   178  localtime_internal.o(.text)
    _n$localtime_r                           0x08024f39   Thumb Code     0  localtime_internal.o(.text)
    __user_libspace                          0x08024ff1   Thumb Code     8  libspace.o(.text)
    __user_perproc_libspace                  0x08024ff1   Thumb Code     0  libspace.o(.text)
    __user_perthread_libspace                0x08024ff1   Thumb Code     0  libspace.o(.text)
    __rt_ctype_table                         0x08024ff9   Thumb Code    16  rt_ctype_table.o(.text)
    __rt_heap_descriptor                     0x08025009   Thumb Code     8  rt_heap_descriptor_intlibspace.o(.text)
    __rt_locale                              0x08025011   Thumb Code     8  rt_locale_intlibspace.o(.text)
    __use_no_heap                            0x08025019   Thumb Code     2  hguard.o(.text)
    __heap$guard                             0x0802501b   Thumb Code     2  hguard.o(.text)
    _terminate_user_alloc                    0x0802501d   Thumb Code     2  init_alloc.o(.text)
    _init_user_alloc                         0x0802501f   Thumb Code     2  init_alloc.o(.text)
    __Heap_Full                              0x08025021   Thumb Code    34  init_alloc.o(.text)
    __Heap_Broken                            0x08025043   Thumb Code     6  init_alloc.o(.text)
    _init_alloc                              0x08025049   Thumb Code    94  init_alloc.o(.text)
    __Heap_Initialize                        0x080250a7   Thumb Code    10  h1_init.o(.text)
    __Heap_DescSize                          0x080250b1   Thumb Code     4  h1_init.o(.text)
    _ll_udiv10                               0x080250b5   Thumb Code   138  lludiv10.o(.text)
    _printf_fp_infnan                        0x08025141   Thumb Code   112  _printf_fp_infnan.o(.text)
    __vfscanf_char                           0x080251cd   Thumb Code    24  scanf_char.o(.text)
    _strtoul                                 0x080251ed   Thumb Code   158  _strtoul.o(.text)
    _btod_etento                             0x0802528d   Thumb Code   216  bigflt0.o(.text)
    ___backspace$unlocked                    0x08025369   Thumb Code     2  backspace.o(.text)
    __backspace                              0x0802536b   Thumb Code    70  backspace.o(.text)
    ferror                                   0x080253b1   Thumb Code     8  ferror.o(.text)
    _readbuf                                 0x080253b9   Thumb Code    54  filbuf.o(.text)
    _seteof                                  0x080253ef   Thumb Code    40  filbuf.o(.text)
    __filbuf                                 0x08025417   Thumb Code   476  filbuf.o(.text)
    __filbuf_byte                            0x08025417   Thumb Code     0  filbuf.o(.text)
    __filbuf_wide                            0x08025417   Thumb Code     0  filbuf.o(.text)
    _initio                                  0x080255f5   Thumb Code   210  initio.o(.text)
    _terminateio                             0x080256c7   Thumb Code    56  initio.o(.text)
    __user_setup_stackheap                   0x0802572d   Thumb Code    74  sys_stackheap_outer.o(.text)
    __Heap_ProvideMemory                     0x08025777   Thumb Code    52  h1_extend.o(.text)
    isspace                                  0x080257ab   Thumb Code    18  isspace.o(.text)
    _chval                                   0x080257bd   Thumb Code    28  _chval.o(.text)
    __vfscanf                                0x080257d9   Thumb Code   878  _scanf.o(.text)
    _do_fflush                               0x08025b4d   Thumb Code    54  fflush.o(.text)
    fflush                                   0x08025b83   Thumb Code    42  fflush.o(.text)
    setvbuf                                  0x08025bb1   Thumb Code    70  setvbuf.o(.text)
    _ungetc_internal                         0x08025bf9   Thumb Code    60  ungetc.o(.text)
    ungetc                                   0x08025bf9   Thumb Code     0  ungetc.o(.text)
    fread                                    0x08025c41   Thumb Code   280  freadfast.o(.text)
    _flushlinebuffered                       0x08025d59   Thumb Code    50  flushlinebuffered.o(.text)
    exit                                     0x08025d91   Thumb Code    12  exit.o(.text)
    __rt_SIGRTRED                            0x08025d9d   Thumb Code    14  defsig_rtred_outer.o(.text)
    __rt_SIGRTMEM                            0x08025dab   Thumb Code    14  defsig_rtmem_outer.o(.text)
    __sig_exit                               0x08025db9   Thumb Code    10  defsig_exit.o(.text)
    __rt_SIGRTRED_inner                      0x08025dc5   Thumb Code    14  defsig_rtred_inner.o(.text)
    __rt_SIGRTMEM_inner                      0x08025df9   Thumb Code    22  defsig_rtmem_inner.o(.text)
    __default_signal_display                 0x08025e49   Thumb Code    50  defsig_general.o(.text)
    _btod_d2e                                0x08025e7b   Thumb Code    62  btod.o(CL$$btod_d2e)
    _d2e_denorm_low                          0x08025eb9   Thumb Code    70  btod.o(CL$$btod_d2e_denorm_low)
    _d2e_norm_op1                            0x08025eff   Thumb Code    96  btod.o(CL$$btod_d2e_norm_op1)
    __btod_div_common                        0x08025f5f   Thumb Code   696  btod.o(CL$$btod_div_common)
    _e2e                                     0x08026297   Thumb Code   198  btod.o(CL$$btod_e2e)
    _btod_ediv                               0x0802635d   Thumb Code    40  btod.o(CL$$btod_ediv)
    _btod_emul                               0x08026385   Thumb Code    40  btod.o(CL$$btod_emul)
    __btod_mult_common                       0x080263ad   Thumb Code   580  btod.o(CL$$btod_mult_common)
    USB_GetDescriptor                        0x080265f1   Thumb Code   146  usbcore.o(i.USB_GetDescriptor)
    USB_GetStatus                            0x08026699   Thumb Code   174  usbcore.o(i.USB_GetStatus)
    USB_SetClrFeature                        0x08026769   Thumb Code   198  usbcore.o(i.USB_SetClrFeature)
    USB_SetConfiguration                     0x08026845   Thumb Code   368  usbcore.o(i.USB_SetConfiguration)
    USB_SetInterface                         0x080269d5   Thumb Code   246  usbcore.o(i.USB_SetInterface)
    __ARM_fpclassify                         0x08026ae5   Thumb Code    40  fpclassify.o(i.__ARM_fpclassify)
    _is_digit                                0x08026b0d   Thumb Code    14  __printf_wp.o(i._is_digit)
    ceil                                     0x08026b1d   Thumb Code   204  ceil.o(i.ceil)
    fgetc                                    0x08026bf9   Thumb Code    24  fgetc.o(i.fgetc)
    fputc                                    0x08026c11   Thumb Code    26  fputc.o(i.fputc)
    lrint                                    0x08026c2b   Thumb Code    58  lrint.o(i.lrint)
    sqrt                                     0x08026c65   Thumb Code    76  sqrt.o(i.sqrt)
    _get_lc_numeric                          0x08026cb1   Thumb Code    44  lc_numeric_c.o(locale$$code)
    _get_lc_ctype                            0x08026cdd   Thumb Code    44  lc_ctype_c.o(locale$$code)
    __aeabi_d2f                              0x08026d09   Thumb Code     0  d2f.o(x$fpl$d2f)
    _d2f                                     0x08026d09   Thumb Code    98  d2f.o(x$fpl$d2f)
    __aeabi_dadd                             0x08026d6d   Thumb Code     0  daddsub_clz.o(x$fpl$dadd)
    _dadd                                    0x08026d6d   Thumb Code   332  daddsub_clz.o(x$fpl$dadd)
    __fpl_dcmp_Inf                           0x08026ebd   Thumb Code    24  dcmpi.o(x$fpl$dcmpinf)
    __aeabi_ddiv                             0x08026ed5   Thumb Code     0  ddiv.o(x$fpl$ddiv)
    _ddiv                                    0x08026ed5   Thumb Code   552  ddiv.o(x$fpl$ddiv)
    __aeabi_cdcmpeq                          0x08027185   Thumb Code     0  deqf.o(x$fpl$deqf)
    _dcmpeq                                  0x08027185   Thumb Code   120  deqf.o(x$fpl$deqf)
    __aeabi_d2iz                             0x080271fd   Thumb Code     0  dfix.o(x$fpl$dfix)
    _dfix                                    0x080271fd   Thumb Code    94  dfix.o(x$fpl$dfix)
    _dfix_r                                  0x0802725d   Thumb Code   134  dfix.o(x$fpl$dfixr)
    __aeabi_i2d                              0x080272e3   Thumb Code     0  dflt_clz.o(x$fpl$dflt)
    _dflt                                    0x080272e3   Thumb Code    46  dflt_clz.o(x$fpl$dflt)
    __aeabi_ui2d                             0x08027311   Thumb Code     0  dflt_clz.o(x$fpl$dfltu)
    _dfltu                                   0x08027311   Thumb Code    38  dflt_clz.o(x$fpl$dfltu)
    __aeabi_ul2d                             0x08027339   Thumb Code     0  dfltll_clz.o(x$fpl$dfltull)
    _ll_uto_d                                0x08027339   Thumb Code   138  dfltll_clz.o(x$fpl$dfltull)
    __aeabi_cdcmple                          0x080273c5   Thumb Code     0  dleqf.o(x$fpl$dleqf)
    _dcmple                                  0x080273c5   Thumb Code   120  dleqf.o(x$fpl$dleqf)
    __fpl_dcmple_InfNaN                      0x08027427   Thumb Code     0  dleqf.o(x$fpl$dleqf)
    __aeabi_dmul                             0x0802743d   Thumb Code     0  dmul.o(x$fpl$dmul)
    _dmul                                    0x0802743d   Thumb Code   332  dmul.o(x$fpl$dmul)
    __fpl_dnaninf                            0x08027591   Thumb Code   156  dnaninf.o(x$fpl$dnaninf)
    __fpl_dretinf                            0x0802762d   Thumb Code    12  dretinf.o(x$fpl$dretinf)
    __aeabi_cdrcmple                         0x08027639   Thumb Code     0  drleqf.o(x$fpl$drleqf)
    _drcmple                                 0x08027639   Thumb Code   108  drleqf.o(x$fpl$drleqf)
    _drnd                                    0x080276a5   Thumb Code   180  drnd.o(x$fpl$drnd)
    __aeabi_drsub                            0x08027759   Thumb Code     0  daddsub_clz.o(x$fpl$drsb)
    _drsb                                    0x08027759   Thumb Code    22  daddsub_clz.o(x$fpl$drsb)
    _dsqrt                                   0x08027771   Thumb Code   456  dsqrt_noumaal.o(x$fpl$dsqrt)
    __aeabi_dsub                             0x0802793d   Thumb Code     0  daddsub_clz.o(x$fpl$dsub)
    _dsub                                    0x0802793d   Thumb Code   464  daddsub_clz.o(x$fpl$dsub)
    __aeabi_f2d                              0x08027b11   Thumb Code     0  f2d.o(x$fpl$f2d)
    _f2d                                     0x08027b11   Thumb Code    86  f2d.o(x$fpl$f2d)
    __aeabi_fadd                             0x08027b69   Thumb Code     0  faddsub_clz.o(x$fpl$fadd)
    _fadd                                    0x08027b69   Thumb Code   196  faddsub_clz.o(x$fpl$fadd)
    __fpl_fcmp_Inf                           0x08027c2d   Thumb Code    24  fcmpi.o(x$fpl$fcmpinf)
    __aeabi_fdiv                             0x08027c45   Thumb Code     0  fdiv.o(x$fpl$fdiv)
    _fdiv                                    0x08027c45   Thumb Code   384  fdiv.o(x$fpl$fdiv)
    __aeabi_cfcmpeq                          0x08027dc9   Thumb Code     0  feqf.o(x$fpl$feqf)
    _fcmpeq                                  0x08027dc9   Thumb Code   104  feqf.o(x$fpl$feqf)
    __aeabi_f2iz                             0x08027e31   Thumb Code     0  ffix.o(x$fpl$ffix)
    _ffix                                    0x08027e31   Thumb Code    54  ffix.o(x$fpl$ffix)
    __aeabi_f2uiz                            0x08027e69   Thumb Code     0  ffixu.o(x$fpl$ffixu)
    _ffixu                                   0x08027e69   Thumb Code    62  ffixu.o(x$fpl$ffixu)
    __aeabi_i2f                              0x08027ea9   Thumb Code     0  fflt_clz.o(x$fpl$fflt)
    _fflt                                    0x08027ea9   Thumb Code    48  fflt_clz.o(x$fpl$fflt)
    __aeabi_ui2f                             0x08027ed9   Thumb Code     0  fflt_clz.o(x$fpl$ffltu)
    _ffltu                                   0x08027ed9   Thumb Code    38  fflt_clz.o(x$fpl$ffltu)
    __aeabi_cfcmple                          0x08027f01   Thumb Code     0  fleqf.o(x$fpl$fleqf)
    _fcmple                                  0x08027f01   Thumb Code   104  fleqf.o(x$fpl$fleqf)
    __fpl_fcmple_InfNaN                      0x08027f53   Thumb Code     0  fleqf.o(x$fpl$fleqf)
    __aeabi_fmul                             0x08027f69   Thumb Code     0  fmul.o(x$fpl$fmul)
    _fmul                                    0x08027f69   Thumb Code   258  fmul.o(x$fpl$fmul)
    __fpl_fnaninf                            0x0802806b   Thumb Code   140  fnaninf.o(x$fpl$fnaninf)
    __fpl_fretinf                            0x080280f7   Thumb Code    10  fretinf.o(x$fpl$fretinf)
    __aeabi_cfrcmple                         0x08028101   Thumb Code     0  frleqf.o(x$fpl$frleqf)
    _frcmple                                 0x08028101   Thumb Code    98  frleqf.o(x$fpl$frleqf)
    __aeabi_fsub                             0x08028165   Thumb Code     0  faddsub_clz.o(x$fpl$fsub)
    _fsub                                    0x08028165   Thumb Code   234  faddsub_clz.o(x$fpl$fsub)
    _printf_fp_dec                           0x0802824f   Thumb Code     4  printf1.o(x$fpl$printf1)
    PARAMS                                   0x08028252   Data         232  params.o(.constdata)
    __I$use$fp                               0x08028252   Number         0  usenofp.o(x$fpl$usenofp)
    USB_P_EP                                 0x0802833c   Data          64  usbuser.o(.constdata)
    USB_DeviceDescriptor                     0x0802837c   Data          18  usbdesc.o(.constdata)
    USB_ConfigDescriptor                     0x0802838e   Data          33  usbdesc.o(.constdata)
    USB_StringDescriptor                     0x080283af   Data         114  usbdesc.o(.constdata)
    __stdin_name                             0x08028421   Data           6  retarget.o(.constdata)
    __stdout_name                            0x08028427   Data           7  retarget.o(.constdata)
    __stderr_name                            0x0802842e   Data           7  retarget.o(.constdata)
    _NFILE                                   0x08028438   Data           2  file_config.o(.constdata)
    _DEF_DRIVE                               0x0802843a   Data           2  file_config.o(.constdata)
    _CPU_CLK                                 0x0802843c   Data           4  file_config.o(.constdata)
    FlashDev                                 0x08028440   Data           8  file_config.o(.constdata)
    _FlashNumSect                            0x08028448   Data           2  file_config.o(.constdata)
    _BlockFREE                               0x0802844c   Data           4  file_config.o(.constdata)
    _BASE_ADR                                0x08028450   Data           4  file_config.o(.constdata)
    SpiDev                                   0x08028454   Data           8  file_config.o(.constdata)
    _SpiNumSect                              0x0802845c   Data           2  file_config.o(.constdata)
    _SpiBlFREE                               0x08028460   Data           4  file_config.o(.constdata)
    RamDev                                   0x08028464   Data           8  file_config.o(.constdata)
    _RamNumSect                              0x0802846c   Data           2  file_config.o(.constdata)
    _MC_CSIZE                                0x0802846e   Data           2  file_config.o(.constdata)
    logo_battery                             0x08028759   Data        1024  vga_lib.o(.constdata)
    tikBitmaps                               0x08028b59   Data        1024  vga_lib.o(.constdata)
    lowBatteryBitmaps                        0x08028f59   Data        1024  vga_lib.o(.constdata)
    Font_6x8_Data                            0x0802935c   Data        1536  font_6x8.o(.constdata)
    FONT_6x8                                 0x0802995c   Data           8  font_6x8.o(.constdata)
    Font_7x10_bold_Data                      0x08029964   Data        3584  font_7x10_bold.o(.constdata)
    FONT_7x10_bold                           0x0802a764   Data           8  font_7x10_bold.o(.constdata)
    Font_12x16_Data                          0x0802a76c   Data        6144  font_12x16.o(.constdata)
    FONT_12x16                               0x0802bf6c   Data           8  font_12x16.o(.constdata)
    Font_4x7_Data                            0x0802bf74   Data        1024  font_4x7.o(.constdata)
    FONT_4x7                                 0x0802c374   Data           8  font_4x7.o(.constdata)
    show_max                                 0x0802c37c   Data           4  types.o(.constdata)
    show_min                                 0x0802c380   Data           4  types.o(.constdata)
    show_nil                                 0x0802c384   Data           4  types.o(.constdata)
    show_err                                 0x0802c388   Data           7  types.o(.constdata)
    MATH                                     0x0802c38f   Data          48  types.o(.constdata)
    Items                                    0x0802c3bf   Data        3100  items.o(.constdata)
    Enum_val                                 0x0802cfdb   Data          88  items.o(.constdata)
    _monlen                                  0x0802d60f   Data          12  _monlen.o(.constdata)
    Region$$Table$$Base                      0x0802d7ec   Number         0  anon$$obj.o(Region$$Table)
    Region$$Table$$Limit                     0x0802d80c   Number         0  anon$$obj.o(Region$$Table)
    __ctype                                  0x0802d835   Data           0  lc_ctype_c.o(locale$$data)
    res_t                                    0x20000000   Data           1  main_1.o(.data)
    GLOBAL_TIMER_1ms                         0x20000004   Data           4  main_1.o(.data)
    POWER_OFF                                0x20000008   Data           4  main_1.o(.data)
    GLOBAL_ERROR                             0x2000000c   Data           4  main_1.o(.data)
    USB_CONNECT                              0x20000010   Data           4  main_1.o(.data)
    measure_stat                             0x20000014   Data           1  main_1.o(.data)
    usb_stat                                 0x20000015   Data           1  main_1.o(.data)
    Num_of_Signals                           0x20000018   Data           4  main_1.o(.data)
    test_reg                                 0x2000001c   Data           2  main_1.o(.data)
    Sec_timer                                0x2000001e   Data           2  main_1.o(.data)
    Moto_Sec                                 0x20000020   Data           2  main_1.o(.data)
    Flag_1S                                  0x20000022   Data           1  main_1.o(.data)
    k_reg                                    0x20000024   Data           4  main_1.o(.data)
    prgb_bat                                 0x20000028   Data           4  main_1.o(.data)
    usb_transit                              0x2000002c   Data           1  main_1.o(.data)
    T                                        0x2000002e   Data           2  main_1.o(.data)
    first_flag                               0x20000030   Data           4  main_1.o(.data)
    message_status                           0x20000034   Data           4  main_1.o(.data)
    timer1                                   0x20000038   Data           4  main_1.o(.data)
    timer2                                   0x2000003c   Data           4  main_1.o(.data)
    timer3                                   0x20000040   Data           4  main_1.o(.data)
    timer4                                   0x20000044   Data           4  main_1.o(.data)
    frzbat1                                  0x20000048   Data           4  main_1.o(.data)
    frzbat2                                  0x2000004c   Data           4  main_1.o(.data)
    usb_addr                                 0x20000050   Data           4  main_1.o(.data)
    usb_count                                0x20000054   Data           4  main_1.o(.data)
    id_akb                                   0x20000058   Data           4  main_1.o(.data)
    usb_charge_state                         0x2000005c   Data           4  main_1.o(.data)
    akbtemp                                  0x20000060   Data           4  main_1.o(.data)
    akbtimer1                                0x20000064   Data           4  main_1.o(.data)
    akbtimer2                                0x20000068   Data           4  main_1.o(.data)
    akbemk                                   0x2000006c   Data           4  main_1.o(.data)
    akbemk_count                             0x20000070   Data           4  main_1.o(.data)
    akbemk_tek                               0x20000074   Data           4  main_1.o(.data)
    akbemk_percent                           0x20000078   Data           4  main_1.o(.data)
    akbemk_volt                              0x2000007c   Data           4  main_1.o(.data)
    akbstatus                                0x20000080   Data           4  main_1.o(.data)
    GPIO_InitStructure                       0x20000084   Data           4  main_1.o(.data)
    i                                        0x200000b0   Data           1  ext_adc.o(.data)
    f                                        0x200000b1   Data           1  ext_adc.o(.data)
    ext_adc_DATA                             0x200000b4   Data           4  ext_adc.o(.data)
    ext_adc_COUNT                            0x200000b8   Data           2  ext_adc.o(.data)
    ext_adc_XCOUNT                           0x200000ba   Data           2  ext_adc.o(.data)
    ext_adc_VALUE                            0x200000bc   Data           4  ext_adc.o(.data)
    ext_mode_reg                             0x200000c0   Data           2  ext_adc.o(.data)
    ext_adc_DELAY                            0x200000c4   Data           4  ext_adc.o(.data)
    ext_adc_VAL                              0x200000c8   Data           4  ext_adc.o(.data)
    ext_adc_OVER                             0x200000cc   Data           1  ext_adc.o(.data)
    k_reg_mul                                0x200000d0   Data           4  ext_adc.o(.data)
    INDEX                                    0x200000d4   Data           1  ext_adc.o(.data)
    DECIMATOR                                0x200000d5   Data           1  ext_adc.o(.data)
    FILTER_1_ONE_SECTION                     0x200000d8   Data          48  ext_adc.o(.data)
    FILTER_1_TWO_SECTION                     0x20000108   Data          48  ext_adc.o(.data)
    FILTER_2_ONE_SECTION                     0x20000138   Data          48  ext_adc.o(.data)
    FILTER_2_TWO_SECTION                     0x20000168   Data          48  ext_adc.o(.data)
    FILTER_3_ONE_SECTION                     0x20000198   Data          48  ext_adc.o(.data)
    FILTER_3_TWO_SECTION                     0x200001c8   Data          48  ext_adc.o(.data)
    FILTER_4_ONE_SECTION                     0x200001f8   Data          48  ext_adc.o(.data)
    FILTER_4_TWO_SECTION                     0x20000228   Data          48  ext_adc.o(.data)
    FILTER_5_ONE_SECTION                     0x20000258   Data          48  ext_adc.o(.data)
    FILTER_5_TWO_SECTION                     0x20000288   Data          48  ext_adc.o(.data)
    FILTER_6_ONE_SECTION                     0x200002b8   Data          48  ext_adc.o(.data)
    FILTER_6_TWO_SECTION                     0x200002e8   Data          48  ext_adc.o(.data)
    FILTER_7_ONE_SECTION                     0x20000318   Data          48  ext_adc.o(.data)
    FILTER_7_TWO_SECTION                     0x20000348   Data          48  ext_adc.o(.data)
    FILTER_8_ONE_SECTION                     0x20000378   Data          48  ext_adc.o(.data)
    FILTER_9_ONE_SECTION                     0x200003a8   Data          48  ext_adc.o(.data)
    FILTER_10_TWO_SECTION                    0x200003d8   Data          48  ext_adc.o(.data)
    FILTER_11_ONE_SECTION                    0x20000408   Data          48  ext_adc.o(.data)
    FILTER_12_ONE_SECTION                    0x20000438   Data          48  ext_adc.o(.data)
    INTEGRATOR_2Hz_25                        0x20000468   Data          48  ext_adc.o(.data)
    INTEGRATOR_2Hz                           0x20000498   Data          48  ext_adc.o(.data)
    INTEGRATOR_5Hz                           0x200004c8   Data          48  ext_adc.o(.data)
    INTEGRATOR_10Hz                          0x200004f8   Data          48  ext_adc.o(.data)
    INTEGRATOR_10Hz_ONE_SECTION              0x20000528   Data          48  ext_adc.o(.data)
    INTEGRATOR_10Hz_TWO_SECTION              0x20000558   Data          48  ext_adc.o(.data)
    FILTER_70_ONE_SECTION                    0x20000588   Data          48  ext_adc.o(.data)
    FILTER_70_TWO_SECTION                    0x200005b8   Data          48  ext_adc.o(.data)
    pHPF_1section                            0x200005e8   Data           4  ext_adc.o(.data)
    pHPF_2section                            0x200005ec   Data           4  ext_adc.o(.data)
    pLPF_1section                            0x200005f0   Data           4  ext_adc.o(.data)
    pLPF_2section                            0x200005f4   Data           4  ext_adc.o(.data)
    pINTEGRAL_1section                       0x200005f8   Data           4  ext_adc.o(.data)
    pINTEGRAL_2section                       0x200005fc   Data           4  ext_adc.o(.data)
    key_STATE                                0x20000600   Data           1  keyboard.o(.data)
    key_OLD                                  0x20000601   Data           1  keyboard.o(.data)
    key_EVENT                                0x20000604   Data           4  keyboard.o(.data)
    key_bounce                               0x20000608   Data           1  keyboard.o(.data)
    DataFlash_ID                             0x20000609   Data           3  flash_at45db.o(.data)
    SDHC                                     0x2000060c   Data           1  flash_at45db.o(.data)
    pRFile                                   0x20000610   Data           4  road.o(.data)
    DiskImage                                0x20000628   Data        2048  diskimg.o(.data)
    BlockName                                0x20000e28   Data         512  diskimg.o(.data)
    MemOK                                    0x20001028   Data           4  mscuser.o(.data)
    Offset                                   0x2000102c   Data           4  mscuser.o(.data)
    Length                                   0x20001030   Data           4  mscuser.o(.data)
    BulkStage                                0x20001034   Data           1  mscuser.o(.data)
    BulkLen                                  0x20001035   Data           1  mscuser.o(.data)
    USB_DeviceStatus                         0x20001038   Data           2  usbcore.o(.data)
    USB_DeviceAddress                        0x2000103a   Data           1  usbcore.o(.data)
    USB_Configuration                        0x2000103b   Data           1  usbcore.o(.data)
    USB_EndPointMask                         0x2000103c   Data           4  usbcore.o(.data)
    USB_EndPointHalt                         0x20001040   Data           4  usbcore.o(.data)
    USB_NumInterfaces                        0x20001044   Data           1  usbcore.o(.data)
    USB_AltSetting                           0x20001045   Data           4  usbcore.o(.data)
    EP0Buf                                   0x20001049   Data           8  usbcore.o(.data)
    EP0Data                                  0x20001054   Data           8  usbcore.o(.data)
    SetupPacket                              0x2000105c   Data           8  usbcore.o(.data)
    pBUF_DSCR                                0x20001064   Data           4  usbhw.o(.data)
    FreeBufAddr                              0x20001068   Data           2  usbhw.o(.data)
    vga_MODE                                 0x20001081   Data           1  vga_lib.o(.data)
    text_pos_x                               0x20001082   Data           1  vga_lib.o(.data)
    text_pos_y                               0x20001083   Data           1  vga_lib.o(.data)
    typ_DIGIT                                0x20001084   Data           1  types.o(.data)
    crtflag                                  0x20001088   Data           1  menu.o(.data)
    BeyondRoad                               0x20001089   Data           1  menu.o(.data)
    SampleAlreadyExist                       0x2000108a   Data           1  menu.o(.data)
    Num_of_Road                              0x2000108c   Data           4  menu.o(.data)
    men_STATUS                               0x20001090   Data           1  menu.o(.data)
    men_SAVE_STATUS                          0x20001091   Data           1  menu.o(.data)
    men_EVENT                                0x20001092   Data           1  menu.o(.data)
    men_ID_FORM                              0x20001093   Data           1  menu.o(.data)
    men_TIMER                                0x20001094   Data           2  menu.o(.data)
    men_TIME_REF                             0x20001096   Data           2  menu.o(.data)
    men_TIME_MES                             0x20001098   Data           2  menu.o(.data)
    men_TIME_PAROL                           0x2000109a   Data           2  menu.o(.data)
    men_LEVEL_ACCES                          0x2000109c   Data           1  menu.o(.data)
    men_POINTER                              0x2000109e   Data           2  menu.o(.data)
    men_START_POINTER                        0x200010a0   Data           2  menu.o(.data)
    men_cp                                   0x200010a2   Data           1  menu.o(.data)
    men_cc                                   0x200010a3   Data           1  menu.o(.data)
    men_s                                    0x200010a4   Data           1  menu.o(.data)
    men_CURSOR_STR                           0x200010a5   Data           1  menu.o(.data)
    men_CONFIG_SYS                           0x200010a6   Data           1  menu.o(.data)
    men_LEVEL_POINT                          0x200010a8   Data           6  menu.o(.data)
    men_LEVEL_CUR                            0x200010ae   Data           3  menu.o(.data)
    men_LEVEL                                0x200010b1   Data           1  menu.o(.data)
    men_temp                                 0x200010b4   Data           4  menu.o(.data)
    road_pos                                 0x200010b8   Data           4  menu.o(.data)
    road_pos_int                             0x200010bc   Data           4  menu.o(.data)
    road_indicator                           0x200010c0   Data           4  menu.o(.data)
    road_cursor_pos                          0x200010c4   Data           4  menu.o(.data)
    Road_Number                              0x200010c8   Data           1  menu.o(.data)
    route                                    0x200010cc   Data           4  menu.o(.data)
    sample_pos                               0x200010d0   Data           4  menu.o(.data)
    sample_cursor_pos                        0x200010d4   Data           4  menu.o(.data)
    current_sample_num                       0x200010d8   Data           1  menu.o(.data)
    h_out                                    0x200010d9   Data           5  menu.o(.data)
    m_out                                    0x200010de   Data           5  menu.o(.data)
    s_out                                    0x200010e3   Data           5  menu.o(.data)
    str_out                                  0x200010e8   Data           5  menu.o(.data)
    bat_out                                  0x200010ed   Data           5  menu.o(.data)
    bat_float                                0x200010f4   Data           4  menu.o(.data)
    hour                                     0x200010f8   Data           4  menu.o(.data)
    min                                      0x200010fc   Data           4  menu.o(.data)
    sec                                      0x20001100   Data           4  menu.o(.data)
    flag_bat                                 0x20001104   Data           4  menu.o(.data)
    flag_charge                              0x20001108   Data           4  menu.o(.data)
    freezbat                                 0x2000110c   Data           4  menu.o(.data)
    freezbat2                                0x20001110   Data           4  menu.o(.data)
    iout                                     0x20001114   Data           4  menu.o(.data)
    result                                   0x20001118   Data           1  menu.o(.data)
    savefiledirTCHAR                         0x2000111c   Data           4  menu.o(.data)
    savefilenameTCHAR                        0x20001120   Data           4  menu.o(.data)
    savefilenameTCHAR2                       0x20001124   Data           4  menu.o(.data)
    flag_charge2                             0x20001128   Data           1  menu.o(.data)
    old_state_usb                            0x2000112c   Data           4  menu.o(.data)
    old_state_pa8                            0x20001130   Data           4  menu.o(.data)
    VALUE                                    0x20001134   Data           1  menu.o(.data)
    __aeabi_stdin                            0x20001140   Data           4  stdio_streams.o(.data)
    __aeabi_stdout                           0x20001144   Data           4  stdio_streams.o(.data)
    __aeabi_stderr                           0x20001148   Data           4  stdio_streams.o(.data)
    fls                                      0x2000114c   Data         564  main_1.o(.bss)
    FileTmp                                  0x20001380   Data         548  main_1.o(.bss)
    fno                                      0x200015a4   Data          32  main_1.o(.bss)
    USB_D                                    0x200015c4   Data          18  main_1.o(.bss)
    USART_InitStructure                      0x200015d8   Data          16  main_1.o(.bss)
    DMA                                      0x200015e8   Data          44  main_1.o(.bss)
    ADC_InitStructure                        0x20001614   Data          20  main_1.o(.bss)
    buf                                      0x20001628   Data          10  main_1.o(.bss)
    IIRF                                     0x20001634   Data          52  iir.o(.bss)
    IIRD                                     0x20001668   Data         312  iir.o(.bss)
    ext_adc_SIM                              0x200017a0   Data       50000  ext_adc.o(.bss)
    SAMPLE                                   0x2000daf0   Data          16  ext_adc.o(.bss)
    DETECTOR                                 0x2000db00   Data          48  ext_adc.o(.bss)
    DATA_REG                                 0x2000db60   Data          60  reg.o(.bss)
    RTC_TM                                   0x2000db9c   Data          44  realtime.o(.bss)
    temp                                     0x2000dbc8   Data         512  flash_at45db.o(.bss)
    t                                        0x2000ddc8   Data         512  road.o(.bss)
    NEl                                      0x2000dfc8   Data          16  road.o(.bss)
    BulkBuf                                  0x2000dfd8   Data          64  mscuser.o(.bss)
    CBW                                      0x2000e018   Data          31  mscuser.o(.bss)
    CSW                                      0x2000e037   Data          13  mscuser.o(.bss)
    _iob                                     0x2000e044   Data         832  file_config.o(.bss)
    mc_cache                                 0x2000e384   Data        1024  file_config.o(.bss)
    VGA_RAM                                  0x2000e8d8   Data        1024  vga_lib.o(.bss)
    typVALUE_PARAM                           0x2000ecd8   Data          30  types.o(.bss)
    vlast                                    0x2000ecf6   Data          20  types.o(.bss)
    road_pos_edit                            0x2000ed0c   Data          25  menu.o(.bss)
    road_pos_edit_2                          0x2000ed25   Data          25  menu.o(.bss)
    Road_Name                                0x2000ed3e   Data          15  menu.o(.bss)
    Fil                                      0x2000ed50   Data         548  menu.o(.bss)
    savefilename                             0x2000ef74   Data          25  menu.o(.bss)
    savefiledir                              0x2000ef8d   Data          25  menu.o(.bss)
    temp_str3                                0x2000efa6   Data          25  menu.o(.bss)
    __stdin                                  0x2000efec   Data          84  stdio_streams.o(.bss)
    __stdout                                 0x2000f040   Data          84  stdio_streams.o(.bss)
    __stderr                                 0x2000f094   Data          84  stdio_streams.o(.bss)
    __libspace_start                         0x2000f0e8   Data          96  libspace.o(.bss)
    __temporary_stack_top$libspace           0x2000f148   Data           0  libspace.o(.bss)



==============================================================================

Memory Map of the image

  Image Entry point : 0x080100ed

  Load Region LR_IROM1 (Base: 0x08010000, Size: 0x0001ea84, Max: 0x00020000, ABSOLUTE, COMPRESSED[0x0001de60])

    Execution Region ER_IROM1 (Base: 0x08010000, Size: 0x0001d938, Max: 0x00020000, ABSOLUTE)

    Base Addr    Size         Type   Attr      Idx    E Section Name        Object

    0x08010000   0x000000ec   Data   RO          711    RESET               startup_stm32f10x_md.o
    0x080100ec   0x00000008   Code   RO         1682  * !!!main             c_w.l(__main.o)
    0x080100f4   0x00000034   Code   RO         2202    !!!scatter          c_w.l(__scatter.o)
    0x08010128   0x00000064   Code   RO         2200    !!dclz77c           c_w.l(__dclz77c.o)
    0x0801018c   0x0000001c   Code   RO         2204    !!handler_zi        c_w.l(__scatter_zi.o)
    0x080101a8   0x00000000   Code   RO         1628    .ARM.Collect$$_printf_percent$$00000000  c_w.l(_printf_percent.o)
    0x080101a8   0x00000006   Code   RO         1627    .ARM.Collect$$_printf_percent$$00000003  c_w.l(_printf_f.o)
    0x080101ae   0x00000006   Code   RO         1625    .ARM.Collect$$_printf_percent$$00000009  c_w.l(_printf_d.o)
    0x080101b4   0x00000006   Code   RO         1626    .ARM.Collect$$_printf_percent$$0000000A  c_w.l(_printf_u.o)
    0x080101ba   0x00000006   Code   RO         1624    .ARM.Collect$$_printf_percent$$00000014  c_w.l(_printf_s.o)
    0x080101c0   0x00000004   Code   RO         1846    .ARM.Collect$$_printf_percent$$00000017  c_w.l(_printf_percent_end.o)
    0x080101c4   0x00000002   Code   RO         2130    .ARM.Collect$$libinit$$00000000  c_w.l(libinit.o)
    0x080101c6   0x00000000   Code   RO         2013    .ARM.Collect$$libinit$$00000002  c_w.l(libinit2.o)
    0x080101c6   0x00000000   Code   RO         2015    .ARM.Collect$$libinit$$00000004  c_w.l(libinit2.o)
    0x080101c6   0x00000008   Code   RO         2016    .ARM.Collect$$libinit$$00000005  c_w.l(libinit2.o)
    0x080101ce   0x00000000   Code   RO         2018    .ARM.Collect$$libinit$$0000000A  c_w.l(libinit2.o)
    0x080101ce   0x00000000   Code   RO         2020    .ARM.Collect$$libinit$$0000000C  c_w.l(libinit2.o)
    0x080101ce   0x00000000   Code   RO         2022    .ARM.Collect$$libinit$$0000000E  c_w.l(libinit2.o)
    0x080101ce   0x00000006   Code   RO         2023    .ARM.Collect$$libinit$$0000000F  c_w.l(libinit2.o)
    0x080101d4   0x00000000   Code   RO         2025    .ARM.Collect$$libinit$$00000011  c_w.l(libinit2.o)
    0x080101d4   0x0000000c   Code   RO         2026    .ARM.Collect$$libinit$$00000012  c_w.l(libinit2.o)
    0x080101e0   0x00000000   Code   RO         2027    .ARM.Collect$$libinit$$00000013  c_w.l(libinit2.o)
    0x080101e0   0x00000000   Code   RO         2029    .ARM.Collect$$libinit$$00000015  c_w.l(libinit2.o)
    0x080101e0   0x0000000a   Code   RO         2030    .ARM.Collect$$libinit$$00000016  c_w.l(libinit2.o)
    0x080101ea   0x00000000   Code   RO         2031    .ARM.Collect$$libinit$$00000017  c_w.l(libinit2.o)
    0x080101ea   0x00000000   Code   RO         2033    .ARM.Collect$$libinit$$00000019  c_w.l(libinit2.o)
    0x080101ea   0x00000000   Code   RO         2035    .ARM.Collect$$libinit$$0000001B  c_w.l(libinit2.o)
    0x080101ea   0x00000000   Code   RO         2037    .ARM.Collect$$libinit$$0000001D  c_w.l(libinit2.o)
    0x080101ea   0x00000000   Code   RO         2039    .ARM.Collect$$libinit$$0000001F  c_w.l(libinit2.o)
    0x080101ea   0x00000000   Code   RO         2041    .ARM.Collect$$libinit$$00000021  c_w.l(libinit2.o)
    0x080101ea   0x00000000   Code   RO         2043    .ARM.Collect$$libinit$$00000023  c_w.l(libinit2.o)
    0x080101ea   0x00000004   Code   RO         2044    .ARM.Collect$$libinit$$00000024  c_w.l(libinit2.o)
    0x080101ee   0x00000000   Code   RO         2045    .ARM.Collect$$libinit$$00000025  c_w.l(libinit2.o)
    0x080101ee   0x00000000   Code   RO         2049    .ARM.Collect$$libinit$$0000002C  c_w.l(libinit2.o)
    0x080101ee   0x00000000   Code   RO         2051    .ARM.Collect$$libinit$$0000002E  c_w.l(libinit2.o)
    0x080101ee   0x00000000   Code   RO         2053    .ARM.Collect$$libinit$$00000030  c_w.l(libinit2.o)
    0x080101ee   0x00000000   Code   RO         2055    .ARM.Collect$$libinit$$00000032  c_w.l(libinit2.o)
    0x080101ee   0x00000002   Code   RO         2056    .ARM.Collect$$libinit$$00000033  c_w.l(libinit2.o)
    0x080101f0   0x00000002   Code   RO         2183    .ARM.Collect$$libshutdown$$00000000  c_w.l(libshutdown.o)
    0x080101f2   0x00000004   Code   RO         2132    .ARM.Collect$$libshutdown$$00000002  c_w.l(libshutdown2.o)
    0x080101f6   0x00000000   Code   RO         2133    .ARM.Collect$$libshutdown$$00000003  c_w.l(libshutdown2.o)
    0x080101f6   0x00000000   Code   RO         2136    .ARM.Collect$$libshutdown$$00000006  c_w.l(libshutdown2.o)
    0x080101f6   0x00000000   Code   RO         2139    .ARM.Collect$$libshutdown$$00000009  c_w.l(libshutdown2.o)
    0x080101f6   0x00000000   Code   RO         2141    .ARM.Collect$$libshutdown$$0000000B  c_w.l(libshutdown2.o)
    0x080101f6   0x00000000   Code   RO         2144    .ARM.Collect$$libshutdown$$0000000E  c_w.l(libshutdown2.o)
    0x080101f6   0x00000002   Code   RO         2145    .ARM.Collect$$libshutdown$$0000000F  c_w.l(libshutdown2.o)
    0x080101f8   0x00000000   Code   RO         1764    .ARM.Collect$$rtentry$$00000000  c_w.l(__rtentry.o)
    0x080101f8   0x00000000   Code   RO         1904    .ARM.Collect$$rtentry$$00000002  c_w.l(__rtentry2.o)
    0x080101f8   0x00000006   Code   RO         1916    .ARM.Collect$$rtentry$$00000004  c_w.l(__rtentry4.o)
    0x080101fe   0x00000000   Code   RO         1906    .ARM.Collect$$rtentry$$00000009  c_w.l(__rtentry2.o)
    0x080101fe   0x00000004   Code   RO         1907    .ARM.Collect$$rtentry$$0000000A  c_w.l(__rtentry2.o)
    0x08010202   0x00000000   Code   RO         1909    .ARM.Collect$$rtentry$$0000000C  c_w.l(__rtentry2.o)
    0x08010202   0x00000008   Code   RO         1910    .ARM.Collect$$rtentry$$0000000D  c_w.l(__rtentry2.o)
    0x0801020a   0x00000002   Code   RO         2148    .ARM.Collect$$rtexit$$00000000  c_w.l(rtexit.o)
    0x0801020c   0x00000000   Code   RO         2165    .ARM.Collect$$rtexit$$00000002  c_w.l(rtexit2.o)
    0x0801020c   0x00000004   Code   RO         2166    .ARM.Collect$$rtexit$$00000003  c_w.l(rtexit2.o)
    0x08010210   0x00000006   Code   RO         2167    .ARM.Collect$$rtexit$$00000004  c_w.l(rtexit2.o)
    0x08010216   0x00000002   PAD
    0x08010218   0x00000020   Code   RO          522    .emb_text           core_cm3.o
    0x08010238   0x00000000   Code   RO         2067    .emb_text           c_w.l(maybetermalloc1.o)
    0x08010238   0x00001d2c   Code   RO            1    .text               main_1.o
    0x08011f64   0x0000006c   Code   RO          194    .text               stm32f10x_it.o
    0x08011fd0   0x000006d0   Code   RO          267    .text               iir.o
    0x080126a0   0x00000398   Code   RO          283    .text               adc.o
    0x08012a38   0x00000128   Code   RO          296    .text               flash.o
    0x08012b60   0x00001158   Code   RO          333    .text               ext_adc.o
    0x08013cb8   0x000002ac   Code   RO          367    .text               keyboard.o
    0x08013f64   0x000002b8   Code   RO          397    .text               reg.o
    0x0801421c   0x0000027c   Code   RO          423    .text               realtime.o
    0x08014498   0x0000046c   Code   RO          448    .text               flash_at45db.o
    0x08014904   0x00000210   Code   RO          470    .text               road.o
    0x08014b14   0x0000013c   Code   RO          504    .text               system_stm32f10x.o
    0x08014c50   0x000000dc   Code   RO          533    .text               misc.o
    0x08014d2c   0x000003a4   Code   RO          545    .text               stm32f10x_rcc.o
    0x080150d0   0x000003a4   Code   RO          559    .text               stm32f10x_usart.o
    0x08015474   0x0000033c   Code   RO          571    .text               stm32f10x_gpio.o
    0x080157b0   0x0000044e   Code   RO          595    .text               stm32f10x_adc.o
    0x08015bfe   0x00000002   PAD
    0x08015c00   0x00000148   Code   RO          607    .text               stm32f10x_rtc.o
    0x08015d48   0x0000030c   Code   RO          619    .text               stm32f10x_spi.o
    0x08016054   0x00000b96   Code   RO          631    .text               stm32f10x_tim.o
    0x08016bea   0x00000002   PAD
    0x08016bec   0x000000c4   Code   RO          643    .text               stm32f10x_bkp.o
    0x08016cb0   0x000000c0   Code   RO          655    .text               stm32f10x_pwr.o
    0x08016d70   0x00000040   Code   RO          697    .text               stm32f10x_iwdg.o
    0x08016db0   0x00000038   Code   RO          712    .text               startup_stm32f10x_md.o
    0x08016de8   0x00000060   Code   RO          728    .text               usbuser.o
    0x08016e48   0x0000060c   Code   RO          787    .text               mscuser.o
    0x08017454   0x00000318   Code   RO          820    .text               usbcore.o
    0x0801776c   0x00000468   Code   RO          891    .text               usbhw.o
    0x08017bd4   0x00000160   Code   RO          909    .text               retarget.o
    0x08017d34   0x0000008c   Code   RO          956    .text               _fs_fclose.o
    0x08017dc0   0x00000134   Code   RO          968    .text               _fs_fcreate.o
    0x08017ef4   0x0000008c   Code   RO          994    .text               _fs_fdelete.o
    0x08017f80   0x00000578   Code   RO         1006    .text               _fs_flashio.o
    0x080184f8   0x0000009c   Code   RO         1018    .text               _fs_flushbuf.o
    0x08018594   0x000001f0   Code   RO         1030    .text               _fs_fopen.o
    0x08018784   0x000000cc   Code   RO         1054    .text               _fs_getfsize.o
    0x08018850   0x000000bc   Code   RO         1066    .text               _fs_read.o
    0x0801890c   0x00000130   Code   RO         1078    .text               _fs_setfpos.o
    0x08018a3c   0x00000114   Code   RO         1090    .text               _fs_write.o
    0x08018b50   0x00002e94   Code   RO         1191    .text               fs_fat.o
    0x0801b9e4   0x00000084   Code   RO         1210    .text               fs_time.o
    0x0801ba68   0x00000170   Code   RO         1242    .text               fs_lib.o
    0x0801bbd8   0x00000040   Code   RO         1255    .text               fs_finit.o
    0x0801bc18   0x00000042   Code   RO         1268    .text               fs_flashprg.o
    0x0801bc5a   0x00000002   PAD
    0x0801bc5c   0x0000022c   Code   RO         1280    .text               ssd1303.o
    0x0801be88   0x000005c4   Code   RO         1298    .text               vga_lib.o
    0x0801c44c   0x00000b38   Code   RO         1388    .text               types.o
    0x0801cf84   0x0000376c   Code   RO         1428    .text               menu.o
    0x080206f0   0x00000134   Code   RO         1512    .text               diskio.o
    0x08020824   0x00003266   Code   RO         1542    .text               ff.o
    0x08023a8a   0x00000002   PAD
    0x08023a8c   0x00000080   Code   RO         1563    .text               ccsbcs.o
    0x08023b0c   0x00000014   Code   RO         1592    .text               c_w.l(noretval__2fprintf.o)
    0x08023b20   0x00000028   Code   RO         1594    .text               c_w.l(noretval__2sprintf.o)
    0x08023b48   0x0000004e   Code   RO         1598    .text               c_w.l(_printf_pad.o)
    0x08023b96   0x00000052   Code   RO         1600    .text               c_w.l(_printf_str.o)
    0x08023be8   0x00000078   Code   RO         1602    .text               c_w.l(_printf_dec.o)
    0x08023c60   0x00000138   Code   RO         1616    .text               c_w.l(__printf_flags_wp.o)
    0x08023d98   0x00000018   Code   RO         1629    .text               c_w.l(__0fscanf.o)
    0x08023db0   0x000000e0   Code   RO         1631    .text               c_w.l(_scanf_str.o)
    0x08023e90   0x0000001a   Code   RO         1633    .text               c_w.l(atoi.o)
    0x08023eaa   0x00000002   PAD
    0x08023eac   0x000000f8   Code   RO         1641    .text               c_w.l(fseek.o)
    0x08023fa4   0x000000ec   Code   RO         1645    .text               c_w.l(fopen.o)
    0x08024090   0x0000004c   Code   RO         1647    .text               c_w.l(fclose.o)
    0x080240dc   0x00000048   Code   RO         1657    .text               c_w.l(strcpy.o)
    0x08024124   0x0000003e   Code   RO         1659    .text               c_w.l(strlen.o)
    0x08024162   0x0000008a   Code   RO         1661    .text               c_w.l(rt_memcpy_v6.o)
    0x080241ec   0x00000064   Code   RO         1663    .text               c_w.l(rt_memcpy_w.o)
    0x08024250   0x00000010   Code   RO         1665    .text               c_w.l(aeabi_memset.o)
    0x08024260   0x00000044   Code   RO         1667    .text               c_w.l(rt_memclr.o)
    0x080242a4   0x0000004e   Code   RO         1669    .text               c_w.l(rt_memclr_w.o)
    0x080242f2   0x00000056   Code   RO         1671    .text               c_w.l(strncpy.o)
    0x08024348   0x00000080   Code   RO         1673    .text               c_w.l(strcmpv7m.o)
    0x080243c8   0x0000000c   Code   RO         1675    .text               c_w.l(localtime.o)
    0x080243d4   0x000001a8   Code   RO         1678    .text               c_w.l(mktime.o)
    0x0802457c   0x00000006   Code   RO         1680    .text               c_w.l(heapauxi.o)
    0x08024582   0x00000002   PAD
    0x08024584   0x00000008   Code   RO         1768    .text               c_w.l(rt_errno_addr_intlibspace.o)
    0x0802458c   0x0000005e   Code   RO         1774    .text               c_w.l(h1_alloc.o)
    0x080245ea   0x0000004e   Code   RO         1776    .text               c_w.l(h1_free.o)
    0x08024638   0x00000016   Code   RO         1832    .text               c_w.l(_rserrno.o)
    0x0802464e   0x000000b2   Code   RO         1834    .text               c_w.l(_printf_intcommon.o)
    0x08024700   0x0000041a   Code   RO         1836    .text               c_w.l(_printf_fp_dec.o)
    0x08024b1a   0x00000002   PAD
    0x08024b1c   0x00000030   Code   RO         1838    .text               c_w.l(_printf_char_common.o)
    0x08024b4c   0x0000000a   Code   RO         1840    .text               c_w.l(_sputc.o)
    0x08024b56   0x0000002c   Code   RO         1842    .text               c_w.l(_printf_char.o)
    0x08024b82   0x00000002   PAD
    0x08024b84   0x00000024   Code   RO         1844    .text               c_w.l(_printf_char_file.o)
    0x08024ba8   0x00000018   Code   RO         1847    .text               c_w.l(scanf_char_file.o)
    0x08024bc0   0x00000070   Code   RO         1849    .text               c_w.l(strtol.o)
    0x08024c30   0x000001d6   Code   RO         1855    .text               c_w.l(flsbuf.o)
    0x08024e06   0x00000042   Code   RO         1857    .text               c_w.l(ftell.o)
    0x08024e48   0x000000f0   Code   RO         1859    .text               c_w.l(stdio.o)
    0x08024f38   0x000000b8   Code   RO         1871    .text               c_w.l(localtime_internal.o)
    0x08024ff0   0x00000008   Code   RO         1900    .text               c_w.l(libspace.o)
    0x08024ff8   0x00000010   Code   RO         1918    .text               c_w.l(rt_ctype_table.o)
    0x08025008   0x00000008   Code   RO         1923    .text               c_w.l(rt_heap_descriptor_intlibspace.o)
    0x08025010   0x00000008   Code   RO         1928    .text               c_w.l(rt_locale_intlibspace.o)
    0x08025018   0x00000004   Code   RO         1930    .text               c_w.l(hguard.o)
    0x0802501c   0x0000008a   Code   RO         1932    .text               c_w.l(init_alloc.o)
    0x080250a6   0x0000000e   Code   RO         1936    .text               c_w.l(h1_init.o)
    0x080250b4   0x0000008a   Code   RO         1950    .text               c_w.l(lludiv10.o)
    0x0802513e   0x00000002   PAD
    0x08025140   0x00000080   Code   RO         1952    .text               c_w.l(_printf_fp_infnan.o)
    0x080251c0   0x0000002c   Code   RO         1958    .text               c_w.l(scanf_char.o)
    0x080251ec   0x0000009e   Code   RO         1960    .text               c_w.l(_strtoul.o)
    0x0802528a   0x00000002   PAD
    0x0802528c   0x000000dc   Code   RO         1962    .text               c_w.l(bigflt0.o)
    0x08025368   0x00000048   Code   RO         1987    .text               c_w.l(backspace.o)
    0x080253b0   0x00000008   Code   RO         1989    .text               c_w.l(ferror.o)
    0x080253b8   0x0000023a   Code   RO         1991    .text               c_w.l(filbuf.o)
    0x080255f2   0x00000002   PAD
    0x080255f4   0x00000138   Code   RO         1995    .text               c_w.l(initio.o)
    0x0802572c   0x0000004a   Code   RO         2063    .text               c_w.l(sys_stackheap_outer.o)
    0x08025776   0x00000034   Code   RO         2069    .text               c_w.l(h1_extend.o)
    0x080257aa   0x00000012   Code   RO         2073    .text               c_w.l(isspace.o)
    0x080257bc   0x0000001c   Code   RO         2075    .text               c_w.l(_chval.o)
    0x080257d8   0x00000374   Code   RO         2077    .text               c_w.l(_scanf.o)
    0x08025b4c   0x00000064   Code   RO         2081    .text               c_w.l(fflush.o)
    0x08025bb0   0x00000046   Code   RO         2085    .text               c_w.l(setvbuf.o)
    0x08025bf6   0x00000002   PAD
    0x08025bf8   0x00000048   Code   RO         2087    .text               c_w.l(ungetc.o)
    0x08025c40   0x00000118   Code   RO         2089    .text               c_w.l(freadfast.o)
    0x08025d58   0x00000038   Code   RO         2093    .text               c_w.l(flushlinebuffered.o)
    0x08025d90   0x0000000c   Code   RO         2110    .text               c_w.l(exit.o)
    0x08025d9c   0x0000000e   Code   RO         2112    .text               c_w.l(defsig_rtred_outer.o)
    0x08025daa   0x0000000e   Code   RO         2116    .text               c_w.l(defsig_rtmem_outer.o)
    0x08025db8   0x0000000a   Code   RO         2154    .text               c_w.l(defsig_exit.o)
    0x08025dc2   0x00000002   PAD
    0x08025dc4   0x00000034   Code   RO         2156    .text               c_w.l(defsig_rtred_inner.o)
    0x08025df8   0x00000050   Code   RO         2158    .text               c_w.l(defsig_rtmem_inner.o)
    0x08025e48   0x00000032   Code   RO         2177    .text               c_w.l(defsig_general.o)
    0x08025e7a   0x0000003e   Code   RO         1965    CL$$btod_d2e        c_w.l(btod.o)
    0x08025eb8   0x00000046   Code   RO         1967    CL$$btod_d2e_denorm_low  c_w.l(btod.o)
    0x08025efe   0x00000060   Code   RO         1966    CL$$btod_d2e_norm_op1  c_w.l(btod.o)
    0x08025f5e   0x00000338   Code   RO         1975    CL$$btod_div_common  c_w.l(btod.o)
    0x08026296   0x000000c6   Code   RO         1972    CL$$btod_e2e        c_w.l(btod.o)
    0x0802635c   0x00000028   Code   RO         1969    CL$$btod_ediv       c_w.l(btod.o)
    0x08026384   0x00000028   Code   RO         1968    CL$$btod_emul       c_w.l(btod.o)
    0x080263ac   0x00000244   Code   RO         1974    CL$$btod_mult_common  c_w.l(btod.o)
    0x080265f0   0x000000a8   Code   RO          844    i.USB_GetDescriptor  usbcore.o
    0x08026698   0x000000d0   Code   RO          832    i.USB_GetStatus     usbcore.o
    0x08026768   0x000000dc   Code   RO          838    i.USB_SetClrFeature  usbcore.o
    0x08026844   0x00000190   Code   RO          850    i.USB_SetConfiguration  usbcore.o
    0x080269d4   0x00000110   Code   RO          856    i.USB_SetInterface  usbcore.o
    0x08026ae4   0x00000028   Code   RO         2061    i.__ARM_fpclassify  m_ws.l(fpclassify.o)
    0x08026b0c   0x0000000e   Code   RO         1614    i._is_digit         c_w.l(__printf_wp.o)
    0x08026b1a   0x00000002   PAD
    0x08026b1c   0x000000dc   Code   RO         1747    i.ceil              m_ws.l(ceil.o)
    0x08026bf8   0x00000018   Code   RO         1852    i.fgetc             c_w.l(fgetc.o)
    0x08026c10   0x0000001a   Code   RO         1636    i.fputc             c_w.l(fputc.o)
    0x08026c2a   0x0000003a   Code   RO         1750    i.lrint             m_ws.l(lrint.o)
    0x08026c64   0x0000004c   Code   RO         1755    i.sqrt              m_ws.l(sqrt.o)
    0x08026cb0   0x0000002c   Code   RO         2006    locale$$code        c_w.l(lc_numeric_c.o)
    0x08026cdc   0x0000002c   Code   RO         2108    locale$$code        c_w.l(lc_ctype_c.o)
    0x08026d08   0x00000062   Code   RO         1684    x$fpl$d2f           fz_ws.l(d2f.o)
    0x08026d6a   0x00000002   PAD
    0x08026d6c   0x00000150   Code   RO         1875    x$fpl$dadd          fz_ws.l(daddsub_clz.o)
    0x08026ebc   0x00000018   Code   RO         1881    x$fpl$dcmpinf       fz_ws.l(dcmpi.o)
    0x08026ed4   0x000002b0   Code   RO         1687    x$fpl$ddiv          fz_ws.l(ddiv.o)
    0x08027184   0x00000078   Code   RO         1883    x$fpl$deqf          fz_ws.l(deqf.o)
    0x080271fc   0x0000005e   Code   RO         1690    x$fpl$dfix          fz_ws.l(dfix.o)
    0x0802725a   0x00000002   PAD
    0x0802725c   0x00000086   Code   RO         1691    x$fpl$dfixr         fz_ws.l(dfix.o)
    0x080272e2   0x0000002e   Code   RO         1695    x$fpl$dflt          fz_ws.l(dflt_clz.o)
    0x08027310   0x00000026   Code   RO         1694    x$fpl$dfltu         fz_ws.l(dflt_clz.o)
    0x08027336   0x00000002   PAD
    0x08027338   0x0000008a   Code   RO         1701    x$fpl$dfltull       fz_ws.l(dfltll_clz.o)
    0x080273c2   0x00000002   PAD
    0x080273c4   0x00000078   Code   RO         1704    x$fpl$dleqf         fz_ws.l(dleqf.o)
    0x0802743c   0x00000154   Code   RO         1706    x$fpl$dmul          fz_ws.l(dmul.o)
    0x08027590   0x0000009c   Code   RO         1885    x$fpl$dnaninf       fz_ws.l(dnaninf.o)
    0x0802762c   0x0000000c   Code   RO         1887    x$fpl$dretinf       fz_ws.l(dretinf.o)
    0x08027638   0x0000006c   Code   RO         1708    x$fpl$drleqf        fz_ws.l(drleqf.o)
    0x080276a4   0x000000b4   Code   RO         1889    x$fpl$drnd          fz_ws.l(drnd.o)
    0x08027758   0x00000016   Code   RO         1876    x$fpl$drsb          fz_ws.l(daddsub_clz.o)
    0x0802776e   0x00000002   PAD
    0x08027770   0x000001cc   Code   RO         1891    x$fpl$dsqrt         fz_ws.l(dsqrt_noumaal.o)
    0x0802793c   0x000001d4   Code   RO         1877    x$fpl$dsub          fz_ws.l(daddsub_clz.o)
    0x08027b10   0x00000056   Code   RO         1710    x$fpl$f2d           fz_ws.l(f2d.o)
    0x08027b66   0x00000002   PAD
    0x08027b68   0x000000c4   Code   RO         1712    x$fpl$fadd          fz_ws.l(faddsub_clz.o)
    0x08027c2c   0x00000018   Code   RO         1893    x$fpl$fcmpinf       fz_ws.l(fcmpi.o)
    0x08027c44   0x00000184   Code   RO         1719    x$fpl$fdiv          fz_ws.l(fdiv.o)
    0x08027dc8   0x00000068   Code   RO         1722    x$fpl$feqf          fz_ws.l(feqf.o)
    0x08027e30   0x00000036   Code   RO         1724    x$fpl$ffix          fz_ws.l(ffix.o)
    0x08027e66   0x00000002   PAD
    0x08027e68   0x0000003e   Code   RO         1728    x$fpl$ffixu         fz_ws.l(ffixu.o)
    0x08027ea6   0x00000002   PAD
    0x08027ea8   0x00000030   Code   RO         1733    x$fpl$fflt          fz_ws.l(fflt_clz.o)
    0x08027ed8   0x00000026   Code   RO         1732    x$fpl$ffltu         fz_ws.l(fflt_clz.o)
    0x08027efe   0x00000002   PAD
    0x08027f00   0x00000068   Code   RO         1738    x$fpl$fleqf         fz_ws.l(fleqf.o)
    0x08027f68   0x00000102   Code   RO         1740    x$fpl$fmul          fz_ws.l(fmul.o)
    0x0802806a   0x0000008c   Code   RO         1895    x$fpl$fnaninf       fz_ws.l(fnaninf.o)
    0x080280f6   0x0000000a   Code   RO         1897    x$fpl$fretinf       fz_ws.l(fretinf.o)
    0x08028100   0x00000062   Code   RO         1742    x$fpl$frleqf        fz_ws.l(frleqf.o)
    0x08028162   0x00000002   PAD
    0x08028164   0x000000ea   Code   RO         1714    x$fpl$fsub          fz_ws.l(faddsub_clz.o)
    0x0802824e   0x00000004   Code   RO         1744    x$fpl$printf1       fz_ws.l(printf1.o)
    0x08028252   0x00000000   Code   RO         1899    x$fpl$usenofp       fz_ws.l(usenofp.o)
    0x08028252   0x000000e8   Data   RO          385    .constdata          params.o
    0x0802833a   0x00000002   PAD
    0x0802833c   0x00000040   Data   RO          729    .constdata          usbuser.o
    0x0802837c   0x000000a5   Data   RO          879    .constdata          usbdesc.o
    0x08028421   0x00000014   Data   RO          910    .constdata          retarget.o
    0x08028435   0x00000003   PAD
    0x08028438   0x00000038   Data   RO         1103    .constdata          file_config.o
    0x08028470   0x000000a9   Data   RO         1193    .constdata          fs_fat.o
    0x08028519   0x00000240   Data   RO         1281    .constdata          ssd1303.o
    0x08028759   0x00000c00   Data   RO         1300    .constdata          vga_lib.o
    0x08029359   0x00000003   PAD
    0x0802935c   0x00000608   Data   RO         1325    .constdata          font_6x8.o
    0x08029964   0x00000e08   Data   RO         1349    .constdata          font_7x10_bold.o
    0x0802a76c   0x00001808   Data   RO         1361    .constdata          font_12x16.o
    0x0802bf74   0x00000408   Data   RO         1373    .constdata          font_4x7.o
    0x0802c37c   0x00000043   Data   RO         1390    .constdata          types.o
    0x0802c3bf   0x00000c74   Data   RO         1416    .constdata          items.o
    0x0802d033   0x00000001   PAD
    0x0802d034   0x00000050   Data   RO         1430    .constdata          menu.o
    0x0802d084   0x000000ba   Data   RO         1543    .constdata          ff.o
    0x0802d13e   0x000004c0   Data   RO         1564    .constdata          ccsbcs.o
    0x0802d5fe   0x00000011   Data   RO         1617    .constdata          c_w.l(__printf_flags_wp.o)
    0x0802d60f   0x0000000c   Data   RO         1870    .constdata          c_w.l(_monlen.o)
    0x0802d61b   0x00000001   PAD
    0x0802d61c   0x00000094   Data   RO         1963    .constdata          c_w.l(bigflt0.o)
    0x0802d6b0   0x00000139   Data   RO         1431    .conststring        menu.o
    0x0802d7e9   0x00000003   PAD
    0x0802d7ec   0x00000020   Data   RO         2198    Region$$Table       anon$$obj.o
    0x0802d80c   0x0000001c   Data   RO         2005    locale$$data        c_w.l(lc_numeric_c.o)
    0x0802d828   0x00000110   Data   RO         2107    locale$$data        c_w.l(lc_ctype_c.o)


    Execution Region RW_IRAM1 (Base: 0x20000000, Size: 0x0000f748, Max: 0x00010000, ABSOLUTE, COMPRESSED[0x00000528])

    Base Addr    Size         Type   Attr      Idx    E Section Name        Object

    0x20000000   0x00000090   Data   RW            3    .data               main_1.o
    0x20000090   0x00000001   Data   RW          195    .data               stm32f10x_it.o
    0x20000091   0x00000002   Data   RW          269    .data               iir.o
    0x20000093   0x00000001   PAD
    0x20000094   0x0000001a   Data   RW          284    .data               adc.o
    0x200000ae   0x00000002   PAD
    0x200000b0   0x00000550   Data   RW          336    .data               ext_adc.o
    0x20000600   0x00000009   Data   RW          368    .data               keyboard.o
    0x20000609   0x00000004   Data   RW          450    .data               flash_at45db.o
    0x2000060d   0x00000003   PAD
    0x20000610   0x00000004   Data   RW          472    .data               road.o
    0x20000614   0x00000014   Data   RW          546    .data               stm32f10x_rcc.o
    0x20000628   0x00000a00   Data   RW          716    .data               diskimg.o
    0x20001028   0x0000000e   Data   RW          789    .data               mscuser.o
    0x20001036   0x00000002   PAD
    0x20001038   0x0000002c   Data   RW          821    .data               usbcore.o
    0x20001064   0x00000006   Data   RW          892    .data               usbhw.o
    0x2000106a   0x00000002   PAD
    0x2000106c   0x00000014   Data   RW         1194    .data               fs_fat.o
    0x20001080   0x00000001   Data   RW         1282    .data               ssd1303.o
    0x20001081   0x00000003   Data   RW         1301    .data               vga_lib.o
    0x20001084   0x00000001   Data   RW         1391    .data               types.o
    0x20001085   0x00000003   PAD
    0x20001088   0x000000ad   Data   RW         1432    .data               menu.o
    0x20001135   0x00000003   PAD
    0x20001138   0x00000006   Data   RW         1544    .data               ff.o
    0x2000113e   0x00000002   PAD
    0x20001140   0x00000004   Data   RW         1865    .data               c_w.l(stdio_streams.o)
    0x20001144   0x00000004   Data   RW         1866    .data               c_w.l(stdio_streams.o)
    0x20001148   0x00000004   Data   RW         1867    .data               c_w.l(stdio_streams.o)
    0x2000114c   0x000004e6   Zero   RW            2    .bss                main_1.o
    0x20001632   0x00000002   PAD
    0x20001634   0x0000016c   Zero   RW          268    .bss                iir.o
    0x200017a0   0x0000c3c0   Zero   RW          334    .bss                ext_adc.o
    0x2000db60   0x0000003c   Zero   RW          398    .bss                reg.o
    0x2000db9c   0x0000002c   Zero   RW          424    .bss                realtime.o
    0x2000dbc8   0x00000200   Zero   RW          449    .bss                flash_at45db.o
    0x2000ddc8   0x00000210   Zero   RW          471    .bss                road.o
    0x2000dfd8   0x0000006c   Zero   RW          788    .bss                mscuser.o
    0x2000e044   0x00000740   Zero   RW         1102    .bss                file_config.o
    0x2000e784   0x00000154   Zero   RW         1192    .bss                fs_fat.o
    0x2000e8d8   0x00000400   Zero   RW         1299    .bss                vga_lib.o
    0x2000ecd8   0x00000032   Zero   RW         1389    .bss                types.o
    0x2000ed0a   0x00000002   PAD
    0x2000ed0c   0x000002b3   Zero   RW         1429    .bss                menu.o
    0x2000efbf   0x00000001   PAD
    0x2000efc0   0x0000002c   Zero   RW         1676    .bss                c_w.l(localtime.o)
    0x2000efec   0x00000054   Zero   RW         1862    .bss                c_w.l(stdio_streams.o)
    0x2000f040   0x00000054   Zero   RW         1863    .bss                c_w.l(stdio_streams.o)
    0x2000f094   0x00000054   Zero   RW         1864    .bss                c_w.l(stdio_streams.o)
    0x2000f0e8   0x00000060   Zero   RW         1901    .bss                c_w.l(libspace.o)
    0x2000f148   0x00000200   Zero   RW          710    HEAP                startup_stm32f10x_md.o
    0x2000f348   0x00000400   Zero   RW          709    STACK               startup_stm32f10x_md.o


==============================================================================

Image component sizes


      Code (inc. data)   RO Data    RW Data    ZI Data      Debug   Object Name

       140         10          0          0          0        863   _fs_fclose.o
       308          0          0          0          0       9788   _fs_fcreate.o
       140          0          0          0          0        955   _fs_fdelete.o
         0          0          0          0          0       8501   _fs_ffind.o
      1400         20          0          0          0       5920   _fs_flashio.o
       156         10          0          0          0        881   _fs_flushbuf.o
       496         18          0          0          0       1362   _fs_fopen.o
       204          4          0          0          0       1073   _fs_getfsize.o
       188         10          0          0          0       1033   _fs_read.o
       304          8          0          0          0       1180   _fs_setfpos.o
       276          8          0          0          0       1094   _fs_write.o
       920         20          0         26          0       2743   adc.o
       128         12       1216          0          0       1821   ccsbcs.o
        32          0          0          0          0        532   core_cm3.o
         0          0          0       2560          0        494   diskimg.o
       308         10          0          0          0       3909   diskio.o
      4440        502          0       1360      50112       7932   ext_adc.o
     12902        148        186          6          0      36811   ff.o
         0          0         56          0       1856       4514   file_config.o
       296         32          0          0          0       2099   flash.o
      1132         22          0          4        512       5121   flash_at45db.o
         0          0       6152          0          0        951   font_12x16.o
         0          0       1032          0          0        941   font_4x7.o
         0          0       1544          0          0        941   font_6x8.o
         0          0       3592          0          0        971   font_7x10_bold.o
     11924        456        169         20        340      29725   fs_fat.o
        64         14          0          0          0        464   fs_finit.o
        66          0          0          0          0       1822   fs_flashprg.o
       368         42          0          0          0       2423   fs_lib.o
       132          0          0          0          0        726   fs_time.o
      1744         36          0          2        364       5625   iir.o
         0          0       3188          0          0       1117   items.o
       684         26          0          9          0       2562   keyboard.o
      7468        934          0        144       1254     302649   main_1.o
     14188       1816        393        173        691      29940   menu.o
       220         22          0          0          0       1689   misc.o
      1548         68          0         14        108       6425   mscuser.o
         0          0        232          0          0        725   params.o
       636         24          0          0         44       4287   realtime.o
       696          8          0          0         60       2667   reg.o
       352         28         20          0          0       4181   retarget.o
       528        116          0          4        528       2425   road.o
       556         46        576          1          0       2387   ssd1303.o
        56         22        236          0       1536        768   startup_stm32f10x_md.o
      1102         26          0          0          0      10721   stm32f10x_adc.o
       196          8          0          0          0       3420   stm32f10x_bkp.o
       828         38          0          0          0       5429   stm32f10x_gpio.o
       108         10          0          1          0       2342   stm32f10x_it.o
        64          6          0          0          0       1213   stm32f10x_iwdg.o
       192         14          0          0          0       1879   stm32f10x_pwr.o
       932         36          0         20          0       8660   stm32f10x_rcc.o
       328          4          0          0          0       2618   stm32f10x_rtc.o
       780         14          0          0          0       6394   stm32f10x_spi.o
      2966         28          0          0          0      23956   stm32f10x_tim.o
       932         22          0          0          0       7743   stm32f10x_usart.o
       316         18          0          0          0       1121   system_stm32f10x.o
      2872        152         67          1         50       9481   types.o
      2060        198          0         44          0       6994   usbcore.o
         0          0        165          0          0        649   usbdesc.o
      1128         46          0          6          0       6916   usbhw.o
        96          6         64          0          0       8283   usbuser.o
      1476         38       3072          3       1024       7337   vga_lib.o
         0          0          0          0          0     223289   wav.o

    ----------------------------------------------------------------------
     81384       5156      22004       4416      58484     843482   Object Totals
         0          0         32          0          0          0   (incl. Generated)
         8          0         12         18          5          0   (incl. Padding)

    ----------------------------------------------------------------------

      Code (inc. data)   RO Data    RW Data    ZI Data      Debug   Library Member Name

        24          0          0          0          0         84   __0fscanf.o
       100          0          0          0          0          0   __dclz77c.o
         8          0          0          0          0         68   __main.o
       312          4         17          0          0         92   __printf_flags_wp.o
        14          0          0          0          0         68   __printf_wp.o
         0          0          0          0          0          0   __rtentry.o
        12          0          0          0          0          0   __rtentry2.o
         6          0          0          0          0          0   __rtentry4.o
        52          8          0          0          0          0   __scatter.o
        28          0          0          0          0          0   __scatter_zi.o
        28          0          0          0          0         68   _chval.o
         0          0         12          0          0          0   _monlen.o
        44          0          0          0          0        108   _printf_char.o
        48          6          0          0          0         96   _printf_char_common.o
        36          4          0          0          0         80   _printf_char_file.o
         6          0          0          0          0          0   _printf_d.o
       120         16          0          0          0         92   _printf_dec.o
         6          0          0          0          0          0   _printf_f.o
      1050          0          0          0          0        216   _printf_fp_dec.o
       128         16          0          0          0         84   _printf_fp_infnan.o
       178          0          0          0          0         88   _printf_intcommon.o
        78          0          0          0          0        108   _printf_pad.o
         0          0          0          0          0          0   _printf_percent.o
         4          0          0          0          0          0   _printf_percent_end.o
         6          0          0          0          0          0   _printf_s.o
        82          0          0          0          0         80   _printf_str.o
         6          0          0          0          0          0   _printf_u.o
        22          0          0          0          0        100   _rserrno.o
       884          6          0          0          0        100   _scanf.o
       224          0          0          0          0         96   _scanf_str.o
        10          0          0          0          0         68   _sputc.o
       158          0          0          0          0         92   _strtoul.o
        16          0          0          0          0         68   aeabi_memset.o
        26          0          0          0          0         80   atoi.o
        72          0          0          0          0         92   backspace.o
       220          4        148          0          0         96   bigflt0.o
      1910        128          0          0          0        672   btod.o
        10          0          0          0          0         68   defsig_exit.o
        50          0          0          0          0         88   defsig_general.o
        80         58          0          0          0         76   defsig_rtmem_inner.o
        14          0          0          0          0         80   defsig_rtmem_outer.o
        52         38          0          0          0         76   defsig_rtred_inner.o
        14          0          0          0          0         80   defsig_rtred_outer.o
        12          0          0          0          0         72   exit.o
        76          0          0          0          0         88   fclose.o
         8          0          0          0          0         68   ferror.o
       100          4          0          0          0        120   fflush.o
        24          0          0          0          0         68   fgetc.o
       570          0          0          0          0        132   filbuf.o
       470          0          0          0          0         88   flsbuf.o
        56          6          0          0          0         80   flushlinebuffered.o
       236          4          0          0          0        128   fopen.o
        26          0          0          0          0         68   fputc.o
       280          0          0          0          0         96   freadfast.o
       248          6          0          0          0         84   fseek.o
        66          0          0          0          0         76   ftell.o
        94          0          0          0          0         80   h1_alloc.o
        52          0          0          0          0         68   h1_extend.o
        78          0          0          0          0         80   h1_free.o
        14          0          0          0          0         84   h1_init.o
         6          0          0          0          0        152   heapauxi.o
         4          0          0          0          0        136   hguard.o
       138          0          0          0          0        168   init_alloc.o
       312         46          0          0          0        112   initio.o
        18          0          0          0          0         76   isspace.o
        44         10        272          0          0         76   lc_ctype_c.o
        44         10         28          0          0         76   lc_numeric_c.o
         2          0          0          0          0          0   libinit.o
        42          0          0          0          0          0   libinit2.o
         2          0          0          0          0          0   libshutdown.o
         6          0          0          0          0          0   libshutdown2.o
         8          4          0          0         96         68   libspace.o
       138          0          0          0          0         80   lludiv10.o
        12          6          0          0         44         68   localtime.o
       184          6          0          0          0         80   localtime_internal.o
         0          0          0          0          0          0   maybetermalloc1.o
       424         10          0          0          0        124   mktime.o
        20          0          0          0          0         84   noretval__2fprintf.o
        40          6          0          0          0         84   noretval__2sprintf.o
        16          4          0          0          0         76   rt_ctype_table.o
         8          4          0          0          0         68   rt_errno_addr_intlibspace.o
         8          4          0          0          0         68   rt_heap_descriptor_intlibspace.o
         8          4          0          0          0         68   rt_locale_intlibspace.o
        68          0          0          0          0         68   rt_memclr.o
        78          0          0          0          0         80   rt_memclr_w.o
       138          0          0          0          0         68   rt_memcpy_v6.o
       100          0          0          0          0         80   rt_memcpy_w.o
         2          0          0          0          0          0   rtexit.o
        10          0          0          0          0          0   rtexit2.o
        44          8          0          0          0         84   scanf_char.o
        24          8          0          0          0         68   scanf_char_file.o
        70          0          0          0          0         80   setvbuf.o
       240          6          0          0          0        156   stdio.o
         0          0          0         12        252          0   stdio_streams.o
       128          0          0          0          0         68   strcmpv7m.o
        72          0          0          0          0         80   strcpy.o
        62          0          0          0          0         76   strlen.o
        86          0          0          0          0         76   strncpy.o
       112          0          0          0          0         88   strtol.o
        74          0          0          0          0         80   sys_stackheap_outer.o
        72         12          0          0          0         68   ungetc.o
        98          4          0          0          0         92   d2f.o
       826         16          0          0          0        348   daddsub_clz.o
        24          0          0          0          0         68   dcmpi.o
       688        140          0          0          0        208   ddiv.o
       120          4          0          0          0         92   deqf.o
       228          8          0          0          0        184   dfix.o
        84          0          0          0          0        136   dflt_clz.o
       138          0          0          0          0         84   dfltll_clz.o
       120          4          0          0          0         92   dleqf.o
       340         12          0          0          0        104   dmul.o
       156          4          0          0          0         92   dnaninf.o
        12          0          0          0          0         68   dretinf.o
       108          0          0          0          0         80   drleqf.o
       180          4          0          0          0         80   drnd.o
       460         56          0          0          0        120   dsqrt_noumaal.o
        86          4          0          0          0         84   f2d.o
       430          8          0          0          0        168   faddsub_clz.o
        24          0          0          0          0         68   fcmpi.o
       388         76          0          0          0         96   fdiv.o
       104          4          0          0          0         84   feqf.o
        54          4          0          0          0         84   ffix.o
        62          4          0          0          0         84   ffixu.o
        86          0          0          0          0        136   fflt_clz.o
       104          4          0          0          0         84   fleqf.o
       258          4          0          0          0         84   fmul.o
       140          4          0          0          0         84   fnaninf.o
        10          0          0          0          0         68   fretinf.o
        98          0          0          0          0         68   frleqf.o
         4          0          0          0          0         68   printf1.o
         0          0          0          0          0          0   usenofp.o
       220         16          0          0          0         84   ceil.o
        40          0          0          0          0         68   fpclassify.o
        58          0          0          0          0         80   lrint.o
        76          0          0          0          0         84   sqrt.o

    ----------------------------------------------------------------------
     17278        836        478         12        392      11052   Library Totals
        42          0          1          0          0          0   (incl. Padding)

    ----------------------------------------------------------------------

      Code (inc. data)   RO Data    RW Data    ZI Data      Debug   Library Name

     11412        456        477         12        392       7628   c_w.l
      5430        364          0          0          0       3108   fz_ws.l
       394         16          0          0          0        316   m_ws.l

    ----------------------------------------------------------------------
     17278        836        478         12        392      11052   Library Totals

    ----------------------------------------------------------------------

==============================================================================


      Code (inc. data)   RO Data    RW Data    ZI Data      Debug   

     98662       5992      22482       4428      58876     842362   Grand Totals
     98662       5992      22482       1320      58876     842362   ELF Image Totals (compressed)
     98662       5992      22482       1320          0          0   ROM Totals

==============================================================================

    Total RO  Size (Code + RO Data)               121144 ( 118.30kB)
    Total RW  Size (RW Data + ZI Data)             63304 (  61.82kB)
    Total ROM Size (Code + RO Data + RW Data)     122464 ( 119.59kB)

==============================================================================

