Component: ARM Compiler 5.05 update 1 (build 106) Tool: armlink [4d0efa]

==============================================================================

Section Cross References

    main.o(.text) refers to _printf_percent.o(.ARM.Collect$$_printf_percent$$00000000) for _printf_percent
    main.o(.text) refers to _printf_d.o(.ARM.Collect$$_printf_percent$$00000009) for _printf_d
    main.o(.text) refers to _printf_s.o(.ARM.Collect$$_printf_percent$$00000014) for _printf_s
    main.o(.text) refers to _printf_dec.o(.text) for _printf_int_dec
    main.o(.text) refers to _printf_str.o(.text) for _printf_str
    main.o(.text) refers to keyboard.o(.text) for key_1ms
    main.o(.text) refers to menu.o(.text) for men_1ms
    main.o(.text) refers to stm32f10x_rcc.o(.text) for RCC_APB2PeriphClockCmd
    main.o(.text) refers to stm32f10x_gpio.o(.text) for GPIO_Init
    main.o(.text) refers to main.o(.data) for GLOBAL_TIMER_1ms
    main.o(.text) refers to core_cm3.o(.emb_text) for __set_MSP
    main.o(.text) refers to misc.o(.text) for NVIC_SetVectorTable
    main.o(.text) refers to system_stm32f10x.o(.text) for SystemInit
    main.o(.text) refers to adc.o(.text) for adc_SETUP
    main.o(.text) refers to vga_lib.o(.text) for vga_INIT
    main.o(.text) refers to spi_sd.o(.text) for disk_initialize
    main.o(.text) refers to usbhw.o(.text) for USB_Init
    main.o(.text) refers to fopen.o(.text) for fopen
    main.o(.text) refers to fclose.o(.text) for fclose
    main.o(.text) refers to noretval__2sprintf.o(.text) for __2sprintf
    main.o(.text) refers to freadfast.o(.text) for fread
    main.o(.text) refers to stm32f10x_flash.o(.text) for FLASH_Unlock
    main.o(.text) refers to fs_fdelete.o(.text) for fdelete
    main.o(.text) refers to font_6x8.o(.constdata) for FONT_6x8
    main.o(.text) refers to misc.o(.text) for NVIC_Init
    main.o(.text) refers to main.o(.data) for i
    main.o(.text) refers to main.o(.bss) for buf
    main.o(.text) refers to main.o(.data) for val
    main.o(.text) refers to fs_finit.o(.text) for finit
    main.o(.text) refers to main.o(.text) for Delay
    main.o(.text) refers to fs_fat.o(.text) for fat_init
    main.o(.text) refers to vga_lib.o(.text) for vga_CLEAR
    main.o(.text) refers to menu.o(.text) for men_SHOW_MESSAGE
    main.o(.text) refers to vga_lib.o(.text) for vga_RECTANGLE
    main.o(.text) refers to rt_memclr_w.o(.text) for __aeabi_memclr4
    main.o(.text) refers to flash.o(.text) for mmc_format
    main.o(.text) refers to noretval__2sprintf.o(.text) for __2sprintf
    main.o(.text) refers to stm32f10x_gpio.o(.text) for GPIO_WriteBit
    main.o(.text) refers to font_6x8.o(.constdata) for FONT_6x8
    main.o(.text) refers to font_7x10_bold.o(.constdata) for FONT_7x10_bold
    main.o(.text) refers to fs_finit.o(.text) for finit
    main.o(.text) refers to fs_fat.o(.text) for fat_init
    main.o(.text) refers to main.o(.text) for Delay
    main.o(.text) refers to vga_lib.o(.text) for vga_CLEAR
    main.o(.text) refers to keyboard.o(.text) for key_CHECK_EVENT
    main.o(.text) refers to main.o(.text) for FORMAT
    main.o(.text) refers to stm32f10x_gpio.o(.text) for GPIO_WriteBit
    main.o(.text) refers to font_6x8.o(.constdata) for FONT_6x8
    main.o(.text) refers to font_7x10_bold.o(.constdata) for FONT_7x10_bold
    main.o(.text) refers to adc.o(.text) for adc_BAT_PERCENT
    main.o(.text) refers to reg.o(.text) for reg_WRITE
    main.o(.text) refers to reg.o(.text) for reg_READ
    main.o(.text) refers to stm32f10x_gpio.o(.text) for GPIO_WriteBit
    main.o(.text) refers to reg.o(.text) for reg_READ
    main.o(.text) refers to reg.o(.text) for reg_WRITE
    main.o(.text) refers to main.o(.data) for old_mode_reg
    main.o(.text) refers to params.o(.constdata) for PARAMS
    main.o(.text) refers to stm32f10x_gpio.o(.text) for GPIO_WriteBit
    main.o(.text) refers to ext_adc.o(.text) for ext_adc_START
    main.o(.text) refers to reg.o(.text) for reg_WRITE
    main.o(.text) refers to reg.o(.text) for reg_READ
    main.o(.text) refers to ext_adc.o(.text) for ext_adc_SAMPLING
    main.o(.text) refers to ext_adc.o(.bss) for ext_adc_SIM
    main.o(.text) refers to stm32f10x_gpio.o(.text) for GPIO_WriteBit
    main.o(.text) refers to ext_adc.o(.text) for ext_adc_STOP
    main.o(.text) refers to reg.o(.text) for reg_READ
    main.o(.text) refers to reg.o(.text) for reg_WRITE
    main.o(.text) refers to params.o(.constdata) for PARAMS
    main.o(.text) refers to stm32f10x_gpio.o(.text) for GPIO_WriteBit
    main.o(.text) refers to main.o(.data) for POWER_OFF
    main.o(.text) refers to reg.o(.text) for reg_READ
    main.o(.text) refers to fflt_clz.o(x$fpl$ffltu) for __aeabi_ui2f
    main.o(.text) refers to fdiv.o(x$fpl$fdiv) for __aeabi_fdiv
    main.o(.text) refers to fmul.o(x$fpl$fmul) for __aeabi_fmul
    main.o(.text) refers to f2d.o(x$fpl$f2d) for __aeabi_f2d
    main.o(.text) refers to dmul.o(x$fpl$dmul) for __aeabi_dmul
[...]
    .data                                    0x200005f0   Section        3  vga_lib.o(.data)
    .data                                    0x200005f4   Section       64  menu.o(.data)
    A                                        0x20000628   Data           4  menu.o(.data)
    V                                        0x2000062c   Data           4  menu.o(.data)
    S                                        0x20000630   Data           4  menu.o(.data)
    .data                                    0x20000634   Section       13  spi_sd.o(.data)
    PowerFlag                                0x20000635   Data           1  spi_sd.o(.data)
    Stat                                     0x20000636   Data           1  spi_sd.o(.data)
    Timer1                                   0x20000638   Data           4  spi_sd.o(.data)
    Timer2                                   0x2000063c   Data           4  spi_sd.o(.data)
    CardType                                 0x20000640   Data           1  spi_sd.o(.data)
    .data                                    0x20000644   Section        4  stdio_streams.o(.data)
    .data                                    0x20000648   Section        4  stdio_streams.o(.data)
    .data                                    0x2000064c   Section        4  stdio_streams.o(.data)
    .bss                                     0x20000650   Section    50076  ext_adc.o(.bss)
    res                                      0x2000c9e0   Data          12  ext_adc.o(.bss)
    .bss                                     0x2000c9ec   Section       54  reg.o(.bss)
    .bss                                     0x2000ca24   Section       44  realtime.o(.bss)
    .bss                                     0x2000ca50   Section      108  mscuser.o(.bss)
    .bss                                     0x2000cabc   Section     1856  file_config.o(.bss)
    .bss                                     0x2000d1fc   Section      340  fs_fat.o(.bss)
    fat                                      0x2000d1fc   Data          12  fs_fat.o(.bss)
    ca                                       0x2000d208   Data          20  fs_fat.o(.bss)
    mmc                                      0x2000d21c   Data          48  fs_fat.o(.bss)
    name_buf                                 0x2000d24c   Data         260  fs_fat.o(.bss)
    .bss                                     0x2000d350   Section     1024  vga_lib.o(.bss)
    .bss                                     0x2000d750   Section       44  localtime.o(.bss)
    _tms                                     0x2000d750   Data          44  localtime.o(.bss)
    .bss                                     0x2000d77c   Section       84  stdio_streams.o(.bss)
    .bss                                     0x2000d7d0   Section       84  stdio_streams.o(.bss)
    .bss                                     0x2000d824   Section       84  stdio_streams.o(.bss)
    .bss                                     0x2000d878   Section       96  libspace.o(.bss)
    HEAP                                     0x2000d8d8   Section      512  startup_stm32f10x_md.o(HEAP)
    Heap_Mem                                 0x2000d8d8   Data         512  startup_stm32f10x_md.o(HEAP)
    STACK                                    0x2000dad8   Section     1024  startup_stm32f10x_md.o(STACK)
    Stack_Mem                                0x2000dad8   Data        1024  startup_stm32f10x_md.o(STACK)
    __initial_sp                             0x2000ded8   Data           0  startup_stm32f10x_md.o(STACK)

    Global Symbols

    Symbol Name                              Value     Ov Type        Size  Object(Section)

    BuildAttributes$$THM_ISAv4$P$D$K$B$S$PE$A:L22UL41UL21$X:L11$S22US41US21$IEEE1$IW$USESV6$~STKCKD$USESV7$~SHL$OTIME$ROPI$IEEEJ$EBA8$UX$STANDARDLIB$REQ8$PRES8$EABIv2 0x00000000   Number         0  anon$$obj.o ABSOLUTE
    __ARM_use_no_argv                        0x00000000   Number         0  main.o ABSOLUTE
    _printf_flags                            0x00000000   Number         0  printf_stubs.o ABSOLUTE
    _printf_return_value                     0x00000000   Number         0  printf_stubs.o ABSOLUTE
    _printf_sizespec                         0x00000000   Number         0  printf_stubs.o ABSOLUTE
    _printf_widthprec                        0x00000000   Number         0  printf_stubs.o ABSOLUTE
    __ARM_exceptions_init                     - Undefined Weak Reference
    __alloca_initialize                       - Undefined Weak Reference
    __arm_preinit_                            - Undefined Weak Reference
    __cpp_initialize__aeabi_                  - Undefined Weak Reference
    __cxa_finalize                            - Undefined Weak Reference
    __sigvec_lookup                           - Undefined Weak Reference
    __user_heap_extent                        - Undefined Weak Reference
    _atexit_init                              - Undefined Weak Reference
    _call_atexit_fns                          - Undefined Weak Reference
    _clock_init                               - Undefined Weak Reference
    _fp_trap_init                             - Undefined Weak Reference
    _fp_trap_shutdown                         - Undefined Weak Reference
    _get_lc_collate                           - Undefined Weak Reference
    _get_lc_monetary                          - Undefined Weak Reference
    _get_lc_time                              - Undefined Weak Reference
    _getenv_init                              - Undefined Weak Reference
    _handle_redirection                       - Undefined Weak Reference
    _mutex_acquire                            - Undefined Weak Reference
    _mutex_free                               - Undefined Weak Reference
    _mutex_release                            - Undefined Weak Reference
    _printf_mbtowc                            - Undefined Weak Reference
    _printf_truncate_signed                   - Undefined Weak Reference
    _printf_truncate_unsigned                 - Undefined Weak Reference
    _rand_init                                - Undefined Weak Reference
    _scanf_int                                - Undefined Weak Reference
    _scanf_longlong                           - Undefined Weak Reference
    _scanf_mbtowc                             - Undefined Weak Reference
    _scanf_real                               - Undefined Weak Reference
    _scanf_wctomb                             - Undefined Weak Reference
    _scanf_wstring                            - Undefined Weak Reference
    _signal_finish                            - Undefined Weak Reference
    _signal_init                              - Undefined Weak Reference
    __Vectors_Size                           0x000000ec   Number         0  startup_stm32f10x_md.o ABSOLUTE
    __FS_ARM_VER                             0x00000412   Number         0  fs_finit.o ABSOLUTE
    __Vectors                                0x08000000   Data           4  startup_stm32f10x_md.o(RESET)
    __Vectors_End                            0x080000ec   Data           0  startup_stm32f10x_md.o(RESET)
    __main                                   0x080000ed   Thumb Code     8  __main.o(!!!main)
    __scatterload                            0x080000f5   Thumb Code     0  __scatter.o(!!!scatter)
    __scatterload_rt2                        0x080000f5   Thumb Code    44  __scatter.o(!!!scatter)
    __scatterload_rt2_thumb_only             0x080000f5   Thumb Code     0  __scatter.o(!!!scatter)
    __scatterload_null                       0x08000103   Thumb Code     0  __scatter.o(!!!scatter)
    __decompress                             0x08000129   Thumb Code   100  __dclz77c.o(!!dclz77c)
    __decompress2                            0x08000129   Thumb Code     0  __dclz77c.o(!!dclz77c)
    __scatterload_zeroinit                   0x0800018d   Thumb Code    28  __scatter_zi.o(!!handler_zi)
    _printf_d                                0x080001a9   Thumb Code     0  _printf_d.o(.ARM.Collect$$_printf_percent$$00000009)
    _printf_percent                          0x080001a9   Thumb Code     0  _printf_percent.o(.ARM.Collect$$_printf_percent$$00000000)
    _printf_s                                0x080001af   Thumb Code     0  _printf_s.o(.ARM.Collect$$_printf_percent$$00000014)
    _printf_percent_end                      0x080001b5   Thumb Code     0  _printf_percent_end.o(.ARM.Collect$$_printf_percent$$00000017)
    __rt_lib_init                            0x080001b9   Thumb Code     0  libinit.o(.ARM.Collect$$libinit$$00000000)
    __rt_lib_init_fp_1                       0x080001bb   Thumb Code     0  libinit2.o(.ARM.Collect$$libinit$$00000002)
    __rt_lib_init_heap_2                     0x080001bb   Thumb Code     0  libinit2.o(.ARM.Collect$$libinit$$00000005)
    __rt_lib_init_preinit_1                  0x080001bb   Thumb Code     0  libinit2.o(.ARM.Collect$$libinit$$00000004)
    __rt_lib_init_atexit_1                   0x080001c3   Thumb Code     0  libinit2.o(.ARM.Collect$$libinit$$0000001B)
    __rt_lib_init_clock_1                    0x080001c3   Thumb Code     0  libinit2.o(.ARM.Collect$$libinit$$00000021)
    __rt_lib_init_fp_trap_1                  0x080001c3   Thumb Code     0  libinit2.o(.ARM.Collect$$libinit$$0000001F)
    __rt_lib_init_getenv_1                   0x080001c3   Thumb Code     0  libinit2.o(.ARM.Collect$$libinit$$00000023)
    __rt_lib_init_heap_1                     0x080001c3   Thumb Code     0  libinit2.o(.ARM.Collect$$libinit$$0000000A)
    __rt_lib_init_lc_collate_1               0x080001c3   Thumb Code     0  libinit2.o(.ARM.Collect$$libinit$$00000011)
    __rt_lib_init_lc_ctype_1                 0x080001c3   Thumb Code     0  libinit2.o(.ARM.Collect$$libinit$$00000013)
    __rt_lib_init_lc_monetary_1              0x080001c3   Thumb Code     0  libinit2.o(.ARM.Collect$$libinit$$00000015)
    __rt_lib_init_lc_numeric_1               0x080001c3   Thumb Code     0  libinit2.o(.ARM.Collect$$libinit$$00000017)
    __rt_lib_init_lc_time_1                  0x080001c3   Thumb Code     0  libinit2.o(.ARM.Collect$$libinit$$00000019)
    __rt_lib_init_rand_1                     0x080001c3   Thumb Code     0  libinit2.o(.ARM.Collect$$libinit$$0000000E)
    __rt_lib_init_signal_1                   0x080001c3   Thumb Code     0  libinit2.o(.ARM.Collect$$libinit$$0000001D)
    __rt_lib_init_stdio_2                    0x080001c3   Thumb Code     0  libinit2.o(.ARM.Collect$$libinit$$00000024)
    __rt_lib_init_user_alloc_1               0x080001c3   Thumb Code     0  libinit2.o(.ARM.Collect$$libinit$$0000000C)
    __rt_lib_init_alloca_1                   0x080001c7   Thumb Code     0  libinit2.o(.ARM.Collect$$libinit$$0000002E)
    __rt_lib_init_argv_1                     0x080001c7   Thumb Code     0  libinit2.o(.ARM.Collect$$libinit$$0000002C)
    __rt_lib_init_cpp_1                      0x080001c7   Thumb Code     0  libinit2.o(.ARM.Collect$$libinit$$00000032)
    __rt_lib_init_exceptions_1               0x080001c7   Thumb Code     0  libinit2.o(.ARM.Collect$$libinit$$00000030)
    __rt_lib_init_return                     0x080001c7   Thumb Code     0  libinit2.o(.ARM.Collect$$libinit$$00000033)
    __rt_lib_init_stdio_1                    0x080001c7   Thumb Code     0  libinit2.o(.ARM.Collect$$libinit$$00000025)
    __rt_lib_shutdown                        0x080001c9   Thumb Code     0  libshutdown.o(.ARM.Collect$$libshutdown$$00000000)
    __rt_lib_shutdown_stdio_2                0x080001cb   Thumb Code     0  libshutdown2.o(.ARM.Collect$$libshutdown$$00000002)
    __rt_lib_shutdown_fp_trap_1              0x080001cf   Thumb Code     0  libshutdown2.o(.ARM.Collect$$libshutdown$$00000006)
    __rt_lib_shutdown_heap_1                 0x080001cf   Thumb Code     0  libshutdown2.o(.ARM.Collect$$libshutdown$$0000000E)
    __rt_lib_shutdown_return                 0x080001cf   Thumb Code     0  libshutdown2.o(.ARM.Collect$$libshutdown$$0000000F)
    __rt_lib_shutdown_signal_1               0x080001cf   Thumb Code     0  libshutdown2.o(.ARM.Collect$$libshutdown$$00000009)
    __rt_lib_shutdown_stdio_1                0x080001cf   Thumb Code     0  libshutdown2.o(.ARM.Collect$$libshutdown$$00000003)
    __rt_lib_shutdown_user_alloc_1           0x080001cf   Thumb Code     0  libshutdown2.o(.ARM.Collect$$libshutdown$$0000000B)
    __rt_entry                               0x080001d1   Thumb Code     0  __rtentry.o(.ARM.Collect$$rtentry$$00000000)
    __rt_entry_presh_1                       0x080001d1   Thumb Code     0  __rtentry2.o(.ARM.Collect$$rtentry$$00000002)
    __rt_entry_sh                            0x080001d1   Thumb Code     0  __rtentry4.o(.ARM.Collect$$rtentry$$00000004)
    __rt_entry_li                            0x080001d7   Thumb Code     0  __rtentry2.o(.ARM.Collect$$rtentry$$0000000A)
    __rt_entry_postsh_1                      0x080001d7   Thumb Code     0  __rtentry2.o(.ARM.Collect$$rtentry$$00000009)
    __rt_entry_main                          0x080001db   Thumb Code     0  __rtentry2.o(.ARM.Collect$$rtentry$$0000000D)
    __rt_entry_postli_1                      0x080001db   Thumb Code     0  __rtentry2.o(.ARM.Collect$$rtentry$$0000000C)
    __rt_exit                                0x080001e3   Thumb Code     0  rtexit.o(.ARM.Collect$$rtexit$$00000000)
    __rt_exit_ls                             0x080001e5   Thumb Code     0  rtexit2.o(.ARM.Collect$$rtexit$$00000003)
    __rt_exit_prels_1                        0x080001e5   Thumb Code     0  rtexit2.o(.ARM.Collect$$rtexit$$00000002)
    __rt_exit_exit                           0x080001e9   Thumb Code     0  rtexit2.o(.ARM.Collect$$rtexit$$00000004)
    __get_PSP                                0x080001f1   Thumb Code     6  core_cm3.o(.emb_text)
    __set_PSP                                0x080001f7   Thumb Code     6  core_cm3.o(.emb_text)
    __get_MSP                                0x080001fd   Thumb Code     6  core_cm3.o(.emb_text)
    __set_MSP                                0x08000203   Thumb Code     6  core_cm3.o(.emb_text)
    __REV16                                  0x08000209   Thumb Code     4  core_cm3.o(.emb_text)
    __REVSH                                  0x0800020d   Thumb Code     4  core_cm3.o(.emb_text)
    _maybe_terminate_alloc                   0x08000211   Thumb Code     0  maybetermalloc1.o(.emb_text)
    Timer_1ms_CallBack                       0x08000265   Thumb Code    70  main.o(.text)
    Delay                                    0x080002ab   Thumb Code    10  main.o(.text)
    SET_CLOCK_SPEED                          0x080002b5   Thumb Code   112  main.o(.text)
    GPIO_SETUP                               0x08000325   Thumb Code   994  main.o(.text)
    EXTI9_5_IRQHandler                       0x08000707   Thumb Code    34  main.o(.text)
    JumpToApplication                        0x08000729   Thumb Code    30  main.o(.text)
    main                                     0x08000747   Thumb Code   742  main.o(.text)
    NMI_Handler                              0x08000af1   Thumb Code     2  stm32f10x_it.o(.text)
    HardFault_Handler                        0x08000af3   Thumb Code     4  stm32f10x_it.o(.text)
    MemManage_Handler                        0x08000af7   Thumb Code     4  stm32f10x_it.o(.text)
    BusFault_Handler                         0x08000afb   Thumb Code     4  stm32f10x_it.o(.text)
    UsageFault_Handler                       0x08000aff   Thumb Code     4  stm32f10x_it.o(.text)
    SVC_Handler                              0x08000b03   Thumb Code     2  stm32f10x_it.o(.text)
    DebugMon_Handler                         0x08000b05   Thumb Code     2  stm32f10x_it.o(.text)
    PendSV_Handler                           0x08000b07   Thumb Code     2  stm32f10x_it.o(.text)
    SysTick_Handler                          0x08000b09   Thumb Code     8  stm32f10x_it.o(.text)
    USART2_IRQHandler                        0x08000b11   Thumb Code    66  stm32f10x_it.o(.text)
    iir_DEC_FILTER_1ORD                      0x08000b5d   Thumb Code    98  iir.o(.text)
    iir_DEC_FILTER_2ORD                      0x08000bbf   Thumb Code   142  iir.o(.text)
    iir_DEC_FILTER_4ORD                      0x08000c4d   Thumb Code   284  iir.o(.text)
    iir_DETECTOR                             0x08000d69   Thumb Code    88  iir.o(.text)
    adc_SETUP                                0x08000dc5   Thumb Code   118  adc.o(.text)
    mmc_write_sect                           0x08000e41   Thumb Code    30  flash.o(.text)
    mmc_read_sect                            0x08000e5f   Thumb Code    30  flash.o(.text)
    ext_adc_READ                             0x08000e81   Thumb Code   272  ext_adc.o(.text)
    TIM1_UP_IRQHandler                       0x08000f91   Thumb Code   962  ext_adc.o(.text)
    key_1ms                                  0x08001379   Thumb Code   598  keyboard.o(.text)
    key_CHECK_EVENT                          0x080015cf   Thumb Code    28  keyboard.o(.text)
    reg_READ                                 0x08001605   Thumb Code   136  reg.o(.text)
    rtc_COPY_RTC_TO_BUFER                    0x08001695   Thumb Code    28  realtime.o(.text)
    rtc_READ                                 0x080016b1   Thumb Code    76  realtime.o(.text)
    SPI_SETUP                                0x08001701   Thumb Code   218  flash_at45db.o(.text)
    SPI_SendByte                             0x080017db   Thumb Code    42  flash_at45db.o(.text)
    SD_sendCommand                           0x08001805   Thumb Code   186  flash_at45db.o(.text)
    AT45DB_WRITE_PAGE                        0x080018bf   Thumb Code   214  flash_at45db.o(.text)
    AT45DB_READ_PAGE                         0x08001995   Thumb Code   120  flash_at45db.o(.text)
    SystemInit                               0x08001b01   Thumb Code    70  system_stm32f10x.o(.text)
    NVIC_Init                                0x08001b59   Thumb Code   100  misc.o(.text)
    NVIC_SetVectorTable                      0x08001bbd   Thumb Code    14  misc.o(.text)
    RCC_APB2PeriphClockCmd                   0x08001bdd   Thumb Code    26  stm32f10x_rcc.o(.text)
    RCC_APB2PeriphResetCmd                   0x08001bf7   Thumb Code    26  stm32f10x_rcc.o(.text)
    RCC_APB1PeriphResetCmd                   0x08001c11   Thumb Code    26  stm32f10x_rcc.o(.text)
    USART_SendData                           0x08001c31   Thumb Code     8  stm32f10x_usart.o(.text)
    USART_ReceiveData                        0x08001c39   Thumb Code    10  stm32f10x_usart.o(.text)
    USART_ClearFlag                          0x08001c43   Thumb Code    18  stm32f10x_usart.o(.text)
    USART_GetITStatus                        0x08001c55   Thumb Code    84  stm32f10x_usart.o(.text)
    GPIO_Init                                0x08001ca9   Thumb Code   278  stm32f10x_gpio.o(.text)
    GPIO_ReadInputDataBit                    0x08001dbf   Thumb Code    18  stm32f10x_gpio.o(.text)
    GPIO_ReadOutputData                      0x08001dd1   Thumb Code     8  stm32f10x_gpio.o(.text)
    GPIO_SetBits                             0x08001dd9   Thumb Code     4  stm32f10x_gpio.o(.text)
    GPIO_ResetBits                           0x08001ddd   Thumb Code     4  stm32f10x_gpio.o(.text)
    GPIO_WriteBit                            0x08001de1   Thumb Code    10  stm32f10x_gpio.o(.text)
    GPIO_Write                               0x08001deb   Thumb Code     4  stm32f10x_gpio.o(.text)
    ADC_Init                                 0x08001df1   Thumb Code    70  stm32f10x_adc.o(.text)
    ADC_Cmd                                  0x08001e37   Thumb Code    22  stm32f10x_adc.o(.text)
    ADC_ResetCalibration                     0x08001e4d   Thumb Code    10  stm32f10x_adc.o(.text)
    ADC_GetResetCalibrationStatus            0x08001e57   Thumb Code    20  stm32f10x_adc.o(.text)
    ADC_StartCalibration                     0x08001e6b   Thumb Code    10  stm32f10x_adc.o(.text)
    ADC_GetCalibrationStatus                 0x08001e75   Thumb Code    20  stm32f10x_adc.o(.text)
    ADC_RegularChannelConfig                 0x08001e89   Thumb Code   184  stm32f10x_adc.o(.text)
    RTC_GetCounter                           0x08001f49   Thumb Code    16  stm32f10x_rtc.o(.text)
    SPI_I2S_DeInit                           0x08001f5d   Thumb Code    76  stm32f10x_spi.o(.text)
    SPI_Init                                 0x08001fa9   Thumb Code    60  stm32f10x_spi.o(.text)
    SPI_Cmd                                  0x08001fe5   Thumb Code    24  stm32f10x_spi.o(.text)
    SPI_I2S_SendData                         0x08001ffd   Thumb Code     4  stm32f10x_spi.o(.text)
    SPI_I2S_ReceiveData                      0x08002001   Thumb Code     6  stm32f10x_spi.o(.text)
    TIM_ClearITPendingBit                    0x08002135   Thumb Code     6  stm32f10x_tim.o(.text)
    FLASH_Unlock                             0x0800213d   Thumb Code    12  stm32f10x_flash.o(.text)
    FLASH_Lock                               0x08002149   Thumb Code    14  stm32f10x_flash.o(.text)
    FLASH_GetStatus                          0x08002157   Thumb Code    48  stm32f10x_flash.o(.text)
    FLASH_WaitForLastOperation               0x080021a1   Thumb Code    42  stm32f10x_flash.o(.text)
    FLASH_ErasePage                          0x080021cb   Thumb Code    76  stm32f10x_flash.o(.text)
    FLASH_ProgramWord                        0x08002217   Thumb Code   110  stm32f10x_flash.o(.text)
    Reset_Handler                            0x08002291   Thumb Code     4  startup_stm32f10x_md.o(.text)
    ADC1_2_IRQHandler                        0x080022a7   Thumb Code     0  startup_stm32f10x_md.o(.text)
    CAN1_RX1_IRQHandler                      0x080022a7   Thumb Code     0  startup_stm32f10x_md.o(.text)
    CAN1_SCE_IRQHandler                      0x080022a7   Thumb Code     0  startup_stm32f10x_md.o(.text)
    DMA1_Channel1_IRQHandler                 0x080022a7   Thumb Code     0  startup_stm32f10x_md.o(.text)
    DMA1_Channel2_IRQHandler                 0x080022a7   Thumb Code     0  startup_stm32f10x_md.o(.text)
    DMA1_Channel3_IRQHandler                 0x080022a7   Thumb Code     0  startup_stm32f10x_md.o(.text)
    DMA1_Channel4_IRQHandler                 0x080022a7   Thumb Code     0  startup_stm32f10x_md.o(.text)
    DMA1_Channel5_IRQHandler                 0x080022a7   Thumb Code     0  startup_stm32f10x_md.o(.text)
    DMA1_Channel6_IRQHandler                 0x080022a7   Thumb Code     0  startup_stm32f10x_md.o(.text)
    DMA1_Channel7_IRQHandler                 0x080022a7   Thumb Code     0  startup_stm32f10x_md.o(.text)
    EXTI0_IRQHandler                         0x080022a7   Thumb Code     0  startup_stm32f10x_md.o(.text)
    EXTI15_10_IRQHandler                     0x080022a7   Thumb Code     0  startup_stm32f10x_md.o(.text)
    EXTI1_IRQHandler                         0x080022a7   Thumb Code     0  startup_stm32f10x_md.o(.text)
    EXTI2_IRQHandler                         0x080022a7   Thumb Code     0  startup_stm32f10x_md.o(.text)
    EXTI3_IRQHandler                         0x080022a7   Thumb Code     0  startup_stm32f10x_md.o(.text)
    EXTI4_IRQHandler                         0x080022a7   Thumb Code     0  startup_stm32f10x_md.o(.text)
    FLASH_IRQHandler                         0x080022a7   Thumb Code     0  startup_stm32f10x_md.o(.text)
    I2C1_ER_IRQHandler                       0x080022a7   Thumb Code     0  startup_stm32f10x_md.o(.text)
    I2C1_EV_IRQHandler                       0x080022a7   Thumb Code     0  startup_stm32f10x_md.o(.text)
    I2C2_ER_IRQHandler                       0x080022a7   Thumb Code     0  startup_stm32f10x_md.o(.text)
    I2C2_EV_IRQHandler                       0x080022a7   Thumb Code     0  startup_stm32f10x_md.o(.text)
    PVD_IRQHandler                           0x080022a7   Thumb Code     0  startup_stm32f10x_md.o(.text)
    RCC_IRQHandler                           0x080022a7   Thumb Code     0  startup_stm32f10x_md.o(.text)
    RTCAlarm_IRQHandler                      0x080022a7   Thumb Code     0  startup_stm32f10x_md.o(.text)
    RTC_IRQHandler                           0x080022a7   Thumb Code     0  startup_stm32f10x_md.o(.text)
    SPI1_IRQHandler                          0x080022a7   Thumb Code     0  startup_stm32f10x_md.o(.text)
    SPI2_IRQHandler                          0x080022a7   Thumb Code     0  startup_stm32f10x_md.o(.text)
    TAMPER_IRQHandler                        0x080022a7   Thumb Code     0  startup_stm32f10x_md.o(.text)
    TIM1_BRK_IRQHandler                      0x080022a7   Thumb Code     0  startup_stm32f10x_md.o(.text)
    TIM1_CC_IRQHandler                       0x080022a7   Thumb Code     0  startup_stm32f10x_md.o(.text)
    TIM1_TRG_COM_IRQHandler                  0x080022a7   Thumb Code     0  startup_stm32f10x_md.o(.text)
    TIM2_IRQHandler                          0x080022a7   Thumb Code     0  startup_stm32f10x_md.o(.text)
    TIM3_IRQHandler                          0x080022a7   Thumb Code     0  startup_stm32f10x_md.o(.text)
    TIM4_IRQHandler                          0x080022a7   Thumb Code     0  startup_stm32f10x_md.o(.text)
    USART1_IRQHandler                        0x080022a7   Thumb Code     0  startup_stm32f10x_md.o(.text)
    USART3_IRQHandler                        0x080022a7   Thumb Code     0  startup_stm32f10x_md.o(.text)
    USBWakeUp_IRQHandler                     0x080022a7   Thumb Code     0  startup_stm32f10x_md.o(.text)
    USB_HP_CAN1_TX_IRQHandler                0x080022a7   Thumb Code     0  startup_stm32f10x_md.o(.text)
    WWDG_IRQHandler                          0x080022a7   Thumb Code     0  startup_stm32f10x_md.o(.text)
    __user_initial_stackheap                 0x080022a9   Thumb Code     0  startup_stm32f10x_md.o(.text)
    USB_Reset_Event                          0x080022c9   Thumb Code     8  usbuser.o(.text)
    USB_Suspend_Event                        0x080022d1   Thumb Code     2  usbuser.o(.text)
    USB_WakeUp_Event                         0x080022d3   Thumb Code     2  usbuser.o(.text)
    USB_Configure_Event                      0x080022d5   Thumb Code     2  usbuser.o(.text)
    USB_EndPoint1                            0x080022d7   Thumb Code    10  usbuser.o(.text)
    USB_EndPoint2                            0x080022e1   Thumb Code    10  usbuser.o(.text)
    MSC_Reset                                0x080022ed   Thumb Code    10  mscuser.o(.text)
    MSC_GetMaxLUN                            0x080022f7   Thumb Code    10  mscuser.o(.text)
    MSC_MemoryRead                           0x08002301   Thumb Code   122  mscuser.o(.text)
    MSC_SetCSW                               0x0800237b   Thumb Code    24  mscuser.o(.text)
    MSC_MemoryWrite                          0x08002393   Thumb Code   122  mscuser.o(.text)
    MSC_MemoryVerify                         0x0800240d   Thumb Code     2  mscuser.o(.text)
    MSC_RWSetup                              0x0800240f   Thumb Code    94  mscuser.o(.text)
    DataInFormat                             0x0800246d   Thumb Code    56  mscuser.o(.text)
    DataInTransfer                           0x080024a5   Thumb Code    60  mscuser.o(.text)
    MSC_TestUnitReady                        0x080024e1   Thumb Code    44  mscuser.o(.text)
    MSC_RequestSense                         0x0800250d   Thumb Code    80  mscuser.o(.text)
    MSC_Inquiry                              0x0800255d   Thumb Code   104  mscuser.o(.text)
    MSC_ModeSense6                           0x080025c5   Thumb Code    38  mscuser.o(.text)
    MSC_ModeSense10                          0x080025eb   Thumb Code    48  mscuser.o(.text)
    MSC_ReadCapacity                         0x0800261b   Thumb Code    56  mscuser.o(.text)
    MSC_ReadFormatCapacity                   0x08002653   Thumb Code    70  mscuser.o(.text)
    MSC_GetCBW                               0x08002699   Thumb Code   428  mscuser.o(.text)
    MSC_BulkIn                               0x08002845   Thumb Code    72  mscuser.o(.text)
    MSC_BulkOut                              0x0800288d   Thumb Code    84  mscuser.o(.text)
    USB_ResetCore                            0x080028f9   Thumb Code    30  usbcore.o(.text)
    USB_SetupStage                           0x08002917   Thumb Code    12  usbcore.o(.text)
    USB_DataInStage                          0x08002923   Thumb Code    52  usbcore.o(.text)
    USB_DataOutStage                         0x08002957   Thumb Code    34  usbcore.o(.text)
    USB_StatusInStage                        0x08002979   Thumb Code    14  usbcore.o(.text)
    USB_StatusOutStage                       0x08002987   Thumb Code    12  usbcore.o(.text)
    USB_EndPoint0                            0x08002993   Thumb Code   596  usbcore.o(.text)
    EP_Reset                                 0x08002c11   Thumb Code    58  usbhw.o(.text)
    EP_Status                                0x08002c4b   Thumb Code    70  usbhw.o(.text)
    USB_Init                                 0x08002c91   Thumb Code    28  usbhw.o(.text)
    USB_Connect                              0x08002cad   Thumb Code    80  usbhw.o(.text)
    USB_Reset                                0x08002cfd   Thumb Code   100  usbhw.o(.text)
    USB_Suspend                              0x08002d61   Thumb Code    24  usbhw.o(.text)
    USB_WakeUp                               0x08002d79   Thumb Code    14  usbhw.o(.text)
    USB_WakeUpCfg                            0x08002d87   Thumb Code     2  usbhw.o(.text)
    USB_SetAddress                           0x08002d89   Thumb Code    12  usbhw.o(.text)
    USB_Configure                            0x08002d95   Thumb Code     4  usbhw.o(.text)
    USB_ConfigEP                             0x08002d99   Thumb Code   186  usbhw.o(.text)
    USB_DirCtrlEP                            0x08002e53   Thumb Code     2  usbhw.o(.text)
    USB_EnableEP                             0x08002e55   Thumb Code    16  usbhw.o(.text)
    USB_DisableEP                            0x08002e65   Thumb Code    14  usbhw.o(.text)
    USB_ResetEP                              0x08002e73   Thumb Code    12  usbhw.o(.text)
    USB_SetStallEP                           0x08002e7f   Thumb Code    16  usbhw.o(.text)
    USB_ClrStallEP                           0x08002e8f   Thumb Code    16  usbhw.o(.text)
    USB_ReadEP                               0x08002e9f   Thumb Code    86  usbhw.o(.text)
    USB_WriteEP                              0x08002ef5   Thumb Code    82  usbhw.o(.text)
    USB_LP_CAN1_RX0_IRQHandler               0x08002f47   Thumb Code   276  usbhw.o(.text)
    _ttywrch                                 0x08003069   Thumb Code     2  retarget.o(.text)
    _sys_open                                0x0800306b   Thumb Code    64  retarget.o(.text)
    _sys_close                               0x080030ab   Thumb Code    22  retarget.o(.text)
    _sys_write                               0x080030c1   Thumb Code    38  retarget.o(.text)
    _sys_read                                0x080030e7   Thumb Code    38  retarget.o(.text)
    _sys_istty                               0x0800310d   Thumb Code    16  retarget.o(.text)
    _sys_seek                                0x0800311d   Thumb Code    28  retarget.o(.text)
    _sys_flen                                0x08003139   Thumb Code    36  retarget.o(.text)
    _sys_exit                                0x0800315d   Thumb Code     4  retarget.o(.text)
    __fclose                                 0x0800317d   Thumb Code   130  _fs_fclose.o(.text)
    _fcreate                                 0x08003209   Thumb Code   308  _fs_fcreate.o(.text)
    _fdelete                                 0x0800333d   Thumb Code   140  _fs_fdelete.o(.text)
    fs_rd_alloc                              0x080033c9   Thumb Code    42  _fs_flashio.o(.text)
    fs_adr_sig                               0x080033f3   Thumb Code    22  _fs_flashio.o(.text)
    fs_get_freeID                            0x08003409   Thumb Code    98  _fs_flashio.o(.text)
    fs_get_freeMem                           0x0800346b   Thumb Code    86  _fs_flashio.o(.text)
    fs_check_fwopen                          0x080034c1   Thumb Code    90  _fs_flashio.o(.text)
    fs_mark_freeMem                          0x0800351b   Thumb Code    74  _fs_flashio.o(.text)
    fs_rd_sig                                0x08003565   Thumb Code    36  _fs_flashio.o(.text)
    fs_mark_fileMem                          0x08003589   Thumb Code   146  _fs_flashio.o(.text)
    fs_Find_File                             0x0800361b   Thumb Code   208  _fs_flashio.o(.text)
    fs_WriteBlock                            0x080036eb   Thumb Code    98  _fs_flashio.o(.text)
    fs_BlockFull                             0x0800374d   Thumb Code    94  _fs_flashio.o(.text)
    fs_AllocBlock                            0x080037ab   Thumb Code   182  _fs_flashio.o(.text)
    fs_BlockInvalid                          0x08003861   Thumb Code    68  _fs_flashio.o(.text)
    fs_InitBlock                             0x080038a5   Thumb Code    96  _fs_flashio.o(.text)
    fs_ReadBlock                             0x08003905   Thumb Code    48  _fs_flashio.o(.text)
    __fopen                                  0x08003941   Thumb Code   478  _fs_fopen.o(.text)
    __getfsize                               0x08003b31   Thumb Code   200  _fs_getfsize.o(.text)
    __read                                   0x08003bfd   Thumb Code   178  _fs_read.o(.text)
    __setfpos                                0x08003cb9   Thumb Code   296  _fs_setfpos.o(.text)
    __write                                  0x08003de9   Thumb Code   268  _fs_write.o(.text)
    fdelete                                  0x08003efd   Thumb Code   136  fs_fdelete.o(.text)
    fs_EraseSector                           0x08003f91   Thumb Code     8  fs_flashprg.o(.text)
    fs_ProgramPage                           0x08003f99   Thumb Code    12  fs_flashprg.o(.text)
    fs_spi_ReadData                          0x08003fa5   Thumb Code    12  fs_flashprg.o(.text)
    fs_spi_EraseSector                       0x08003fb1   Thumb Code     8  fs_flashprg.o(.text)
    fs_spi_ProgramPage                       0x08003fb9   Thumb Code    12  fs_flashprg.o(.text)
    fn_cmp                                   0x08003fc5   Thumb Code    38  fs_lib.o(.text)
    fs_ReadData                              0x08003feb   Thumb Code    22  fs_lib.o(.text)
    fs_WriteData                             0x08004001   Thumb Code    22  fs_lib.o(.text)
    fs_get_drive                             0x08004017   Thumb Code    80  fs_lib.o(.text)
    fs_find_iob                              0x08004067   Thumb Code    46  fs_lib.o(.text)
    fs_set_params                            0x08004095   Thumb Code    88  fs_lib.o(.text)
    fs_get_time                              0x08004115   Thumb Code    56  fs_time.o(.text)
    fs_get_date                              0x0800414d   Thumb Code    76  fs_time.o(.text)
    fat_find_file                            0x08005f4f   Thumb Code    82  fs_fat.o(.text)
    fat_create                               0x080061c1   Thumb Code    94  fs_fat.o(.text)
    fat_delete                               0x0800650d   Thumb Code   104  fs_fat.o(.text)
    fat_read                                 0x0800660d   Thumb Code   190  fs_fat.o(.text)
    fat_write                                0x080066cb   Thumb Code   290  fs_fat.o(.text)
    fat_close_write                          0x0800687b   Thumb Code   140  fs_fat.o(.text)
    fat_set_fpos                             0x08006907   Thumb Code    72  fs_fat.o(.text)
    fat_read_data                            0x080069db   Thumb Code   128  fs_fat.o(.text)
    fat_write_data                           0x08006a5b   Thumb Code   136  fs_fat.o(.text)
    ssd_SEND                                 0x08006af5   Thumb Code    60  ssd1303.o(.text)
    ssd_RESET                                0x08006b31   Thumb Code    66  ssd1303.o(.text)
    ssd_SET_POS                              0x08006b73   Thumb Code    46  ssd1303.o(.text)
    ssd_CLS                                  0x08006ba1   Thumb Code    42  ssd1303.o(.text)
    ssd_INIT                                 0x08006bcb   Thumb Code    44  ssd1303.o(.text)
    ssd_OLED_INIT                            0x08006bf7   Thumb Code    18  ssd1303.o(.text)
    vga_UPDATE                               0x08006c2d   Thumb Code    50  vga_lib.o(.text)
    vga_SET_DRAW_MODE                        0x08006c5f   Thumb Code     6  vga_lib.o(.text)
    vga_CLEAR                                0x08006c65   Thumb Code    46  vga_lib.o(.text)
    vga_INIT                                 0x08006c93   Thumb Code    30  vga_lib.o(.text)
    vga_DRAW_DATA8                           0x08006cb1   Thumb Code   162  vga_lib.o(.text)
    vga_SET_POS_TEXT                         0x08006d53   Thumb Code    34  vga_lib.o(.text)
    vga_PRINT_CHAR                           0x08006d75   Thumb Code   126  vga_lib.o(.text)
    vga_PRINT_TEXT                           0x08006df3   Thumb Code    54  vga_lib.o(.text)
    men_1ms                                  0x08006e39   Thumb Code   120  menu.o(.text)
    spi_init                                 0x08006edf   Thumb Code    96  spi_sd.o(.text)
    disk_initialize                          0x08007149   Thumb Code   312  spi_sd.o(.text)
    __semihosting$guard                      0x080072a1   Thumb Code     0  use_no_semi.o(.text)
    __use_no_semihosting_swi                 0x080072a1   Thumb Code     2  use_no_semi.o(.text)
    __2sprintf                               0x080072a5   Thumb Code    34  noretval__2sprintf.o(.text)
    _printf_str                              0x080072cd   Thumb Code    82  _printf_str.o(.text)
    _printf_int_dec                          0x08007321   Thumb Code   104  _printf_dec.o(.text)
    __printf                                 0x08007399   Thumb Code   308  __printf_flags_wp.o(.text)
    _fseek                                   0x080074d1   Thumb Code   242  fseek.o(.text)
    fseek                                    0x080074d1   Thumb Code     0  fseek.o(.text)
    freopen                                  0x080075c9   Thumb Code   158  fopen.o(.text)
    fopen                                    0x08007667   Thumb Code    74  fopen.o(.text)
    _fclose_internal                         0x080076b5   Thumb Code    76  fclose.o(.text)
    fclose                                   0x080076b5   Thumb Code     0  fclose.o(.text)
    strlen                                   0x08007701   Thumb Code    62  strlen.o(.text)
    __aeabi_memcpy                           0x0800773f   Thumb Code     0  rt_memcpy_v6.o(.text)
    __rt_memcpy                              0x0800773f   Thumb Code   138  rt_memcpy_v6.o(.text)
    _memcpy_lastbytes                        0x080077a5   Thumb Code     0  rt_memcpy_v6.o(.text)
    __aeabi_memcpy4                          0x080077c9   Thumb Code     0  rt_memcpy_w.o(.text)
    __aeabi_memcpy8                          0x080077c9   Thumb Code     0  rt_memcpy_w.o(.text)
    __rt_memcpy_w                            0x080077c9   Thumb Code   100  rt_memcpy_w.o(.text)
    _memcpy_lastbytes_aligned                0x08007811   Thumb Code     0  rt_memcpy_w.o(.text)
    __aeabi_memset                           0x0800782d   Thumb Code    16  aeabi_memset.o(.text)
    __aeabi_memclr                           0x0800783d   Thumb Code     0  rt_memclr.o(.text)
    __rt_memclr                              0x0800783d   Thumb Code    68  rt_memclr.o(.text)
    _memset                                  0x08007841   Thumb Code     0  rt_memclr.o(.text)
    __aeabi_memclr4                          0x08007881   Thumb Code     0  rt_memclr_w.o(.text)
    __aeabi_memclr8                          0x08007881   Thumb Code     0  rt_memclr_w.o(.text)
    __rt_memclr_w                            0x08007881   Thumb Code    78  rt_memclr_w.o(.text)
    _memset_w                                0x08007885   Thumb Code     0  rt_memclr_w.o(.text)
    strcmp                                   0x080078d1   Thumb Code   128  strcmpv7m.o(.text)
    localtime                                0x08007951   Thumb Code     6  localtime.o(.text)
    __use_two_region_memory                  0x0800795d   Thumb Code     2  heapauxi.o(.text)
    __rt_heap_escrow                         0x0800795f   Thumb Code     2  heapauxi.o(.text)
    __rt_heap_expand                         0x08007961   Thumb Code     2  heapauxi.o(.text)
    malloc                                   0x08007963   Thumb Code    94  h1_alloc.o(.text)
    free                                     0x080079c1   Thumb Code    78  h1_free.o(.text)
    _printf_int_common                       0x08007a0f   Thumb Code   178  _printf_intcommon.o(.text)
    _printf_char_common                      0x08007acb   Thumb Code    32  _printf_char_common.o(.text)
    _sputc                                   0x08007af1   Thumb Code    10  _sputc.o(.text)
    _printf_cs_common                        0x08007afb   Thumb Code    20  _printf_char.o(.text)
    _printf_char                             0x08007b0f   Thumb Code    16  _printf_char.o(.text)
    _printf_string                           0x08007b1f   Thumb Code     8  _printf_char.o(.text)
    _ftell_internal                          0x08007b27   Thumb Code    66  ftell.o(.text)
    ftell                                    0x08007b27   Thumb Code     0  ftell.o(.text)
    _seterr                                  0x08007b69   Thumb Code    20  stdio.o(.text)
    _writebuf                                0x08007b7d   Thumb Code    84  stdio.o(.text)
    _fflush                                  0x08007bd1   Thumb Code    70  stdio.o(.text)
    _deferredlazyseek                        0x08007c17   Thumb Code    60  stdio.o(.text)
    _localtime_r                             0x08007c59   Thumb Code   178  localtime_internal.o(.text)
    _n$localtime_r                           0x08007c59   Thumb Code     0  localtime_internal.o(.text)
    __rt_heap_descriptor                     0x08007d11   Thumb Code     8  rt_heap_descriptor_intlibspace.o(.text)
    __aeabi_errno_addr                       0x08007d19   Thumb Code     8  rt_errno_addr_intlibspace.o(.text)
    __errno$intlibspace                      0x08007d19   Thumb Code     0  rt_errno_addr_intlibspace.o(.text)
    __rt_errno_addr$intlibspace              0x08007d19   Thumb Code     0  rt_errno_addr_intlibspace.o(.text)
    __use_no_heap                            0x08007d21   Thumb Code     2  hguard.o(.text)
    __heap$guard                             0x08007d23   Thumb Code     2  hguard.o(.text)
    _terminate_user_alloc                    0x08007d25   Thumb Code     2  init_alloc.o(.text)
    _init_user_alloc                         0x08007d27   Thumb Code     2  init_alloc.o(.text)
    __Heap_Full                              0x08007d29   Thumb Code    34  init_alloc.o(.text)
    __Heap_Broken                            0x08007d4b   Thumb Code     6  init_alloc.o(.text)
    _init_alloc                              0x08007d51   Thumb Code    94  init_alloc.o(.text)
    __Heap_Initialize                        0x08007daf   Thumb Code    10  h1_init.o(.text)
    __Heap_DescSize                          0x08007db9   Thumb Code     4  h1_init.o(.text)
    _readbuf                                 0x08007dbd   Thumb Code    54  filbuf.o(.text)
    _seteof                                  0x08007df3   Thumb Code    40  filbuf.o(.text)
    __filbuf                                 0x08007e1b   Thumb Code   476  filbuf.o(.text)
    __filbuf_byte                            0x08007e1b   Thumb Code     0  filbuf.o(.text)
    __filbuf_wide                            0x08007e1b   Thumb Code     0  filbuf.o(.text)
    _initio                                  0x08007ff9   Thumb Code   210  initio.o(.text)
    _terminateio                             0x080080cb   Thumb Code    56  initio.o(.text)
    __user_libspace                          0x08008131   Thumb Code     8  libspace.o(.text)
    __user_perproc_libspace                  0x08008131   Thumb Code     0  libspace.o(.text)
    __user_perthread_libspace                0x08008131   Thumb Code     0  libspace.o(.text)
    __user_setup_stackheap                   0x08008139   Thumb Code    74  sys_stackheap_outer.o(.text)
    __Heap_ProvideMemory                     0x08008183   Thumb Code    52  h1_extend.o(.text)
    setvbuf                                  0x080081b7   Thumb Code    70  setvbuf.o(.text)
    fread                                    0x080081fd   Thumb Code   280  freadfast.o(.text)
    _flushlinebuffered                       0x08008315   Thumb Code    50  flushlinebuffered.o(.text)
    exit                                     0x0800834d   Thumb Code    12  exit.o(.text)
    __rt_SIGRTRED                            0x08008359   Thumb Code    14  defsig_rtred_outer.o(.text)
    __rt_SIGRTMEM                            0x08008367   Thumb Code    14  defsig_rtmem_outer.o(.text)
    _do_fflush                               0x08008375   Thumb Code    54  fflush.o(.text)
    fflush                                   0x080083ab   Thumb Code    42  fflush.o(.text)
    __sig_exit                               0x080083d9   Thumb Code    10  defsig_exit.o(.text)
    __rt_SIGRTRED_inner                      0x080083e5   Thumb Code    14  defsig_rtred_inner.o(.text)
    __rt_SIGRTMEM_inner                      0x08008419   Thumb Code    22  defsig_rtmem_inner.o(.text)
    __default_signal_display                 0x08008469   Thumb Code    50  defsig_general.o(.text)
    USB_GetDescriptor                        0x0800849d   Thumb Code   146  usbcore.o(i.USB_GetDescriptor)
    USB_GetStatus                            0x08008545   Thumb Code   174  usbcore.o(i.USB_GetStatus)
    USB_SetClrFeature                        0x08008615   Thumb Code   198  usbcore.o(i.USB_SetClrFeature)
    USB_SetConfiguration                     0x080086f1   Thumb Code   368  usbcore.o(i.USB_SetConfiguration)
    USB_SetInterface                         0x08008881   Thumb Code   246  usbcore.o(i.USB_SetInterface)
    _is_digit                                0x08008991   Thumb Code    14  __printf_wp.o(i._is_digit)
    __aeabi_fdiv                             0x080089a1   Thumb Code     0  fdiv.o(x$fpl$fdiv)
    _fdiv                                    0x080089a1   Thumb Code   384  fdiv.o(x$fpl$fdiv)
    __aeabi_f2iz                             0x08008b25   Thumb Code     0  ffix.o(x$fpl$ffix)
    _ffix                                    0x08008b25   Thumb Code    54  ffix.o(x$fpl$ffix)
    __aeabi_i2f                              0x08008b5d   Thumb Code     0  fflt_clz.o(x$fpl$fflt)
    _fflt                                    0x08008b5d   Thumb Code    48  fflt_clz.o(x$fpl$fflt)
    __aeabi_ui2f                             0x08008b8d   Thumb Code     0  fflt_clz.o(x$fpl$ffltu)
    _ffltu                                   0x08008b8d   Thumb Code    38  fflt_clz.o(x$fpl$ffltu)
    __aeabi_fmul                             0x08008bb5   Thumb Code     0  fmul.o(x$fpl$fmul)
    _fmul                                    0x08008bb5   Thumb Code   258  fmul.o(x$fpl$fmul)
    __fpl_fnaninf                            0x08008cb7   Thumb Code   140  fnaninf.o(x$fpl$fnaninf)
    __fpl_fretinf                            0x08008d43   Thumb Code    10  fretinf.o(x$fpl$fretinf)
    PARAMS                                   0x08008d4c   Data         208  params.o(.constdata)
    __I$use$fp                               0x08008d4c   Number         0  usenofp.o(x$fpl$usenofp)
    USB_P_EP                                 0x08008e1c   Data          64  usbuser.o(.constdata)
    USB_DeviceDescriptor                     0x08008e5c   Data          18  usbdesc.o(.constdata)
    USB_ConfigDescriptor                     0x08008e6e   Data          33  usbdesc.o(.constdata)
    USB_StringDescriptor                     0x08008e8f   Data         114  usbdesc.o(.constdata)
    __stdin_name                             0x08008f01   Data           6  retarget.o(.constdata)
    __stdout_name                            0x08008f07   Data           7  retarget.o(.constdata)
    __stderr_name                            0x08008f0e   Data           7  retarget.o(.constdata)
    _NFILE                                   0x08008f18   Data           2  file_config.o(.constdata)
    _DEF_DRIVE                               0x08008f1a   Data           2  file_config.o(.constdata)
    _CPU_CLK                                 0x08008f1c   Data           4  file_config.o(.constdata)
    FlashDev                                 0x08008f20   Data           8  file_config.o(.constdata)
    _FlashNumSect                            0x08008f28   Data           2  file_config.o(.constdata)
    _BlockFREE                               0x08008f2c   Data           4  file_config.o(.constdata)
    _BASE_ADR                                0x08008f30   Data           4  file_config.o(.constdata)
    SpiDev                                   0x08008f34   Data           8  file_config.o(.constdata)
    _SpiNumSect                              0x08008f3c   Data           2  file_config.o(.constdata)
    _SpiBlFREE                               0x08008f40   Data           4  file_config.o(.constdata)
    RamDev                                   0x08008f44   Data           8  file_config.o(.constdata)
    _RamNumSect                              0x08008f4c   Data           2  file_config.o(.constdata)
    _MC_CSIZE                                0x08008f4e   Data           2  file_config.o(.constdata)
    Font_6x8_Data                            0x08008ffc   Data        1536  font_6x8.o(.constdata)
    FONT_6x8                                 0x080095fc   Data           8  font_6x8.o(.constdata)
    _monlen                                  0x08009615   Data          12  _monlen.o(.constdata)
    Region$$Table$$Base                      0x08009624   Number         0  anon$$obj.o(Region$$Table)
    Region$$Table$$Limit                     0x08009644   Number         0  anon$$obj.o(Region$$Table)
    GLOBAL_TIMER_1ms                         0x20000000   Data           4  main.o(.data)
    POWER_OFF                                0x20000004   Data           4  main.o(.data)
    GLOBAL_ERROR                             0x20000008   Data           4  main.o(.data)
    USB_CONNECT                              0x2000000c   Data           1  main.o(.data)
    measure_stat                             0x2000000d   Data           1  main.o(.data)
    Num_of_Signals                           0x20000010   Data           4  main.o(.data)
    test_reg                                 0x20000014   Data           2  main.o(.data)
    Sec_timer                                0x20000016   Data           2  main.o(.data)
    Moto_Sec                                 0x20000018   Data           2  main.o(.data)
    Flag_1S                                  0x2000001a   Data           1  main.o(.data)
    k_reg                                    0x2000001c   Data           4  main.o(.data)
    T                                        0x20000020   Data           2  main.o(.data)
    GPIO_InitStructure                       0x20000022   Data           4  main.o(.data)
    i                                        0x20000038   Data           1  ext_adc.o(.data)
    f                                        0x20000039   Data           1  ext_adc.o(.data)
    ext_adc_DATA                             0x2000003c   Data           4  ext_adc.o(.data)
    ext_adc_COUNT                            0x20000040   Data           2  ext_adc.o(.data)
    ext_adc_XCOUNT                           0x20000042   Data           2  ext_adc.o(.data)
    ext_adc_VALUE                            0x20000044   Data           4  ext_adc.o(.data)
    ext_mode_reg                             0x20000048   Data           2  ext_adc.o(.data)
    ext_adc_DELAY                            0x2000004c   Data           4  ext_adc.o(.data)
    ext_adc_VAL                              0x20000050   Data           4  ext_adc.o(.data)
    ext_adc_OVER                             0x20000054   Data           1  ext_adc.o(.data)
    k_reg_mul                                0x20000058   Data           4  ext_adc.o(.data)
    INDEX                                    0x2000005c   Data           1  ext_adc.o(.data)
    DECIMATOR                                0x2000005d   Data           1  ext_adc.o(.data)
    FILTER_1_ONE_SECTION                     0x20000060   Data          48  ext_adc.o(.data)
    FILTER_1_TWO_SECTION                     0x20000090   Data          48  ext_adc.o(.data)
    FILTER_2_ONE_SECTION                     0x200000c0   Data          48  ext_adc.o(.data)
    FILTER_2_TWO_SECTION                     0x200000f0   Data          48  ext_adc.o(.data)
    FILTER_3_ONE_SECTION                     0x20000120   Data          48  ext_adc.o(.data)
    FILTER_3_TWO_SECTION                     0x20000150   Data          48  ext_adc.o(.data)
    FILTER_4_ONE_SECTION                     0x20000180   Data          48  ext_adc.o(.data)
    FILTER_4_TWO_SECTION                     0x200001b0   Data          48  ext_adc.o(.data)
    FILTER_5_ONE_SECTION                     0x200001e0   Data          48  ext_adc.o(.data)
    FILTER_5_TWO_SECTION                     0x20000210   Data          48  ext_adc.o(.data)
    FILTER_6_ONE_SECTION                     0x20000240   Data          48  ext_adc.o(.data)
    FILTER_6_TWO_SECTION                     0x20000270   Data          48  ext_adc.o(.data)
    FILTER_7_ONE_SECTION                     0x200002a0   Data          48  ext_adc.o(.data)
    FILTER_7_TWO_SECTION                     0x200002d0   Data          48  ext_adc.o(.data)
    FILTER_8_ONE_SECTION                     0x20000300   Data          48  ext_adc.o(.data)
    FILTER_9_ONE_SECTION                     0x20000330   Data          48  ext_adc.o(.data)
    FILTER_10_TWO_SECTION                    0x20000360   Data          48  ext_adc.o(.data)
    FILTER_11_ONE_SECTION                    0x20000390   Data          48  ext_adc.o(.data)
    FILTER_12_ONE_SECTION                    0x200003c0   Data          48  ext_adc.o(.data)
    INTEGRATOR_2Hz_25                        0x200003f0   Data          48  ext_adc.o(.data)
    INTEGRATOR_2Hz                           0x20000420   Data          48  ext_adc.o(.data)
    INTEGRATOR_5Hz                           0x20000450   Data          48  ext_adc.o(.data)
    INTEGRATOR_10Hz                          0x20000480   Data          48  ext_adc.o(.data)
    INTEGRATOR_10Hz_ONE_SECTION              0x200004b0   Data          48  ext_adc.o(.data)
    INTEGRATOR_10Hz_TWO_SECTION              0x200004e0   Data          48  ext_adc.o(.data)
    FILTER_70_ONE_SECTION                    0x20000510   Data          48  ext_adc.o(.data)
    FILTER_70_TWO_SECTION                    0x20000540   Data          48  ext_adc.o(.data)
    pHPF_1section                            0x20000570   Data           4  ext_adc.o(.data)
    pHPF_2section                            0x20000574   Data           4  ext_adc.o(.data)
    pLPF_1section                            0x20000578   Data           4  ext_adc.o(.data)
    pLPF_2section                            0x2000057c   Data           4  ext_adc.o(.data)
    pINTEGRAL_1section                       0x20000580   Data           4  ext_adc.o(.data)
    pINTEGRAL_2section                       0x20000584   Data           4  ext_adc.o(.data)
    key_STATE                                0x20000588   Data           1  keyboard.o(.data)
    key_OLD                                  0x20000589   Data           1  keyboard.o(.data)
    key_EVENT                                0x2000058c   Data           4  keyboard.o(.data)
    key_bounce                               0x20000590   Data           1  keyboard.o(.data)
    DataFlash_ID                             0x20000591   Data           3  flash_at45db.o(.data)
    SDHC_1                                   0x20000594   Data           1  flash_at45db.o(.data)
    MemOK                                    0x20000598   Data           4  mscuser.o(.data)
    Offset                                   0x2000059c   Data           4  mscuser.o(.data)
    Length                                   0x200005a0   Data           4  mscuser.o(.data)
    BulkStage                                0x200005a4   Data           1  mscuser.o(.data)
    BulkLen                                  0x200005a5   Data           1  mscuser.o(.data)
    USB_DeviceStatus                         0x200005a8   Data           2  usbcore.o(.data)
    USB_DeviceAddress                        0x200005aa   Data           1  usbcore.o(.data)
    USB_Configuration                        0x200005ab   Data           1  usbcore.o(.data)
    USB_EndPointMask                         0x200005ac   Data           4  usbcore.o(.data)
    USB_EndPointHalt                         0x200005b0   Data           4  usbcore.o(.data)
    USB_NumInterfaces                        0x200005b4   Data           1  usbcore.o(.data)
    USB_AltSetting                           0x200005b5   Data           4  usbcore.o(.data)
    EP0Buf                                   0x200005b9   Data           8  usbcore.o(.data)
    EP0Data                                  0x200005c4   Data           8  usbcore.o(.data)
    SetupPacket                              0x200005cc   Data           8  usbcore.o(.data)
    pBUF_DSCR                                0x200005d4   Data           4  usbhw.o(.data)
    FreeBufAddr                              0x200005d8   Data           2  usbhw.o(.data)
    vga_MODE                                 0x200005f0   Data           1  vga_lib.o(.data)
    text_pos_x                               0x200005f1   Data           1  vga_lib.o(.data)
    text_pos_y                               0x200005f2   Data           1  vga_lib.o(.data)
    men_STATUS                               0x200005f4   Data           1  menu.o(.data)
    men_SAVE_STATUS                          0x200005f5   Data           1  menu.o(.data)
    men_EVENT                                0x200005f6   Data           1  menu.o(.data)
    men_ID_FORM                              0x200005f7   Data           1  menu.o(.data)
    men_TIMER                                0x200005f8   Data           2  menu.o(.data)
    men_TIME_REF                             0x200005fa   Data           2  menu.o(.data)
    men_TIME_MES                             0x200005fc   Data           2  menu.o(.data)
    men_TIME_PAROL                           0x200005fe   Data           2  menu.o(.data)
    men_LEVEL_ACCES                          0x20000600   Data           1  menu.o(.data)
    men_POINTER                              0x20000602   Data           2  menu.o(.data)
    men_START_POINTER                        0x20000604   Data           2  menu.o(.data)
    men_cp                                   0x20000606   Data           1  menu.o(.data)
    men_cc                                   0x20000607   Data           1  menu.o(.data)
    men_s                                    0x20000608   Data           1  menu.o(.data)
    men_CURSOR_STR                           0x20000609   Data           1  menu.o(.data)
    men_CONFIG_SYS                           0x2000060a   Data           1  menu.o(.data)
    men_LEVEL_POINT                          0x2000060c   Data           6  menu.o(.data)
    men_LEVEL_CUR                            0x20000612   Data           3  menu.o(.data)
    men_LEVEL                                0x20000615   Data           1  menu.o(.data)
    men_temp                                 0x20000618   Data           4  menu.o(.data)
    road_pos                                 0x2000061c   Data           4  menu.o(.data)
    road_cursor_pos                          0x20000620   Data           4  menu.o(.data)
    Road_Number                              0x20000624   Data           1  menu.o(.data)
    SDHC                                     0x20000634   Data           1  spi_sd.o(.data)
    __aeabi_stdin                            0x20000644   Data           4  stdio_streams.o(.data)
    __aeabi_stdout                           0x20000648   Data           4  stdio_streams.o(.data)
    __aeabi_stderr                           0x2000064c   Data           4  stdio_streams.o(.data)
    ext_adc_SIM                              0x20000650   Data       50000  ext_adc.o(.bss)
    SAMPLE                                   0x2000c9a0   Data          16  ext_adc.o(.bss)
    DETECTOR                                 0x2000c9b0   Data          48  ext_adc.o(.bss)
    DATA_REG                                 0x2000c9ec   Data          54  reg.o(.bss)
    RTC_TM                                   0x2000ca24   Data          44  realtime.o(.bss)
    BulkBuf                                  0x2000ca50   Data          64  mscuser.o(.bss)
    CBW                                      0x2000ca90   Data          31  mscuser.o(.bss)
    CSW                                      0x2000caaf   Data          13  mscuser.o(.bss)
    _iob                                     0x2000cabc   Data         832  file_config.o(.bss)
    mc_cache                                 0x2000cdfc   Data        1024  file_config.o(.bss)
    VGA_RAM                                  0x2000d350   Data        1024  vga_lib.o(.bss)
    __stdin                                  0x2000d77c   Data          84  stdio_streams.o(.bss)
    __stdout                                 0x2000d7d0   Data          84  stdio_streams.o(.bss)
    __stderr                                 0x2000d824   Data          84  stdio_streams.o(.bss)
    __libspace_start                         0x2000d878   Data          96  libspace.o(.bss)
    __temporary_stack_top$libspace           0x2000d8d8   Data           0  libspace.o(.bss)



==============================================================================

Memory Map of the image

  Image Entry point : 0x080000ed

  Load Region LR_IROM1 (Base: 0x08000000, Size: 0x00009c94, Max: 0x00080000, ABSOLUTE, COMPRESSED[0x00009928])

    Execution Region ER_IROM1 (Base: 0x08000000, Size: 0x00009644, Max: 0x00080000, ABSOLUTE)

    Base Addr    Size         Type   Attr      Idx    E Section Name        Object

    0x08000000   0x000000ec   Data   RO         2667    RESET               startup_stm32f10x_md.o
    0x080000ec   0x00000008   Code   RO         4413  * !!!main             c_w.l(__main.o)
    0x080000f4   0x00000034   Code   RO         4921    !!!scatter          c_w.l(__scatter.o)
    0x08000128   0x00000064   Code   RO         4919    !!dclz77c           c_w.l(__dclz77c.o)
    0x0800018c   0x0000001c   Code   RO         4923    !!handler_zi        c_w.l(__scatter_zi.o)
    0x080001a8   0x00000000   Code   RO         4367    .ARM.Collect$$_printf_percent$$00000000  c_w.l(_printf_percent.o)
    0x080001a8   0x00000006   Code   RO         4364    .ARM.Collect$$_printf_percent$$00000009  c_w.l(_printf_d.o)
    0x080001ae   0x00000006   Code   RO         4363    .ARM.Collect$$_printf_percent$$00000014  c_w.l(_printf_s.o)
    0x080001b4   0x00000004   Code   RO         4566    .ARM.Collect$$_printf_percent$$00000017  c_w.l(_printf_percent_end.o)
    0x080001b8   0x00000002   Code   RO         4836    .ARM.Collect$$libinit$$00000000  c_w.l(libinit.o)
    0x080001ba   0x00000000   Code   RO         4719    .ARM.Collect$$libinit$$00000002  c_w.l(libinit2.o)
    0x080001ba   0x00000000   Code   RO         4721    .ARM.Collect$$libinit$$00000004  c_w.l(libinit2.o)
    0x080001ba   0x00000008   Code   RO         4722    .ARM.Collect$$libinit$$00000005  c_w.l(libinit2.o)
    0x080001c2   0x00000000   Code   RO         4724    .ARM.Collect$$libinit$$0000000A  c_w.l(libinit2.o)
    0x080001c2   0x00000000   Code   RO         4726    .ARM.Collect$$libinit$$0000000C  c_w.l(libinit2.o)
    0x080001c2   0x00000000   Code   RO         4728    .ARM.Collect$$libinit$$0000000E  c_w.l(libinit2.o)
    0x080001c2   0x00000000   Code   RO         4731    .ARM.Collect$$libinit$$00000011  c_w.l(libinit2.o)
    0x080001c2   0x00000000   Code   RO         4733    .ARM.Collect$$libinit$$00000013  c_w.l(libinit2.o)
    0x080001c2   0x00000000   Code   RO         4735    .ARM.Collect$$libinit$$00000015  c_w.l(libinit2.o)
    0x080001c2   0x00000000   Code   RO         4737    .ARM.Collect$$libinit$$00000017  c_w.l(libinit2.o)
    0x080001c2   0x00000000   Code   RO         4739    .ARM.Collect$$libinit$$00000019  c_w.l(libinit2.o)
    0x080001c2   0x00000000   Code   RO         4741    .ARM.Collect$$libinit$$0000001B  c_w.l(libinit2.o)
    0x080001c2   0x00000000   Code   RO         4743    .ARM.Collect$$libinit$$0000001D  c_w.l(libinit2.o)
    0x080001c2   0x00000000   Code   RO         4745    .ARM.Collect$$libinit$$0000001F  c_w.l(libinit2.o)
    0x080001c2   0x00000000   Code   RO         4747    .ARM.Collect$$libinit$$00000021  c_w.l(libinit2.o)
    0x080001c2   0x00000000   Code   RO         4749    .ARM.Collect$$libinit$$00000023  c_w.l(libinit2.o)
    0x080001c2   0x00000004   Code   RO         4750    .ARM.Collect$$libinit$$00000024  c_w.l(libinit2.o)
    0x080001c6   0x00000000   Code   RO         4751    .ARM.Collect$$libinit$$00000025  c_w.l(libinit2.o)
    0x080001c6   0x00000000   Code   RO         4755    .ARM.Collect$$libinit$$0000002C  c_w.l(libinit2.o)
    0x080001c6   0x00000000   Code   RO         4757    .ARM.Collect$$libinit$$0000002E  c_w.l(libinit2.o)
    0x080001c6   0x00000000   Code   RO         4759    .ARM.Collect$$libinit$$00000030  c_w.l(libinit2.o)
    0x080001c6   0x00000000   Code   RO         4761    .ARM.Collect$$libinit$$00000032  c_w.l(libinit2.o)
    0x080001c6   0x00000002   Code   RO         4762    .ARM.Collect$$libinit$$00000033  c_w.l(libinit2.o)
    0x080001c8   0x00000002   Code   RO         4902    .ARM.Collect$$libshutdown$$00000000  c_w.l(libshutdown.o)
    0x080001ca   0x00000004   Code   RO         4838    .ARM.Collect$$libshutdown$$00000002  c_w.l(libshutdown2.o)
    0x080001ce   0x00000000   Code   RO         4839    .ARM.Collect$$libshutdown$$00000003  c_w.l(libshutdown2.o)
    0x080001ce   0x00000000   Code   RO         4842    .ARM.Collect$$libshutdown$$00000006  c_w.l(libshutdown2.o)
    0x080001ce   0x00000000   Code   RO         4845    .ARM.Collect$$libshutdown$$00000009  c_w.l(libshutdown2.o)
    0x080001ce   0x00000000   Code   RO         4847    .ARM.Collect$$libshutdown$$0000000B  c_w.l(libshutdown2.o)
    0x080001ce   0x00000000   Code   RO         4850    .ARM.Collect$$libshutdown$$0000000E  c_w.l(libshutdown2.o)
    0x080001ce   0x00000002   Code   RO         4851    .ARM.Collect$$libshutdown$$0000000F  c_w.l(libshutdown2.o)
    0x080001d0   0x00000000   Code   RO         4489    .ARM.Collect$$rtentry$$00000000  c_w.l(__rtentry.o)
    0x080001d0   0x00000000   Code   RO         4615    .ARM.Collect$$rtentry$$00000002  c_w.l(__rtentry2.o)
    0x080001d0   0x00000006   Code   RO         4627    .ARM.Collect$$rtentry$$00000004  c_w.l(__rtentry4.o)
    0x080001d6   0x00000000   Code   RO         4617    .ARM.Collect$$rtentry$$00000009  c_w.l(__rtentry2.o)
    0x080001d6   0x00000004   Code   RO         4618    .ARM.Collect$$rtentry$$0000000A  c_w.l(__rtentry2.o)
    0x080001da   0x00000000   Code   RO         4620    .ARM.Collect$$rtentry$$0000000C  c_w.l(__rtentry2.o)
    0x080001da   0x00000008   Code   RO         4621    .ARM.Collect$$rtentry$$0000000D  c_w.l(__rtentry2.o)
    0x080001e2   0x00000002   Code   RO         4854    .ARM.Collect$$rtexit$$00000000  c_w.l(rtexit.o)
    0x080001e4   0x00000000   Code   RO         4881    .ARM.Collect$$rtexit$$00000002  c_w.l(rtexit2.o)
    0x080001e4   0x00000004   Code   RO         4882    .ARM.Collect$$rtexit$$00000003  c_w.l(rtexit2.o)
    0x080001e8   0x00000006   Code   RO         4883    .ARM.Collect$$rtexit$$00000004  c_w.l(rtexit2.o)
    0x080001ee   0x00000002   PAD
    0x080001f0   0x00000020   Code   RO          909    .emb_text           core_cm3.o
    0x08000210   0x00000000   Code   RO         4778    .emb_text           c_w.l(maybetermalloc1.o)
    0x08000210   0x000008e0   Code   RO            1    .text               main.o
    0x08000af0   0x0000006c   Code   RO          260    .text               stm32f10x_it.o
    0x08000b5c   0x00000268   Code   RO          318    .text               iir.o
    0x08000dc4   0x0000007c   Code   RO          406    .text               adc.o
    0x08000e40   0x00000040   Code   RO          436    .text               flash.o
    0x08000e80   0x000004f8   Code   RO          524    .text               ext_adc.o
    0x08001378   0x0000028c   Code   RO          601    .text               keyboard.o
    0x08001604   0x00000090   Code   RO          640    .text               reg.o
    0x08001694   0x0000006c   Code   RO          685    .text               realtime.o
    0x08001700   0x0000031c   Code   RO          770    .text               flash_at45db.o
    0x08001a1c   0x0000013c   Code   RO          876    .text               system_stm32f10x.o
    0x08001b58   0x00000084   Code   RO          921    .text               misc.o
    0x08001bdc   0x00000054   Code   RO          972    .text               stm32f10x_rcc.o
    0x08001c30   0x00000078   Code   RO         1151    .text               stm32f10x_usart.o
    0x08001ca8   0x00000146   Code   RO         1290    .text               stm32f10x_gpio.o
    0x08001dee   0x00000002   PAD
    0x08001df0   0x00000158   Code   RO         1433    .text               stm32f10x_adc.o
    0x08001f48   0x00000014   Code   RO         1621    .text               stm32f10x_rtc.o
    0x08001f5c   0x000000b8   Code   RO         1708    .text               stm32f10x_spi.o
    0x08002014   0x00000126   Code   RO         1835    .text               stm32f10x_tim.o
    0x0800213a   0x00000002   PAD
    0x0800213c   0x00000154   Code   RO         2554    .text               stm32f10x_flash.o
    0x08002290   0x00000038   Code   RO         2668    .text               startup_stm32f10x_md.o
    0x080022c8   0x00000022   Code   RO         2684    .text               usbuser.o
    0x080022ea   0x00000002   PAD
    0x080022ec   0x0000060c   Code   RO         2804    .text               mscuser.o
    0x080028f8   0x00000318   Code   RO         2837    .text               usbcore.o
    0x08002c10   0x00000458   Code   RO         2908    .text               usbhw.o
    0x08003068   0x00000114   Code   RO         2941    .text               retarget.o
    0x0800317c   0x0000008c   Code   RO         3006    .text               _fs_fclose.o
    0x08003208   0x00000134   Code   RO         3018    .text               _fs_fcreate.o
    0x0800333c   0x0000008c   Code   RO         3044    .text               _fs_fdelete.o
    0x080033c8   0x00000578   Code   RO         3056    .text               _fs_flashio.o
    0x08003940   0x000001f0   Code   RO         3080    .text               _fs_fopen.o
    0x08003b30   0x000000cc   Code   RO         3104    .text               _fs_getfsize.o
    0x08003bfc   0x000000bc   Code   RO         3116    .text               _fs_read.o
    0x08003cb8   0x00000130   Code   RO         3128    .text               _fs_setfpos.o
    0x08003de8   0x00000114   Code   RO         3140    .text               _fs_write.o
    0x08003efc   0x00000094   Code   RO         3213    .text               fs_fdelete.o
    0x08003f90   0x00000034   Code   RO         3252    .text               fs_flashprg.o
    0x08003fc4   0x00000150   Code   RO         3294    .text               fs_lib.o
    0x08004114   0x00000084   Code   RO         3315    .text               fs_time.o
    0x08004198   0x0000295c   Code   RO         3377    .text               fs_fat.o
    0x08006af4   0x00000138   Code   RO         3447    .text               ssd1303.o
    0x08006c2c   0x0000020c   Code   RO         3477    .text               vga_lib.o
    0x08006e38   0x00000088   Code   RO         3786    .text               menu.o
    0x08006ec0   0x000003e0   Code   RO         4267    .text               spi_sd.o
    0x080072a0   0x00000002   Code   RO         4324    .text               c_w.l(use_no_semi.o)
    0x080072a2   0x00000002   PAD
    0x080072a4   0x00000028   Code   RO         4332    .text               c_w.l(noretval__2sprintf.o)
    0x080072cc   0x00000052   Code   RO         4338    .text               c_w.l(_printf_str.o)
    0x0800731e   0x00000002   PAD
    0x08007320   0x00000078   Code   RO         4340    .text               c_w.l(_printf_dec.o)
    0x08007398   0x00000138   Code   RO         4354    .text               c_w.l(__printf_flags_wp.o)
    0x080074d0   0x000000f8   Code   RO         4374    .text               c_w.l(fseek.o)
    0x080075c8   0x000000ec   Code   RO         4378    .text               c_w.l(fopen.o)
    0x080076b4   0x0000004c   Code   RO         4380    .text               c_w.l(fclose.o)
    0x08007700   0x0000003e   Code   RO         4390    .text               c_w.l(strlen.o)
    0x0800773e   0x0000008a   Code   RO         4394    .text               c_w.l(rt_memcpy_v6.o)
    0x080077c8   0x00000064   Code   RO         4396    .text               c_w.l(rt_memcpy_w.o)
    0x0800782c   0x00000010   Code   RO         4398    .text               c_w.l(aeabi_memset.o)
    0x0800783c   0x00000044   Code   RO         4400    .text               c_w.l(rt_memclr.o)
    0x08007880   0x0000004e   Code   RO         4402    .text               c_w.l(rt_memclr_w.o)
    0x080078ce   0x00000002   PAD
    0x080078d0   0x00000080   Code   RO         4404    .text               c_w.l(strcmpv7m.o)
    0x08007950   0x0000000c   Code   RO         4406    .text               c_w.l(localtime.o)
    0x0800795c   0x00000006   Code   RO         4411    .text               c_w.l(heapauxi.o)
    0x08007962   0x0000005e   Code   RO         4494    .text               c_w.l(h1_alloc.o)
    0x080079c0   0x0000004e   Code   RO         4496    .text               c_w.l(h1_free.o)
    0x08007a0e   0x000000b2   Code   RO         4554    .text               c_w.l(_printf_intcommon.o)
    0x08007ac0   0x00000030   Code   RO         4558    .text               c_w.l(_printf_char_common.o)
    0x08007af0   0x0000000a   Code   RO         4560    .text               c_w.l(_sputc.o)
    0x08007afa   0x0000002c   Code   RO         4562    .text               c_w.l(_printf_char.o)
    0x08007b26   0x00000042   Code   RO         4577    .text               c_w.l(ftell.o)
    0x08007b68   0x000000f0   Code   RO         4579    .text               c_w.l(stdio.o)
    0x08007c58   0x000000b8   Code   RO         4593    .text               c_w.l(localtime_internal.o)
    0x08007d10   0x00000008   Code   RO         4632    .text               c_w.l(rt_heap_descriptor_intlibspace.o)
    0x08007d18   0x00000008   Code   RO         4642    .text               c_w.l(rt_errno_addr_intlibspace.o)
    0x08007d20   0x00000004   Code   RO         4644    .text               c_w.l(hguard.o)
    0x08007d24   0x0000008a   Code   RO         4646    .text               c_w.l(init_alloc.o)
    0x08007dae   0x0000000e   Code   RO         4650    .text               c_w.l(h1_init.o)
    0x08007dbc   0x0000023a   Code   RO         4701    .text               c_w.l(filbuf.o)
    0x08007ff6   0x00000002   PAD
    0x08007ff8   0x00000138   Code   RO         4705    .text               c_w.l(initio.o)
    0x08008130   0x00000008   Code   RO         4771    .text               c_w.l(libspace.o)
    0x08008138   0x0000004a   Code   RO         4774    .text               c_w.l(sys_stackheap_outer.o)
    0x08008182   0x00000034   Code   RO         4780    .text               c_w.l(h1_extend.o)
    0x080081b6   0x00000046   Code   RO         4792    .text               c_w.l(setvbuf.o)
    0x080081fc   0x00000118   Code   RO         4796    .text               c_w.l(freadfast.o)
    0x08008314   0x00000038   Code   RO         4802    .text               c_w.l(flushlinebuffered.o)
    0x0800834c   0x0000000c   Code   RO         4814    .text               c_w.l(exit.o)
    0x08008358   0x0000000e   Code   RO         4816    .text               c_w.l(defsig_rtred_outer.o)
    0x08008366   0x0000000e   Code   RO         4820    .text               c_w.l(defsig_rtmem_outer.o)
    0x08008374   0x00000064   Code   RO         4862    .text               c_w.l(fflush.o)
    0x080083d8   0x0000000a   Code   RO         4870    .text               c_w.l(defsig_exit.o)
    0x080083e2   0x00000002   PAD
    0x080083e4   0x00000034   Code   RO         4872    .text               c_w.l(defsig_rtred_inner.o)
    0x08008418   0x00000050   Code   RO         4874    .text               c_w.l(defsig_rtmem_inner.o)
    0x08008468   0x00000032   Code   RO         4896    .text               c_w.l(defsig_general.o)
    0x0800849a   0x00000002   PAD
    0x0800849c   0x000000a8   Code   RO         2861    i.USB_GetDescriptor  usbcore.o
    0x08008544   0x000000d0   Code   RO         2849    i.USB_GetStatus     usbcore.o
    0x08008614   0x000000dc   Code   RO         2855    i.USB_SetClrFeature  usbcore.o
    0x080086f0   0x00000190   Code   RO         2867    i.USB_SetConfiguration  usbcore.o
    0x08008880   0x00000110   Code   RO         2873    i.USB_SetInterface  usbcore.o
    0x08008990   0x0000000e   Code   RO         4352    i._is_digit         c_w.l(__printf_wp.o)
    0x0800899e   0x00000002   PAD
    0x080089a0   0x00000184   Code   RO         4450    x$fpl$fdiv          fz_ws.l(fdiv.o)
    0x08008b24   0x00000036   Code   RO         4453    x$fpl$ffix          fz_ws.l(ffix.o)
    0x08008b5a   0x00000002   PAD
    0x08008b5c   0x00000030   Code   RO         4462    x$fpl$fflt          fz_ws.l(fflt_clz.o)
    0x08008b8c   0x00000026   Code   RO         4461    x$fpl$ffltu         fz_ws.l(fflt_clz.o)
    0x08008bb2   0x00000002   PAD
    0x08008bb4   0x00000102   Code   RO         4469    x$fpl$fmul          fz_ws.l(fmul.o)
    0x08008cb6   0x0000008c   Code   RO         4609    x$fpl$fnaninf       fz_ws.l(fnaninf.o)
    0x08008d42   0x0000000a   Code   RO         4611    x$fpl$fretinf       fz_ws.l(fretinf.o)
    0x08008d4c   0x00000000   Code   RO         4613    x$fpl$usenofp       fz_ws.l(usenofp.o)
    0x08008d4c   0x000000d0   Data   RO          628    .constdata          params.o
    0x08008e1c   0x00000040   Data   RO         2698    .constdata          usbuser.o
    0x08008e5c   0x000000a5   Data   RO         2896    .constdata          usbdesc.o
    0x08008f01   0x00000014   Data   RO         2945    .constdata          retarget.o
    0x08008f15   0x00000003   PAD
    0x08008f18   0x00000038   Data   RO         3153    .constdata          file_config.o
    0x08008f50   0x000000a9   Data   RO         3384    .constdata          fs_fat.o
    0x08008ff9   0x00000003   PAD
    0x08008ffc   0x00000608   Data   RO         3535    .constdata          font_6x8.o
    0x08009604   0x00000011   Data   RO         4355    .constdata          c_w.l(__printf_flags_wp.o)
    0x08009615   0x0000000c   Data   RO         4592    .constdata          c_w.l(_monlen.o)
    0x08009621   0x00000003   PAD
    0x08009624   0x00000020   Data   RO         4917    Region$$Table       anon$$obj.o


    Execution Region RW_IRAM1 (Base: 0x20000000, Size: 0x0000ded8, Max: 0x00010000, ABSOLUTE, COMPRESSED[0x000002e4])

    Base Addr    Size         Type   Attr      Idx    E Section Name        Object

    0x20000000   0x00000034   Data   RW           16    .data               main.o
    0x20000034   0x00000001   Data   RW          261    .data               stm32f10x_it.o
    0x20000035   0x00000003   PAD
    0x20000038   0x00000550   Data   RW          534    .data               ext_adc.o
    0x20000588   0x00000009   Data   RW          604    .data               keyboard.o
    0x20000591   0x00000004   Data   RW          781    .data               flash_at45db.o
    0x20000595   0x00000003   PAD
    0x20000598   0x0000000e   Data   RW         2806    .data               mscuser.o
    0x200005a6   0x00000002   PAD
    0x200005a8   0x0000002c   Data   RW         2838    .data               usbcore.o
    0x200005d4   0x00000006   Data   RW         2911    .data               usbhw.o
    0x200005da   0x00000002   PAD
    0x200005dc   0x00000014   Data   RW         3385    .data               fs_fat.o
    0x200005f0   0x00000003   Data   RW         3485    .data               vga_lib.o
    0x200005f3   0x00000001   PAD
    0x200005f4   0x00000040   Data   RW         3820    .data               menu.o
    0x20000634   0x0000000d   Data   RW         4275    .data               spi_sd.o
    0x20000641   0x00000003   PAD
    0x20000644   0x00000004   Data   RW         4585    .data               c_w.l(stdio_streams.o)
    0x20000648   0x00000004   Data   RW         4586    .data               c_w.l(stdio_streams.o)
    0x2000064c   0x00000004   Data   RW         4587    .data               c_w.l(stdio_streams.o)
    0x20000650   0x0000c39c   Zero   RW          532    .bss                ext_adc.o
    0x2000c9ec   0x00000036   Zero   RW          645    .bss                reg.o
    0x2000ca22   0x00000002   PAD
    0x2000ca24   0x0000002c   Zero   RW          695    .bss                realtime.o
    0x2000ca50   0x0000006c   Zero   RW         2805    .bss                mscuser.o
    0x2000cabc   0x00000740   Zero   RW         3152    .bss                file_config.o
    0x2000d1fc   0x00000154   Zero   RW         3383    .bss                fs_fat.o
    0x2000d350   0x00000400   Zero   RW         3484    .bss                vga_lib.o
    0x2000d750   0x0000002c   Zero   RW         4407    .bss                c_w.l(localtime.o)
    0x2000d77c   0x00000054   Zero   RW         4582    .bss                c_w.l(stdio_streams.o)
    0x2000d7d0   0x00000054   Zero   RW         4583    .bss                c_w.l(stdio_streams.o)
    0x2000d824   0x00000054   Zero   RW         4584    .bss                c_w.l(stdio_streams.o)
    0x2000d878   0x00000060   Zero   RW         4772    .bss                c_w.l(libspace.o)
    0x2000d8d8   0x00000200   Zero   RW         2666    HEAP                startup_stm32f10x_md.o
    0x2000dad8   0x00000400   Zero   RW         2665    STACK               startup_stm32f10x_md.o


==============================================================================

Image component sizes


      Code (inc. data)   RO Data    RW Data    ZI Data      Debug   Object Name

       140         10          0          0          0        883   _fs_fclose.o
       308          0          0          0          0       9820   _fs_fcreate.o
       140          0          0          0          0        975   _fs_fdelete.o
         0          0          0          0          0       8517   _fs_ffind.o
      1400         20          0          0          0       5936   _fs_flashio.o
       496         18          0          0          0       1378   _fs_fopen.o
       204          4          0          0          0       1089   _fs_getfsize.o
       188         10          0          0          0       1053   _fs_read.o
       304          8          0          0          0       1200   _fs_setfpos.o
       276          8          0          0          0       1110   _fs_write.o
       124          6          0          0          0        512   adc.o
         0          0          0          0          0        484   ccsbcs.o
        32          0          0          0          0        540   core_cm3.o
      1272        110          0       1360      50076       4648   ext_adc.o
         0          0         56          0       1856       4558   file_config.o
        64          4          0          0          0       1243   flash.o
       796         16          0          4          0       3006   flash_at45db.o
         0          0       1544          0          0        965   font_6x8.o
     10588        404        169         20        340      27455   fs_fat.o
       148         12          0          0          0        946   fs_fdelete.o
        52          0          0          0          0       1554   fs_flashprg.o
       336         40          0          0          0       2185   fs_lib.o
       132          0          0          0          0        734   fs_time.o
       616          4          0          0          0       2003   iir.o
       652         26          0          9          0       1299   keyboard.o
      2272        244          0         52          0     286870   main.o
       136         16          0         64          0       6269   menu.o
       132         18          0          0          0       1112   misc.o
      1548         68          0         14        108       6469   mscuser.o
         0          0        208          0          0        753   params.o
       108         12          0          0         44       2254   realtime.o
       144          8          0          0         54        782   reg.o
       276         28         20          0          0       3517   retarget.o
       992         32          0         13          0       5286   spi_sd.o
       312         36          0          0          0       1392   ssd1303.o
        56         22        236          0       1536        776   startup_stm32f10x_md.o
       344          8          0          0          0       4061   stm32f10x_adc.o
       340         12          0          0          0       2991   stm32f10x_flash.o
       326          0          0          0          0       3079   stm32f10x_gpio.o
       108         10          0          1          0       1436   stm32f10x_it.o
        84          6          0          0          0        939   stm32f10x_rcc.o
        20          4          0          0          0        461   stm32f10x_rtc.o
       184         14          0          0          0       2235   stm32f10x_spi.o
       294          0          0          0          0       4880   stm32f10x_tim.o
       120          0          0          0          0       2577   stm32f10x_usart.o
       316         18          0          0          0     211805   system_stm32f10x.o
      2060        198          0         44          0       7070   usbcore.o
         0          0        165          0          0        665   usbdesc.o
      1112         46          0          6          0       6692   usbhw.o
        34          0         64          0          0       6480   usbuser.o
       524         16          0          3       1024       3938   vga_lib.o
         0          0          0          0          0       8529   wav.o

    ----------------------------------------------------------------------
     30116       1516       2500       1604      55040     667411   Object Totals
         0          0         32          0          0          0   (incl. Generated)
         6          0          6         14          2          0   (incl. Padding)

    ----------------------------------------------------------------------

      Code (inc. data)   RO Data    RW Data    ZI Data      Debug   Library Member Name

       100          0          0          0          0          0   __dclz77c.o
         8          0          0          0          0         68   __main.o
       312          4         17          0          0         92   __printf_flags_wp.o
        14          0          0          0          0         68   __printf_wp.o
         0          0          0          0          0          0   __rtentry.o
        12          0          0          0          0          0   __rtentry2.o
         6          0          0          0          0          0   __rtentry4.o
        52          8          0          0          0          0   __scatter.o
        28          0          0          0          0          0   __scatter_zi.o
         0          0         12          0          0          0   _monlen.o
        44          0          0          0          0        108   _printf_char.o
        48          6          0          0          0         96   _printf_char_common.o
         6          0          0          0          0          0   _printf_d.o
       120         16          0          0          0         92   _printf_dec.o
       178          0          0          0          0         88   _printf_intcommon.o
         0          0          0          0          0          0   _printf_percent.o
         4          0          0          0          0          0   _printf_percent_end.o
         6          0          0          0          0          0   _printf_s.o
        82          0          0          0          0         80   _printf_str.o
        10          0          0          0          0         68   _sputc.o
        16          0          0          0          0         68   aeabi_memset.o
        10          0          0          0          0         68   defsig_exit.o
        50          0          0          0          0         88   defsig_general.o
        80         58          0          0          0         76   defsig_rtmem_inner.o
        14          0          0          0          0         80   defsig_rtmem_outer.o
        52         38          0          0          0         76   defsig_rtred_inner.o
        14          0          0          0          0         80   defsig_rtred_outer.o
        12          0          0          0          0         72   exit.o
        76          0          0          0          0         88   fclose.o
       100          4          0          0          0        120   fflush.o
       570          0          0          0          0        132   filbuf.o
        56          6          0          0          0         80   flushlinebuffered.o
       236          4          0          0          0        128   fopen.o
       280          0          0          0          0         96   freadfast.o
       248          6          0          0          0         84   fseek.o
        66          0          0          0          0         76   ftell.o
        94          0          0          0          0         80   h1_alloc.o
        52          0          0          0          0         68   h1_extend.o
        78          0          0          0          0         80   h1_free.o
        14          0          0          0          0         84   h1_init.o
         6          0          0          0          0        152   heapauxi.o
         4          0          0          0          0        136   hguard.o
       138          0          0          0          0        168   init_alloc.o
       312         46          0          0          0        112   initio.o
         2          0          0          0          0          0   libinit.o
        14          0          0          0          0          0   libinit2.o
         2          0          0          0          0          0   libshutdown.o
         6          0          0          0          0          0   libshutdown2.o
         8          4          0          0         96         68   libspace.o
        12          6          0          0         44         68   localtime.o
       184          6          0          0          0         80   localtime_internal.o
         0          0          0          0          0          0   maybetermalloc1.o
        40          6          0          0          0         84   noretval__2sprintf.o
         8          4          0          0          0         68   rt_errno_addr_intlibspace.o
         8          4          0          0          0         68   rt_heap_descriptor_intlibspace.o
        68          0          0          0          0         68   rt_memclr.o
        78          0          0          0          0         80   rt_memclr_w.o
       138          0          0          0          0         68   rt_memcpy_v6.o
       100          0          0          0          0         80   rt_memcpy_w.o
         2          0          0          0          0          0   rtexit.o
        10          0          0          0          0          0   rtexit2.o
        70          0          0          0          0         80   setvbuf.o
       240          6          0          0          0        156   stdio.o
         0          0          0         12        252          0   stdio_streams.o
       128          0          0          0          0         68   strcmpv7m.o
        62          0          0          0          0         76   strlen.o
        74          0          0          0          0         80   sys_stackheap_outer.o
         2          0          0          0          0         68   use_no_semi.o
       388         76          0          0          0         96   fdiv.o
        54          4          0          0          0         84   ffix.o
        86          0          0          0          0        136   fflt_clz.o
       258          4          0          0          0         84   fmul.o
       140          4          0          0          0         84   fnaninf.o
        10          0          0          0          0         68   fretinf.o
         0          0          0          0          0          0   usenofp.o

    ----------------------------------------------------------------------
      5820        320         32         12        392       4864   Library Totals
        20          0          3          0          0          0   (incl. Padding)

    ----------------------------------------------------------------------

      Code (inc. data)   RO Data    RW Data    ZI Data      Debug   Library Name

      4864        232         29         12        392       4312   c_w.l
       936         88          0          0          0        552   fz_ws.l

    ----------------------------------------------------------------------
      5820        320         32         12        392       4864   Library Totals

    ----------------------------------------------------------------------

==============================================================================


      Code (inc. data)   RO Data    RW Data    ZI Data      Debug   

     35936       1836       2532       1616      55432     665927   Grand Totals
     35936       1836       2532        740      55432     665927   ELF Image Totals (compressed)
     35936       1836       2532        740          0          0   ROM Totals

==============================================================================

    Total RO  Size (Code + RO Data)                38468 (  37.57kB)
    Total RW  Size (RW Data + ZI Data)             57048 (  55.71kB)
    Total ROM Size (Code + RO Data + RW Data)      39208 (  38.29kB)

==============================================================================

